Archive member included to satisfy reference by file (symbol)

d:/rt-thread/rt-threadstudio/repo/extract/toolchain_support_packages/arm/gnu_tools_for_arm_embedded_processors/10.2.1/bin/../lib/gcc/arm-none-eabi/10.2.1/../../../../arm-none-eabi/lib/thumb/v8-m.main+fp/hard\libc.a(lib_a-atoi.o)
                              ./rt-thread/components/finsh/msh_file.o (atoi)
d:/rt-thread/rt-threadstudio/repo/extract/toolchain_support_packages/arm/gnu_tools_for_arm_embedded_processors/10.2.1/bin/../lib/gcc/arm-none-eabi/10.2.1/../../../../arm-none-eabi/lib/thumb/v8-m.main+fp/hard\libc.a(lib_a-exit.o)
                              d:/rt-thread/rt-threadstudio/repo/extract/toolchain_support_packages/arm/gnu_tools_for_arm_embedded_processors/10.2.1/bin/../lib/gcc/arm-none-eabi/10.2.1/../../../../arm-none-eabi/lib/thumb/v8-m.main+fp/hard/crt0.o (exit)
d:/rt-thread/rt-threadstudio/repo/extract/toolchain_support_packages/arm/gnu_tools_for_arm_embedded_processors/10.2.1/bin/../lib/gcc/arm-none-eabi/10.2.1/../../../../arm-none-eabi/lib/thumb/v8-m.main+fp/hard\libc.a(lib_a-impure.o)
                              d:/rt-thread/rt-threadstudio/repo/extract/toolchain_support_packages/arm/gnu_tools_for_arm_embedded_processors/10.2.1/bin/../lib/gcc/arm-none-eabi/10.2.1/../../../../arm-none-eabi/lib/thumb/v8-m.main+fp/hard\libc.a(lib_a-exit.o) (_global_impure_ptr)
d:/rt-thread/rt-threadstudio/repo/extract/toolchain_support_packages/arm/gnu_tools_for_arm_embedded_processors/10.2.1/bin/../lib/gcc/arm-none-eabi/10.2.1/../../../../arm-none-eabi/lib/thumb/v8-m.main+fp/hard\libc.a(lib_a-memcmp.o)
                              ./rt-thread/components/finsh/shell.o (memcmp)
d:/rt-thread/rt-threadstudio/repo/extract/toolchain_support_packages/arm/gnu_tools_for_arm_embedded_processors/10.2.1/bin/../lib/gcc/arm-none-eabi/10.2.1/../../../../arm-none-eabi/lib/thumb/v8-m.main+fp/hard\libc.a(lib_a-memcpy.o)
                              ./ra/fsp/src/r_sci_uart/r_sci_uart.o (memcpy)
d:/rt-thread/rt-threadstudio/repo/extract/toolchain_support_packages/arm/gnu_tools_for_arm_embedded_processors/10.2.1/bin/../lib/gcc/arm-none-eabi/10.2.1/../../../../arm-none-eabi/lib/thumb/v8-m.main+fp/hard\libc.a(lib_a-memset.o)
                              d:/rt-thread/rt-threadstudio/repo/extract/toolchain_support_packages/arm/gnu_tools_for_arm_embedded_processors/10.2.1/bin/../lib/gcc/arm-none-eabi/10.2.1/../../../../arm-none-eabi/lib/thumb/v8-m.main+fp/hard/crt0.o (memset)
d:/rt-thread/rt-threadstudio/repo/extract/toolchain_support_packages/arm/gnu_tools_for_arm_embedded_processors/10.2.1/bin/../lib/gcc/arm-none-eabi/10.2.1/../../../../arm-none-eabi/lib/thumb/v8-m.main+fp/hard\libc.a(lib_a-strcmp.o)
                              ./rt-thread/components/finsh/msh_file.o (strcmp)
d:/rt-thread/rt-threadstudio/repo/extract/toolchain_support_packages/arm/gnu_tools_for_arm_embedded_processors/10.2.1/bin/../lib/gcc/arm-none-eabi/10.2.1/../../../../arm-none-eabi/lib/thumb/v8-m.main+fp/hard\libc.a(lib_a-strcpy.o)
                              ./rt-thread/components/finsh/msh.o (strcpy)
d:/rt-thread/rt-threadstudio/repo/extract/toolchain_support_packages/arm/gnu_tools_for_arm_embedded_processors/10.2.1/bin/../lib/gcc/arm-none-eabi/10.2.1/../../../../arm-none-eabi/lib/thumb/v8-m.main+fp/hard\libc.a(lib_a-strlen-stub.o)
                              ./rt-thread/components/finsh/msh.o (strlen)
d:/rt-thread/rt-threadstudio/repo/extract/toolchain_support_packages/arm/gnu_tools_for_arm_embedded_processors/10.2.1/bin/../lib/gcc/arm-none-eabi/10.2.1/../../../../arm-none-eabi/lib/thumb/v8-m.main+fp/hard\libc.a(lib_a-strncmp.o)
                              ./rt-thread/components/finsh/msh.o (strncmp)
d:/rt-thread/rt-threadstudio/repo/extract/toolchain_support_packages/arm/gnu_tools_for_arm_embedded_processors/10.2.1/bin/../lib/gcc/arm-none-eabi/10.2.1/../../../../arm-none-eabi/lib/thumb/v8-m.main+fp/hard\libc.a(lib_a-strncpy.o)
                              ./rt-thread/components/finsh/shell.o (strncpy)
d:/rt-thread/rt-threadstudio/repo/extract/toolchain_support_packages/arm/gnu_tools_for_arm_embedded_processors/10.2.1/bin/../lib/gcc/arm-none-eabi/10.2.1/../../../../arm-none-eabi/lib/thumb/v8-m.main+fp/hard\libc.a(lib_a-strrchr.o)
                              ./rt-thread/components/dfs/src/dfs_file.o (strrchr)
d:/rt-thread/rt-threadstudio/repo/extract/toolchain_support_packages/arm/gnu_tools_for_arm_embedded_processors/10.2.1/bin/../lib/gcc/arm-none-eabi/10.2.1/../../../../arm-none-eabi/lib/thumb/v8-m.main+fp/hard\libc.a(lib_a-strstr.o)
                              ./rt-thread/components/finsh/msh_file.o (strstr)
d:/rt-thread/rt-threadstudio/repo/extract/toolchain_support_packages/arm/gnu_tools_for_arm_embedded_processors/10.2.1/bin/../lib/gcc/arm-none-eabi/10.2.1/../../../../arm-none-eabi/lib/thumb/v8-m.main+fp/hard\libc.a(lib_a-strtol.o)
[...]
Memory Configuration

Name             Origin             Length             Attributes
FLASH            0x00000000         0x00100000         xr
RAM              0x20000000         0x00040000         xrw
DATA_FLASH       0x08000000         0x00002000         xr
QSPI_FLASH       0x60000000         0x04000000         xr
OSPI_DEVICE_0    0x68000000         0x08000000         xr
OSPI_DEVICE_1    0x70000000         0x10000000         xr
OSPI_DEVICE_0_RAM 0x68000000         0x08000000         xrw
OSPI_DEVICE_1_RAM 0x70000000         0x10000000         xrw
SDRAM            0x90000000         0x00000000         xrw
OPTION_SETTING   0x0100a100         0x00000100         r
OPTION_SETTING_S 0x0100a200         0x00000100         r
ID_CODE          0x00000000         0x00000000         xr
*default*        0x00000000         0xffffffff

Linker script and memory map

LOAD d:/rt-thread/rt-threadstudio/repo/extract/toolchain_support_packages/arm/gnu_tools_for_arm_embedded_processors/10.2.1/bin/../lib/gcc/arm-none-eabi/10.2.1/thumb/v8-m.main+fp/hard/crti.o
LOAD d:/rt-thread/rt-threadstudio/repo/extract/toolchain_support_packages/arm/gnu_tools_for_arm_embedded_processors/10.2.1/bin/../lib/gcc/arm-none-eabi/10.2.1/thumb/v8-m.main+fp/hard/crtbegin.o
LOAD d:/rt-thread/rt-threadstudio/repo/extract/toolchain_support_packages/arm/gnu_tools_for_arm_embedded_processors/10.2.1/bin/../lib/gcc/arm-none-eabi/10.2.1/../../../../arm-none-eabi/lib/thumb/v8-m.main+fp/hard/crt0.o
LOAD ./src/hal_entry.o
LOAD ./rt-thread/src/clock.o
LOAD ./rt-thread/src/components.o
LOAD ./rt-thread/src/device.o
LOAD ./rt-thread/src/idle.o
LOAD ./rt-thread/src/ipc.o
LOAD ./rt-thread/src/irq.o
LOAD ./rt-thread/src/kservice.o
LOAD ./rt-thread/src/mem.o
LOAD ./rt-thread/src/object.o
LOAD ./rt-thread/src/scheduler.o
LOAD ./rt-thread/src/thread.o
LOAD ./rt-thread/src/timer.o
LOAD ./rt-thread/libcpu/arm/cortex-m4/context_gcc.o
LOAD ./rt-thread/libcpu/arm/cortex-m4/cpuport.o
LOAD ./rt-thread/libcpu/arm/common/backtrace.o
LOAD ./rt-thread/libcpu/arm/common/div0.o
LOAD ./rt-thread/libcpu/arm/common/showmem.o
LOAD ./rt-thread/components/libc/posix/io/poll/poll.o
LOAD ./rt-thread/components/libc/compilers/newlib/syscalls.o
LOAD ./rt-thread/components/libc/compilers/common/stdlib.o
LOAD ./rt-thread/components/libc/compilers/common/time.o
LOAD ./rt-thread/components/finsh/cmd.o
LOAD ./rt-thread/components/finsh/msh.o
LOAD ./rt-thread/components/finsh/msh_file.o
LOAD ./rt-thread/components/finsh/shell.o
LOAD ./rt-thread/components/drivers/serial/serial_v2.o
LOAD ./rt-thread/components/drivers/misc/pin.o
LOAD ./rt-thread/components/drivers/ipc/completion.o
LOAD ./rt-thread/components/drivers/ipc/dataqueue.o
LOAD ./rt-thread/components/drivers/ipc/pipe.o
LOAD ./rt-thread/components/drivers/ipc/ringblk_buf.o
LOAD ./rt-thread/components/drivers/ipc/ringbuffer.o
LOAD ./rt-thread/components/drivers/ipc/waitqueue.o
LOAD ./rt-thread/components/drivers/ipc/workqueue.o
LOAD ./rt-thread/components/dfs/src/dfs.o
LOAD ./rt-thread/components/dfs/src/dfs_file.o
LOAD ./rt-thread/components/dfs/src/dfs_fs.o
LOAD ./rt-thread/components/dfs/src/dfs_posix.o
LOAD ./rt-thread/components/dfs/filesystems/devfs/devfs.o
LOAD ./ra_gen/common_data.o
LOAD ./ra_gen/hal_data.o
LOAD ./ra_gen/main.o
LOAD ./ra_gen/pin_data.o
LOAD ./ra_gen/vector_data.o
LOAD ./ra/fsp/src/r_sci_uart/r_sci_uart.o
LOAD ./ra/fsp/src/r_ioport/r_ioport.o
LOAD ./ra/fsp/src/r_icu/r_icu.o
LOAD ./ra/fsp/src/bsp/mcu/all/bsp_clocks.o
LOAD ./ra/fsp/src/bsp/mcu/all/bsp_common.o
LOAD ./ra/fsp/src/bsp/mcu/all/bsp_delay.o
LOAD ./ra/fsp/src/bsp/mcu/all/bsp_group_irq.o
LOAD ./ra/fsp/src/bsp/mcu/all/bsp_guard.o
LOAD ./ra/fsp/src/bsp/mcu/all/bsp_io.o
LOAD ./ra/fsp/src/bsp/mcu/all/bsp_irq.o
LOAD ./ra/fsp/src/bsp/mcu/all/bsp_register_protection.o
LOAD ./ra/fsp/src/bsp/mcu/all/bsp_rom_registers.o
LOAD ./ra/fsp/src/bsp/mcu/all/bsp_sbrk.o
LOAD ./ra/fsp/src/bsp/mcu/all/bsp_security.o
LOAD ./ra/fsp/src/bsp/cmsis/Device/RENESAS/Source/startup.o
LOAD ./ra/fsp/src/bsp/cmsis/Device/RENESAS/Source/system.o
LOAD ./packages/SEGGER_RTT-latest/adapter/drv_rtt.o
LOAD ./packages/SEGGER_RTT-latest/RTT/SEGGER_RTT.o
LOAD ./packages/SEGGER_RTT-latest/RTT/SEGGER_RTT_printf.o
LOAD ./libraries/HAL_Drivers/drv_common.o
LOAD ./libraries/HAL_Drivers/drv_gpio.o
LOAD ./libraries/HAL_Drivers/drv_usart_v2.o
LOAD ./board/ports/drv_rw007.o
LOAD d:/rt-thread/rt-threadstudio/repo/extract/toolchain_support_packages/arm/gnu_tools_for_arm_embedded_processors/10.2.1/bin/../lib/gcc/arm-none-eabi/10.2.1/../../../../arm-none-eabi/lib/thumb/v8-m.main+fp/hard\libm.a
LOAD d:/rt-thread/rt-threadstudio/repo/extract/toolchain_support_packages/arm/gnu_tools_for_arm_embedded_processors/10.2.1/bin/../lib/gcc/arm-none-eabi/10.2.1/../../../../arm-none-eabi/lib/thumb/v8-m.main+fp/hard\libc.a
START GROUP
LOAD d:/rt-thread/rt-threadstudio/repo/extract/toolchain_support_packages/arm/gnu_tools_for_arm_embedded_processors/10.2.1/bin/../lib/gcc/arm-none-eabi/10.2.1/thumb/v8-m.main+fp/hard\libgcc.a
LOAD d:/rt-thread/rt-threadstudio/repo/extract/toolchain_support_packages/arm/gnu_tools_for_arm_embedded_processors/10.2.1/bin/../lib/gcc/arm-none-eabi/10.2.1/../../../../arm-none-eabi/lib/thumb/v8-m.main+fp/hard\libc.a
END GROUP
LOAD d:/rt-thread/rt-threadstudio/repo/extract/toolchain_support_packages/arm/gnu_tools_for_arm_embedded_processors/10.2.1/bin/../lib/gcc/arm-none-eabi/10.2.1/thumb/v8-m.main+fp/hard/crtend.o
LOAD d:/rt-thread/rt-threadstudio/repo/extract/toolchain_support_packages/arm/gnu_tools_for_arm_embedded_processors/10.2.1/bin/../lib/gcc/arm-none-eabi/10.2.1/thumb/v8-m.main+fp/hard/crtn.o
                0x20000000                RAM_START = 0x20000000
                0x00040000                RAM_LENGTH = 0x40000
                0x00000000                FLASH_START = 0x0
                0x00100000                FLASH_LENGTH = 0x100000
                0x08000000                DATA_FLASH_START = 0x8000000
                0x00002000                DATA_FLASH_LENGTH = 0x2000
                0x0100a100                OPTION_SETTING_START = 0x100a100
                0x00000100                OPTION_SETTING_LENGTH = 0x100
                0x0100a200                OPTION_SETTING_S_START = 0x100a200
                0x00000100                OPTION_SETTING_S_LENGTH = 0x100
                0x00000000                ID_CODE_START = 0x0
                0x00000000                ID_CODE_LENGTH = 0x0
                0x90000000                SDRAM_START = 0x90000000
                0x00000000                SDRAM_LENGTH = 0x0
                0x60000000                QSPI_FLASH_START = 0x60000000
                0x04000000                QSPI_FLASH_LENGTH = 0x4000000
                0x68000000                OSPI_DEVICE_0_START = 0x68000000
                0x08000000                OSPI_DEVICE_0_LENGTH = 0x8000000
                0x70000000                OSPI_DEVICE_1_START = 0x70000000
                0x10000000                OSPI_DEVICE_1_LENGTH = 0x10000000
                0x04000000                QSPI_FLASH_PRV_LENGTH = DEFINED (QSPI_FLASH_SIZE)?ABSOLUTE (QSPI_FLASH_SIZE):ABSOLUTE (QSPI_FLASH_LENGTH)
                0x08000000                OSPI_DEVICE_0_PRV_LENGTH = DEFINED (OSPI_DEVICE_0_SIZE)?ABSOLUTE (OSPI_DEVICE_0_SIZE):ABSOLUTE (OSPI_DEVICE_0_LENGTH)
                0x10000000                OSPI_DEVICE_1_PRV_LENGTH = DEFINED (OSPI_DEVICE_1_SIZE)?ABSOLUTE (OSPI_DEVICE_1_SIZE):ABSOLUTE (OSPI_DEVICE_1_LENGTH)
                0x00000000                __RESERVE_NS_RAM = ((! (DEFINED (PROJECT_NONSECURE)) && DEFINED (RAM_NS_BUFFER_LENGTH)) && (OPTION_SETTING_S_LENGTH != 0x0))
                0x00000000                RAM_NS_BUFFER_BLOCK_LENGTH = DEFINED (RAM_NS_BUFFER_LENGTH)?ALIGN (RAM_NS_BUFFER_LENGTH, 0x2000):0x0
                0x00000000                RAM_NS_BUFFER_LENGTH = DEFINED (RAM_NS_BUFFER_LENGTH)?RAM_NS_BUFFER_LENGTH:0x0
                0x20040000                RAM_NS_BUFFER_START = ((RAM_START + RAM_LENGTH) - RAM_NS_BUFFER_LENGTH)
                0x20040000                RAM_NS_BUFFER_BLOCK_START = ((RAM_START + RAM_LENGTH) - RAM_NS_BUFFER_BLOCK_LENGTH)
                0x0100a180                OPTION_SETTING_START_NS = 0x100a180
                0x00000001                __bl_FSP_BOOTABLE_IMAGE = 0x1
                0x00000001                __bln_FSP_BOOTABLE_IMAGE = 0x1
                0x00000001                PROJECT_SECURE_OR_FLAT = ((! (DEFINED (PROJECT_NONSECURE)) && OPTION_SETTING_LENGTH) && ! (DEFINED (FSP_BOOTABLE_IMAGE)))
                0x00000000                USE_OPTION_SETTING_NS = (DEFINED (PROJECT_NONSECURE) && ! (DEFINED (FSP_BOOTABLE_IMAGE)))
                0x00000000                __bl_FLASH_IMAGE_START = ! (DEFINED (FLASH_BOOTLOADER_LENGTH))?0x0:(FLASH_APPLICATION_IMAGE_NUMBER == 0x1)?(FLASH_BOOTLOADER_LENGTH + FLASH_BOOTLOADER_HEADER_LENGTH):(((FLASH_BOOTLOADER_LENGTH + FLASH_BOOTLOADER_SCRATCH_LENGTH) + FLASH_APPLICATION_S_LENGTH) + FLASH_BOOTLOADER_HEADER_LENGTH)
                0x00000000                __bl_FLASH_IMAGE_LENGTH = ! (DEFINED (FLASH_BOOTLOADER_LENGTH))?0x0:(FLASH_APPLICATION_S_LENGTH - FLASH_BOOTLOADER_HEADER_LENGTH)
                0x00000000                __bl_FLASH_IMAGE_END = (__bl_FLASH_IMAGE_START + __bl_FLASH_IMAGE_LENGTH)
                0x00000000                __bl_FLASH_NS_START = ! (DEFINED (FLASH_BOOTLOADER_LENGTH))?0x0:(FLASH_APPLICATION_NS_LENGTH == 0x0)?__bl_FLASH_IMAGE_END:((__bl_FLASH_IMAGE_START - FLASH_BOOTLOADER_HEADER_LENGTH) + FLASH_APPLICATION_S_LENGTH)
                0x00000000                __bl_FLASH_NSC_START = ! (DEFINED (FLASH_BOOTLOADER_LENGTH))?0x0:(FLASH_APPLICATION_NS_LENGTH == 0x0)?__bl_FLASH_IMAGE_END:(__bl_FLASH_NS_START - FLASH_APPLICATION_NSC_LENGTH)
                0x00000000                __bl_RAM_NS_START = ! (DEFINED (FLASH_BOOTLOADER_LENGTH))?0x0:(FLASH_APPLICATION_NS_LENGTH == 0x0)?(RAM_START + RAM_LENGTH):((RAM_START + RAM_LENGTH) - RAM_APPLICATION_NS_LENGTH)
                0x00000000                __bl_RAM_NSC_START = ! (DEFINED (FLASH_BOOTLOADER_LENGTH))?0x0:(FLASH_APPLICATION_NS_LENGTH == 0x0)?(RAM_START + RAM_LENGTH):(__bl_RAM_NS_START - RAM_APPLICATION_NSC_LENGTH)
                0x00000000                __bl_FLASH_NS_IMAGE_START = ! (DEFINED (FLASH_BOOTLOADER_LENGTH))?0x0:(FLASH_APPLICATION_NS_LENGTH == 0x0)?__bl_FLASH_IMAGE_END:(__bl_FLASH_NS_START + FLASH_BOOTLOADER_HEADER_LENGTH_2)
                0x00000000                __bln_FLASH_IMAGE_START = __bl_FLASH_NS_IMAGE_START
                0x00000000                __bln_FLASH_IMAGE_LENGTH = ! (DEFINED (FLASH_BOOTLOADER_LENGTH))?0x0:(FLASH_APPLICATION_NS_LENGTH == 0x0)?__bl_FLASH_IMAGE_END:(FLASH_APPLICATION_NS_LENGTH - FLASH_BOOTLOADER_HEADER_LENGTH_2)
                0x00000000                FLASH_ORIGIN = DEFINED (FLASH_IMAGE_START)?FLASH_IMAGE_START:FLASH_START
                0x00100000                LIMITED_FLASH_LENGTH = DEFINED (FLASH_IMAGE_LENGTH)?FLASH_IMAGE_LENGTH:DEFINED (FLASH_BOOTLOADER_LENGTH)?FLASH_BOOTLOADER_LENGTH:FLASH_LENGTH
START GROUP
LOAD d:/rt-thread/rt-threadstudio/repo/extract/toolchain_support_packages/arm/gnu_tools_for_arm_embedded_processors/10.2.1/bin/../lib/gcc/arm-none-eabi/10.2.1/thumb/v8-m.main+fp/hard\libgcc.a
LOAD d:/rt-thread/rt-threadstudio/repo/extract/toolchain_support_packages/arm/gnu_tools_for_arm_embedded_processors/10.2.1/bin/../lib/gcc/arm-none-eabi/10.2.1/../../../../arm-none-eabi/lib/thumb/v8-m.main+fp/hard\libc.a
LOAD d:/rt-thread/rt-threadstudio/repo/extract/toolchain_support_packages/arm/gnu_tools_for_arm_embedded_processors/10.2.1/bin/../lib/gcc/arm-none-eabi/10.2.1/../../../../arm-none-eabi/lib/thumb/v8-m.main+fp/hard\libm.a
LOAD d:/rt-thread/rt-threadstudio/repo/extract/toolchain_support_packages/arm/gnu_tools_for_arm_embedded_processors/10.2.1/bin/../lib/gcc/arm-none-eabi/10.2.1/../../../../arm-none-eabi/lib/thumb/v8-m.main+fp/hard\libnosys.a
END GROUP

.text           0x00000000    0x1357c
                0x00000000                __tz_FLASH_S = ABSOLUTE (FLASH_START)
                0x00000000                __ROM_Start = .
 *(.fixed_vectors*)
 .fixed_vectors
                0x00000000       0x40 ./ra/fsp/src/bsp/cmsis/Device/RENESAS/Source/startup.o
                0x00000000                __Vectors
 *(.application_vectors*)
 .application_vectors
                0x00000040      0x180 ./ra_gen/vector_data.o
                0x00000040                g_vector_table
                0x000001c0                __Vectors_End = .
                0x000001c0                . = (OPTION_SETTING_LENGTH > 0x0)?.:(__ROM_Start + 0x400)
 *(.rom_registers*)
                0x000001c0                . = (OPTION_SETTING_LENGTH > 0x0)?.:(__ROM_Start + 0x500)
                0x00000200                . = ALIGN (0x80)
 *fill*         0x000001c0       0x40 ff
 *(.mcuboot_sce9_key*)
 *(.text*)
 .text          0x00000200       0x40 d:/rt-thread/rt-threadstudio/repo/extract/toolchain_support_packages/arm/gnu_tools_for_arm_embedded_processors/10.2.1/bin/../lib/gcc/arm-none-eabi/10.2.1/thumb/v8-m.main+fp/hard/crtbegin.o
 .text.hal_entry
                0x00000240       0x40 ./src/hal_entry.o
                0x00000240                hal_entry
 .text.irq_callback_test
                0x00000280       0x1c ./src/hal_entry.o
                0x00000280                irq_callback_test
 .text.icu_sample
                0x0000029c       0x68 ./src/hal_entry.o
                0x0000029c                icu_sample
 .text.rt_tick_get
                0x00000304       0x18 ./rt-thread/src/clock.o
                0x00000304                rt_tick_get
 .text.rt_tick_increase
                0x0000031c       0x7c ./rt-thread/src/clock.o
                0x0000031c                rt_tick_increase
 .text.rt_tick_from_millisecond
                0x00000398       0x78 ./rt-thread/src/clock.o
                0x00000398                rt_tick_from_millisecond
 .text.rti_start
                0x00000410       0x10 ./rt-thread/src/components.o
 .text.rti_board_start
                0x00000420       0x10 ./rt-thread/src/components.o
 .text.rti_board_end
                0x00000430       0x10 ./rt-thread/src/components.o
 .text.rti_end  0x00000440       0x10 ./rt-thread/src/components.o
 .text.rt_components_board_init
                0x00000450       0x34 ./rt-thread/src/components.o
                0x00000450                rt_components_board_init
 .text.rt_components_init
                0x00000484       0x34 ./rt-thread/src/components.o
                0x00000484                rt_components_init
 .text.entry    0x000004b8        0xe ./rt-thread/src/components.o
                0x000004b8                entry
 .text.main_thread_entry
                0x000004c6       0x18 ./rt-thread/src/components.o
                0x000004c6                main_thread_entry
 *fill*         0x000004de        0x2 ff
 .text.rt_application_init
                0x000004e0       0x4c ./rt-thread/src/components.o
                0x000004e0                rt_application_init
 .text.rtthread_startup
                0x0000052c       0x2e ./rt-thread/src/components.o
                0x0000052c                rtthread_startup
 .text.rt_list_init
                0x0000055a       0x22 ./rt-thread/src/device.o
 .text.rt_wqueue_init
                0x0000057c       0x38 ./rt-thread/src/device.o
 .text.rt_device_register
                0x000005b4       0x64 ./rt-thread/src/device.o
                0x000005b4                rt_device_register
 .text.rt_device_find
                0x00000618       0x1a ./rt-thread/src/device.o
                0x00000618                rt_device_find
 *fill*         0x00000632        0x2 ff
 .text.rt_device_open
                0x00000634      0x108 ./rt-thread/src/device.o
                0x00000634                rt_device_open
 .text.rt_device_close
                0x0000073c       0x9c ./rt-thread/src/device.o
                0x0000073c                rt_device_close
 .text.rt_device_read
                0x000007d8       0x88 ./rt-thread/src/device.o
                0x000007d8                rt_device_read
 .text.rt_device_write
                0x00000860       0x88 ./rt-thread/src/device.o
                0x00000860                rt_device_write
 .text.rt_device_control
                0x000008e8       0x68 ./rt-thread/src/device.o
                0x000008e8                rt_device_control
 .text.rt_device_set_rx_indicate
                0x00000950       0x54 ./rt-thread/src/device.o
                0x00000950                rt_device_set_rx_indicate
 .text.rt_list_insert_after
                0x000009a4       0x32 ./rt-thread/src/idle.o
 .text.rt_list_remove
                0x000009d6       0x36 ./rt-thread/src/idle.o
 .text.rt_thread_idle_sethook
                0x00000a0c       0x58 ./rt-thread/src/idle.o
                0x00000a0c                rt_thread_idle_sethook
 .text.rt_thread_defunct_enqueue
                0x00000a64       0x20 ./rt-thread/src/idle.o
                0x00000a64                rt_thread_defunct_enqueue
 .text.rt_thread_defunct_dequeue
                0x00000a84       0x44 ./rt-thread/src/idle.o
                0x00000a84                rt_thread_defunct_dequeue
 .text.rt_defunct_execute
                0x00000ac8       0x54 ./rt-thread/src/idle.o
 .text.rt_thread_idle_entry
                0x00000b1c       0x38 ./rt-thread/src/idle.o
 .text.rt_thread_idle_init
                0x00000b54       0x78 ./rt-thread/src/idle.o
                0x00000b54                rt_thread_idle_init
 .text.rt_list_init
                0x00000bcc       0x22 ./rt-thread/src/ipc.o
 .text.rt_list_insert_before
                0x00000bee       0x32 ./rt-thread/src/ipc.o
 .text.rt_list_isempty
                0x00000c20       0x24 ./rt-thread/src/ipc.o
 .text._ipc_object_init
                0x00000c44       0x1c ./rt-thread/src/ipc.o
 .text._ipc_list_suspend
                0x00000c60       0xa4 ./rt-thread/src/ipc.o
 .text._ipc_list_resume
                0x00000d04       0x20 ./rt-thread/src/ipc.o
 .text.rt_sem_init
                0x00000d24       0x88 ./rt-thread/src/ipc.o
                0x00000d24                rt_sem_init
 .text.rt_sem_release
                0x00000dac       0xbc ./rt-thread/src/ipc.o
                0x00000dac                rt_sem_release
 .text.rt_mutex_init
                0x00000e68       0x64 ./rt-thread/src/ipc.o
                0x00000e68                rt_mutex_init
 .text.rt_mutex_take
                0x00000ecc      0x21c ./rt-thread/src/ipc.o
                0x00000ecc                rt_mutex_take
 .text.rt_mutex_release
                0x000010e8      0x1bc ./rt-thread/src/ipc.o
                0x000010e8                rt_mutex_release
 .text.rt_interrupt_enter
                0x000012a4       0x40 ./rt-thread/src/irq.o
                0x000012a4                rt_interrupt_enter
 .text.rt_interrupt_leave
                0x000012e4       0x40 ./rt-thread/src/irq.o
                0x000012e4                rt_interrupt_leave
 .text.rt_interrupt_get_nest
                0x00001324       0x28 ./rt-thread/src/irq.o
                0x00001324                rt_interrupt_get_nest
 .text.rt_set_errno
                0x0000134c       0x40 ./rt-thread/src/kservice.o
                0x0000134c                rt_set_errno
 .text._rt_errno
                0x0000138c       0x34 ./rt-thread/src/kservice.o
                0x0000138c                _rt_errno
 .text.rt_memset
                0x000013c0       0xb6 ./rt-thread/src/kservice.o
                0x000013c0                rt_memset
 .text.rt_memcpy
                0x00001476       0xd2 ./rt-thread/src/kservice.o
                0x00001476                rt_memcpy
 .text.rt_memmove
                0x00001548       0x82 ./rt-thread/src/kservice.o
                0x00001548                rt_memmove
 .text.rt_strncpy
                0x000015ca       0x64 ./rt-thread/src/kservice.o
                0x000015ca                rt_strncpy
 .text.rt_strncmp
                0x0000162e       0x4a ./rt-thread/src/kservice.o
                0x0000162e                rt_strncmp
 .text.rt_strcmp
                0x00001678       0x44 ./rt-thread/src/kservice.o
                0x00001678                rt_strcmp
 .text.rt_strlen
                0x000016bc       0x2e ./rt-thread/src/kservice.o
                0x000016bc                rt_strlen
 .text.rt_strdup
                0x000016ea       0x3a ./rt-thread/src/kservice.o
                0x000016ea                rt_strdup
 .text.rt_show_version
                0x00001724       0x4c ./rt-thread/src/kservice.o
                0x00001724                rt_show_version
 .text.divide   0x00001770       0x68 ./rt-thread/src/kservice.o
 .text.skip_atoi
                0x000017d8       0x40 ./rt-thread/src/kservice.o
 .text.print_number
                0x00001818      0x1dc ./rt-thread/src/kservice.o
 .text.rt_vsnprintf
                0x000019f4      0x4ac ./rt-thread/src/kservice.o
                0x000019f4                rt_vsnprintf
 .text.rt_snprintf
                0x00001ea0       0x30 ./rt-thread/src/kservice.o
                0x00001ea0                rt_snprintf
 .text.rt_vsprintf
                0x00001ed0       0x24 ./rt-thread/src/kservice.o
                0x00001ed0                rt_vsprintf
 .text.rt_sprintf
                0x00001ef4       0x2c ./rt-thread/src/kservice.o
                0x00001ef4                rt_sprintf
 .text.rt_console_get_device
                0x00001f20       0x18 ./rt-thread/src/kservice.o
                0x00001f20                rt_console_get_device
 .text.rt_console_set_device
                0x00001f38       0x5c ./rt-thread/src/kservice.o
                0x00001f38                rt_console_set_device
 .text.rt_hw_console_output
                0x00001f94       0x14 ./rt-thread/src/kservice.o
                0x00001f94                rt_hw_console_output
 .text.rt_kprintf
                0x00001fa8       0x60 ./rt-thread/src/kservice.o
                0x00001fa8                rt_kprintf
 .text._heap_lock_init
                0x00002008       0x1c ./rt-thread/src/kservice.o
 .text._heap_lock
                0x00002024       0x28 ./rt-thread/src/kservice.o
 .text._heap_unlock
                0x0000204c       0x40 ./rt-thread/src/kservice.o
 .text._smem_info
                0x0000208c       0x4c ./rt-thread/src/kservice.o
 .text.rt_system_heap_init
                0x000020d8       0x64 ./rt-thread/src/kservice.o
                0x000020d8                rt_system_heap_init
 .text.rt_malloc
                0x0000213c       0x48 ./rt-thread/src/kservice.o
                0x0000213c                rt_malloc
 .text.rt_realloc
                0x00002184       0x34 ./rt-thread/src/kservice.o
                0x00002184                rt_realloc
 .text.rt_calloc
                0x000021b8       0x3c ./rt-thread/src/kservice.o
                0x000021b8                rt_calloc
 .text.rt_free  0x000021f4       0x38 ./rt-thread/src/kservice.o
                0x000021f4                rt_free
 .text.rt_memory_info
                0x0000222c       0x2a ./rt-thread/src/kservice.o
                0x0000222c                rt_memory_info
 *fill*         0x00002256        0x2 ff
 .text.rt_assert_handler
                0x00002258       0x4c ./rt-thread/src/kservice.o
                0x00002258                rt_assert_handler
 .text.plug_holes
                0x000022a4       0xf8 ./rt-thread/src/mem.o
 .text.rt_smem_init
                0x0000239c      0x104 ./rt-thread/src/mem.o
                0x0000239c                rt_smem_init
 .text.rt_smem_alloc
                0x000024a0      0x268 ./rt-thread/src/mem.o
                0x000024a0                rt_smem_alloc
 .text.rt_smem_realloc
                0x00002708      0x1d4 ./rt-thread/src/mem.o
                0x00002708                rt_smem_realloc
 .text.rt_smem_free
                0x000028dc      0x140 ./rt-thread/src/mem.o
                0x000028dc                rt_smem_free
 .text.rt_list_insert_after
                0x00002a1c       0x32 ./rt-thread/src/object.o
 .text.rt_list_remove
                0x00002a4e       0x36 ./rt-thread/src/object.o
 .text.rt_object_get_information
                0x00002a84       0x48 ./rt-thread/src/object.o
                0x00002a84                rt_object_get_information
 .text.rt_object_init
                0x00002acc       0xcc ./rt-thread/src/object.o
                0x00002acc                rt_object_init
 .text.rt_object_detach
                0x00002b98       0x5c ./rt-thread/src/object.o
                0x00002b98                rt_object_detach
 .text.rt_object_allocate
                0x00002bf4       0xd8 ./rt-thread/src/object.o
                0x00002bf4                rt_object_allocate
 .text.rt_object_delete
                0x00002ccc       0x7c ./rt-thread/src/object.o
                0x00002ccc                rt_object_delete
 .text.rt_object_is_systemobject
                0x00002d48       0x3c ./rt-thread/src/object.o
                0x00002d48                rt_object_is_systemobject
 .text.rt_object_get_type
                0x00002d84       0x34 ./rt-thread/src/object.o
                0x00002d84                rt_object_get_type
 .text.rt_object_find
                0x00002db8       0xb4 ./rt-thread/src/object.o
                0x00002db8                rt_object_find
 .text.rt_list_init
                0x00002e6c       0x22 ./rt-thread/src/scheduler.o
 .text.rt_list_insert_before
                0x00002e8e       0x32 ./rt-thread/src/scheduler.o
 .text.rt_list_remove
                0x00002ec0       0x36 ./rt-thread/src/scheduler.o
 .text.rt_list_isempty
                0x00002ef6       0x24 ./rt-thread/src/scheduler.o
 *fill*         0x00002f1a        0x2 ff
 .text._rt_scheduler_stack_check
                0x00002f1c       0x94 ./rt-thread/src/scheduler.o
 .text._scheduler_get_highest_priority_thread
                0x00002fb0       0x38 ./rt-thread/src/scheduler.o
 .text.rt_system_scheduler_init
                0x00002fe8       0x38 ./rt-thread/src/scheduler.o
                0x00002fe8                rt_system_scheduler_init
 .text.rt_system_scheduler_start
                0x00003020       0x38 ./rt-thread/src/scheduler.o
                0x00003020                rt_system_scheduler_start
 .text.rt_schedule
                0x00003058      0x19c ./rt-thread/src/scheduler.o
                0x00003058                rt_schedule
 .text.rt_schedule_insert_thread
                0x000031f4       0xac ./rt-thread/src/scheduler.o
                0x000031f4                rt_schedule_insert_thread
 .text.rt_schedule_remove_thread
                0x000032a0       0x70 ./rt-thread/src/scheduler.o
                0x000032a0                rt_schedule_remove_thread
 .text.rt_enter_critical
                0x00003310       0x2c ./rt-thread/src/scheduler.o
                0x00003310                rt_enter_critical
 .text.rt_exit_critical
                0x0000333c       0x54 ./rt-thread/src/scheduler.o
                0x0000333c                rt_exit_critical
 .text.rt_critical_level
                0x00003390       0x1c ./rt-thread/src/scheduler.o
                0x00003390                rt_critical_level
 .text.rt_list_init
                0x000033ac       0x22 ./rt-thread/src/thread.o
 .text.rt_list_remove
                0x000033ce       0x36 ./rt-thread/src/thread.o
 .text._thread_exit
                0x00003404       0x42 ./rt-thread/src/thread.o
 *fill*         0x00003446        0x2 ff
 .text._thread_timeout
                0x00003448       0x8c ./rt-thread/src/thread.o
 .text._thread_init
                0x000034d4       0xfc ./rt-thread/src/thread.o
 .text.rt_thread_init
                0x000035d0       0x70 ./rt-thread/src/thread.o
                0x000035d0                rt_thread_init
 .text.rt_thread_self
                0x00003640       0x18 ./rt-thread/src/thread.o
                0x00003640                rt_thread_self
 .text.rt_thread_startup
                0x00003658       0x94 ./rt-thread/src/thread.o
                0x00003658                rt_thread_startup
 .text.rt_thread_detach
                0x000036ec       0xb0 ./rt-thread/src/thread.o
                0x000036ec                rt_thread_detach
 .text.rt_thread_create
                0x0000379c       0x62 ./rt-thread/src/thread.o
                0x0000379c                rt_thread_create
 *fill*         0x000037fe        0x2 ff
 .text.rt_thread_delete
                0x00003800       0xb0 ./rt-thread/src/thread.o
                0x00003800                rt_thread_delete
 .text.rt_thread_sleep
                0x000038b0       0x94 ./rt-thread/src/thread.o
                0x000038b0                rt_thread_sleep
 .text.rt_thread_delay
                0x00003944       0x18 ./rt-thread/src/thread.o
                0x00003944                rt_thread_delay
 .text.rt_thread_mdelay
                0x0000395c       0x20 ./rt-thread/src/thread.o
                0x0000395c                rt_thread_mdelay
 .text.rt_thread_control
                0x0000397c       0xfc ./rt-thread/src/thread.o
                0x0000397c                rt_thread_control
 .text.rt_thread_suspend
                0x00003a78       0xc8 ./rt-thread/src/thread.o
                0x00003a78                rt_thread_suspend
 .text.rt_thread_resume
                0x00003b40       0x98 ./rt-thread/src/thread.o
                0x00003b40                rt_thread_resume
 .text.rt_list_init
                0x00003bd8       0x22 ./rt-thread/src/timer.o
 .text.rt_list_insert_after
                0x00003bfa       0x32 ./rt-thread/src/timer.o
 .text.rt_list_remove
                0x00003c2c       0x36 ./rt-thread/src/timer.o
 .text.rt_list_isempty
                0x00003c62       0x24 ./rt-thread/src/timer.o
 .text._timer_init
                0x00003c86       0x6a ./rt-thread/src/timer.o
 .text._timer_list_next_timeout
                0x00003cf0       0x48 ./rt-thread/src/timer.o
 .text._timer_remove
                0x00003d38       0x36 ./rt-thread/src/timer.o
 *fill*         0x00003d6e        0x2 ff
 .text.rt_timer_init
                0x00003d70       0x7c ./rt-thread/src/timer.o
                0x00003d70                rt_timer_init
 .text.rt_timer_detach
                0x00003dec       0x90 ./rt-thread/src/timer.o
                0x00003dec                rt_timer_detach
 .text.rt_timer_start
                0x00003e7c      0x224 ./rt-thread/src/timer.o
                0x00003e7c                rt_timer_start
 .text.rt_timer_stop
                0x000040a0       0x94 ./rt-thread/src/timer.o
                0x000040a0                rt_timer_stop
 .text.rt_timer_control
                0x00004134       0xf8 ./rt-thread/src/timer.o
                0x00004134                rt_timer_control
 .text.rt_timer_check
                0x0000422c      0x108 ./rt-thread/src/timer.o
                0x0000422c                rt_timer_check
 .text.rt_soft_timer_check
                0x00004334      0x11c ./rt-thread/src/timer.o
                0x00004334                rt_soft_timer_check
 .text._timer_thread_entry
                0x00004450       0x5c ./rt-thread/src/timer.o
 .text.rt_system_timer_init
                0x000044ac       0x34 ./rt-thread/src/timer.o
                0x000044ac                rt_system_timer_init
 .text.rt_system_timer_thread_init
                0x000044e0       0x68 ./rt-thread/src/timer.o
                0x000044e0                rt_system_timer_thread_init
 .text          0x00004548      0x13c ./rt-thread/libcpu/arm/cortex-m4/context_gcc.o
                0x00004548                rt_hw_interrupt_disable
                0x00004550                rt_hw_interrupt_enable
                0x00004556                rt_hw_context_switch_interrupt
                0x00004556                rt_hw_context_switch
                0x00004576                PendSV_Handler
                0x000045e2                rt_hw_context_switch_to
                0x00004628                rt_hw_interrupt_thread_switch
                0x0000462c                HardFault_Handler
 .text.rt_hw_stack_init
                0x00004684       0x90 ./rt-thread/libcpu/arm/cortex-m4/cpuport.o
                0x00004684                rt_hw_stack_init
 .text.usage_fault_track
                0x00004714       0xc4 ./rt-thread/libcpu/arm/cortex-m4/cpuport.o
 .text.bus_fault_track
                0x000047d8       0xcc ./rt-thread/libcpu/arm/cortex-m4/cpuport.o
 .text.mem_manage_fault_track
                0x000048a4       0xb4 ./rt-thread/libcpu/arm/cortex-m4/cpuport.o
 .text.hard_fault_track
                0x00004958       0x78 ./rt-thread/libcpu/arm/cortex-m4/cpuport.o
 .text.rt_hw_hard_fault_exception
                0x000049d0      0x184 ./rt-thread/libcpu/arm/cortex-m4/cpuport.o
                0x000049d0                rt_hw_hard_fault_exception
 .text.__rt_ffs
                0x00004b54       0x2a ./rt-thread/libcpu/arm/cortex-m4/cpuport.o
                0x00004b54                __rt_ffs
 .text.__errno  0x00004b7e        0xe ./rt-thread/components/libc/compilers/newlib/syscalls.o
                0x00004b7e                __errno
 .text.rt_list_isempty
                0x00004b8c       0x24 ./rt-thread/components/finsh/cmd.o
 .text.rt_list_len
                0x00004bb0       0x36 ./rt-thread/components/finsh/cmd.o
 *fill*         0x00004be6        0x2 ff
 .text.clear    0x00004be8       0x14 ./rt-thread/components/finsh/cmd.o
 .text.version  0x00004bfc        0xe ./rt-thread/components/finsh/cmd.o
                0x00004bfc                version
 *fill*         0x00004c0a        0x2 ff
 .text.object_split
                0x00004c0c       0x28 ./rt-thread/components/finsh/cmd.o
 .text.list_find_init
                0x00004c34       0x46 ./rt-thread/components/finsh/cmd.o
 .text.list_get_next
                0x00004c7a       0xc6 ./rt-thread/components/finsh/cmd.o
 .text.list_thread
                0x00004d40      0x208 ./rt-thread/components/finsh/cmd.o
                0x00004d40                list_thread
 .text.show_wait_queue
                0x00004f48       0x54 ./rt-thread/components/finsh/cmd.o
 .text.list_sem
                0x00004f9c      0x12c ./rt-thread/components/finsh/cmd.o
                0x00004f9c                list_sem
 .text.list_event
                0x000050c8      0x118 ./rt-thread/components/finsh/cmd.o
                0x000050c8                list_event
 .text.list_mutex
                0x000051e0       0xe8 ./rt-thread/components/finsh/cmd.o
                0x000051e0                list_mutex
 .text.list_mailbox
                0x000052c8      0x13c ./rt-thread/components/finsh/cmd.o
                0x000052c8                list_mailbox
 .text.list_msgqueue
                0x00005404      0x12c ./rt-thread/components/finsh/cmd.o
                0x00005404                list_msgqueue
 .text.list_timer
                0x00005530      0x128 ./rt-thread/components/finsh/cmd.o
                0x00005530                list_timer
 .text.list_device
                0x00005658       0xf0 ./rt-thread/components/finsh/cmd.o
                0x00005658                list_device
 .text.msh_help
                0x00005748       0x5c ./rt-thread/components/finsh/msh.o
                0x00005748                msh_help
 .text.cmd_ps   0x000057a4       0x18 ./rt-thread/components/finsh/msh.o
                0x000057a4                cmd_ps
 .text.cmd_free
                0x000057bc       0x5c ./rt-thread/components/finsh/msh.o
                0x000057bc                cmd_free
 .text.msh_split
                0x00005818      0x170 ./rt-thread/components/finsh/msh.o
 .text.msh_get_cmd
                0x00005988       0x64 ./rt-thread/components/finsh/msh.o
 .text._msh_exec_cmd
                0x000059ec       0xd4 ./rt-thread/components/finsh/msh.o
 .text.msh_exec
                0x00005ac0       0xa0 ./rt-thread/components/finsh/msh.o
                0x00005ac0                msh_exec
 .text.str_common
                0x00005b60       0x4a ./rt-thread/components/finsh/msh.o
 *fill*         0x00005baa        0x2 ff
 .text.msh_auto_complete_path
                0x00005bac      0x228 ./rt-thread/components/finsh/msh.o
                0x00005bac                msh_auto_complete_path
 .text.msh_auto_complete
                0x00005dd4       0xe4 ./rt-thread/components/finsh/msh.o
                0x00005dd4                msh_auto_complete
 .text.msh_readline
                0x00005eb8       0xa2 ./rt-thread/components/finsh/msh_file.o
 *fill*         0x00005f5a        0x2 ff
 .text.msh_exec_script
                0x00005f5c      0x17c ./rt-thread/components/finsh/msh_file.o
                0x00005f5c                msh_exec_script
 .text.cmd_ls   0x000060d8       0x34 ./rt-thread/components/finsh/msh_file.o
 .text.cmd_cp   0x0000610c       0x44 ./rt-thread/components/finsh/msh_file.o
 .text.cmd_mv   0x00006150      0x138 ./rt-thread/components/finsh/msh_file.o
 .text.cmd_cat  0x00006288       0x58 ./rt-thread/components/finsh/msh_file.o
 .text.directory_delete_for_msh
                0x000062e0      0x13c ./rt-thread/components/finsh/msh_file.o
 .text.cmd_rm   0x0000641c      0x1c4 ./rt-thread/components/finsh/msh_file.o
 .text.cmd_cd   0x000065e0       0x58 ./rt-thread/components/finsh/msh_file.o
 .text.cmd_pwd  0x00006638       0x24 ./rt-thread/components/finsh/msh_file.o
 .text.cmd_mkdir
                0x0000665c       0x40 ./rt-thread/components/finsh/msh_file.o
 .text.cmd_mkfs
                0x0000669c       0x90 ./rt-thread/components/finsh/msh_file.o
 .text.cmd_mount
                0x0000672c       0xe0 ./rt-thread/components/finsh/msh_file.o
 .text.cmd_umount
                0x0000680c       0x64 ./rt-thread/components/finsh/msh_file.o
 .text.cmd_df   0x00006870       0x70 ./rt-thread/components/finsh/msh_file.o
 .text.cmd_echo
                0x000068e0       0x94 ./rt-thread/components/finsh/msh_file.o
 .text.cmd_tail
                0x00006974      0x1bc ./rt-thread/components/finsh/msh_file.o
 .text.finsh_get_prompt
                0x00006b30       0x9c ./rt-thread/components/finsh/shell.o
                0x00006b30                finsh_get_prompt
 .text.finsh_set_prompt_mode
                0x00006bcc       0x48 ./rt-thread/components/finsh/shell.o
                0x00006bcc                finsh_set_prompt_mode
 .text.finsh_rx_ind
                0x00006c14       0x3c ./rt-thread/components/finsh/shell.o
 .text.finsh_set_device
                0x00006c50       0xd8 ./rt-thread/components/finsh/shell.o
                0x00006c50                finsh_set_device
 .text.shell_auto_complete
                0x00006d28       0x34 ./rt-thread/components/finsh/shell.o
 .text.shell_handle_history
                0x00006d5c       0x34 ./rt-thread/components/finsh/shell.o
 .text.shell_push_history
                0x00006d90      0x15e ./rt-thread/components/finsh/shell.o
 *fill*         0x00006eee        0x2 ff
 .text.finsh_thread_entry
                0x00006ef0      0x5cc ./rt-thread/components/finsh/shell.o
                0x00006ef0                finsh_thread_entry
 .text.finsh_system_function_init
                0x000074bc       0x2c ./rt-thread/components/finsh/shell.o
                0x000074bc                finsh_system_function_init
 .text.finsh_system_init
                0x000074e8       0x9c ./rt-thread/components/finsh/shell.o
                0x000074e8                finsh_system_init
 .text.rt_serial_get_linear_buffer
                0x00007584       0x8c ./rt-thread/components/drivers/serial/serial_v2.o
 .text.rt_serial_update_read_index
                0x00007610       0xcc ./rt-thread/components/drivers/serial/serial_v2.o
 .text.rt_serial_update_write_index
                0x000076dc       0xe8 ./rt-thread/components/drivers/serial/serial_v2.o
 .text._serial_poll_rx
                0x000077c4       0xa4 ./rt-thread/components/drivers/serial/serial_v2.o
                0x000077c4                _serial_poll_rx
 .text._serial_poll_tx
                0x00007868       0x9c ./rt-thread/components/drivers/serial/serial_v2.o
                0x00007868                _serial_poll_tx
 .text._serial_fifo_rx
                0x00007904       0xf4 ./rt-thread/components/drivers/serial/serial_v2.o
 .text._serial_fifo_tx_blocking_nbuf
                0x000079f8       0xb0 ./rt-thread/components/drivers/serial/serial_v2.o
 .text._serial_fifo_tx_blocking_buf
                0x00007aa8      0x118 ./rt-thread/components/drivers/serial/serial_v2.o
 .text._serial_fifo_tx_nonblocking
                0x00007bc0       0xd4 ./rt-thread/components/drivers/serial/serial_v2.o
 .text.rt_serial_tx_enable
                0x00007c94      0x1d4 ./rt-thread/components/drivers/serial/serial_v2.o
 .text.rt_serial_rx_enable
                0x00007e68      0x15c ./rt-thread/components/drivers/serial/serial_v2.o
 .text.rt_serial_rx_disable
                0x00007fc4       0xb4 ./rt-thread/components/drivers/serial/serial_v2.o
 .text.rt_serial_tx_disable
                0x00008078       0xc0 ./rt-thread/components/drivers/serial/serial_v2.o
 .text.rt_serial_init
                0x00008138       0x5c ./rt-thread/components/drivers/serial/serial_v2.o
 .text.rt_serial_open
                0x00008194       0xf4 ./rt-thread/components/drivers/serial/serial_v2.o
 .text.rt_serial_close
                0x00008288       0x90 ./rt-thread/components/drivers/serial/serial_v2.o
 .text.rt_serial_control
                0x00008318       0xb8 ./rt-thread/components/drivers/serial/serial_v2.o
 .text.rt_hw_serial_register
                0x000083d0       0x94 ./rt-thread/components/drivers/serial/serial_v2.o
                0x000083d0                rt_hw_serial_register
 .text.rt_hw_serial_isr
                0x00008464      0x210 ./rt-thread/components/drivers/serial/serial_v2.o
                0x00008464                rt_hw_serial_isr
 .text._pin_read
                0x00008674       0x60 ./rt-thread/components/drivers/misc/pin.o
 .text._pin_write
                0x000086d4       0x5c ./rt-thread/components/drivers/misc/pin.o
 .text._pin_control
                0x00008730       0x58 ./rt-thread/components/drivers/misc/pin.o
 .text.rt_device_pin_register
                0x00008788       0x74 ./rt-thread/components/drivers/misc/pin.o
                0x00008788                rt_device_pin_register
 .text.rt_pin_attach_irq
                0x000087fc       0x5c ./rt-thread/components/drivers/misc/pin.o
                0x000087fc                rt_pin_attach_irq
 .text.rt_pin_irq_enable
                0x00008858       0x50 ./rt-thread/components/drivers/misc/pin.o
                0x00008858                rt_pin_irq_enable
 .text.rt_pin_write
                0x000088a8       0x40 ./rt-thread/components/drivers/misc/pin.o
                0x000088a8                rt_pin_write
 .text.rt_pin_get
                0x000088e8       0x60 ./rt-thread/components/drivers/misc/pin.o
                0x000088e8                rt_pin_get
 .text.rt_list_init
                0x00008948       0x22 ./rt-thread/components/drivers/ipc/completion.o
 .text.rt_list_insert_before
                0x0000896a       0x32 ./rt-thread/components/drivers/ipc/completion.o
 .text.rt_list_isempty
                0x0000899c       0x24 ./rt-thread/components/drivers/ipc/completion.o
 .text.rt_completion_init
                0x000089c0       0x44 ./rt-thread/components/drivers/ipc/completion.o
                0x000089c0                rt_completion_init
 .text.rt_completion_wait
                0x00008a04      0x15c ./rt-thread/components/drivers/ipc/completion.o
                0x00008a04                rt_completion_wait
 .text.rt_completion_done
                0x00008b60       0x70 ./rt-thread/components/drivers/ipc/completion.o
                0x00008b60                rt_completion_done
 .text.rt_ringbuffer_status
                0x00008bd0       0x4e ./rt-thread/components/drivers/ipc/ringbuffer.o
 *fill*         0x00008c1e        0x2 ff
 .text.rt_ringbuffer_init
                0x00008c20       0xa0 ./rt-thread/components/drivers/ipc/ringbuffer.o
                0x00008c20                rt_ringbuffer_init
 .text.rt_ringbuffer_put
                0x00008cc0      0x16c ./rt-thread/components/drivers/ipc/ringbuffer.o
                0x00008cc0                rt_ringbuffer_put
 .text.rt_ringbuffer_get
                0x00008e2c      0x15c ./rt-thread/components/drivers/ipc/ringbuffer.o
                0x00008e2c                rt_ringbuffer_get
 .text.rt_ringbuffer_putchar
                0x00008f88       0xbc ./rt-thread/components/drivers/ipc/ringbuffer.o
                0x00008f88                rt_ringbuffer_putchar
 .text.rt_ringbuffer_data_len
                0x00009044       0x66 ./rt-thread/components/drivers/ipc/ringbuffer.o
                0x00009044                rt_ringbuffer_data_len
 *fill*         0x000090aa        0x2 ff
 .text.dfs_init
                0x000090ac       0x9c ./rt-thread/components/dfs/src/dfs.o
                0x000090ac                dfs_init
 .text.dfs_lock
                0x00009148       0x48 ./rt-thread/components/dfs/src/dfs.o
                0x00009148                dfs_lock
 .text.dfs_unlock
                0x00009190       0x14 ./rt-thread/components/dfs/src/dfs.o
                0x00009190                dfs_unlock
 .text.fd_alloc
                0x000091a4      0x110 ./rt-thread/components/dfs/src/dfs.o
 .text.fd_new   0x000092b4       0x78 ./rt-thread/components/dfs/src/dfs.o
                0x000092b4                fd_new
 .text.fd_get   0x0000932c       0x6e ./rt-thread/components/dfs/src/dfs.o
                0x0000932c                fd_get
 *fill*         0x0000939a        0x2 ff
 .text.fd_put   0x0000939c       0x88 ./rt-thread/components/dfs/src/dfs.o
                0x0000939c                fd_put
 .text.fd_is_open
                0x00009424       0xe6 ./rt-thread/components/dfs/src/dfs.o
                0x00009424                fd_is_open
 .text.dfs_subdir
                0x0000950a       0x50 ./rt-thread/components/dfs/src/dfs.o
                0x0000950a                dfs_subdir
 *fill*         0x0000955a        0x2 ff
 .text.dfs_normalize_path
                0x0000955c      0x208 ./rt-thread/components/dfs/src/dfs.o
                0x0000955c                dfs_normalize_path
 .text.dfs_fdtable_get
                0x00009764       0x1c ./rt-thread/components/dfs/src/dfs.o
                0x00009764                dfs_fdtable_get
 .text.list_fd  0x00009780      0x180 ./rt-thread/components/dfs/src/dfs.o
                0x00009780                list_fd
 .text.dfs_file_open
                0x00009900      0x148 ./rt-thread/components/dfs/src/dfs_file.o
                0x00009900                dfs_file_open
 .text.dfs_file_close
                0x00009a48       0x52 ./rt-thread/components/dfs/src/dfs_file.o
                0x00009a48                dfs_file_close
 .text.dfs_file_read
                0x00009a9a       0x58 ./rt-thread/components/dfs/src/dfs_file.o
                0x00009a9a                dfs_file_read
 .text.dfs_file_getdents
                0x00009af2       0x48 ./rt-thread/components/dfs/src/dfs_file.o
                0x00009af2                dfs_file_getdents
 *fill*         0x00009b3a        0x2 ff
 .text.dfs_file_unlink
                0x00009b3c       0xcc ./rt-thread/components/dfs/src/dfs_file.o
                0x00009b3c                dfs_file_unlink
 .text.dfs_file_write
                0x00009c08       0x40 ./rt-thread/components/dfs/src/dfs_file.o
                0x00009c08                dfs_file_write
 .text.dfs_file_lseek
                0x00009c48       0x4a ./rt-thread/components/dfs/src/dfs_file.o
                0x00009c48                dfs_file_lseek
 *fill*         0x00009c92        0x2 ff
 .text.dfs_file_stat
                0x00009c94      0x134 ./rt-thread/components/dfs/src/dfs_file.o
                0x00009c94                dfs_file_stat
 .text.dfs_file_rename
                0x00009dc8       0xda ./rt-thread/components/dfs/src/dfs_file.o
                0x00009dc8                dfs_file_rename
 *fill*         0x00009ea2        0x2 ff
 .text.ls       0x00009ea4      0x120 ./rt-thread/components/dfs/src/dfs_file.o
                0x00009ea4                ls
 .text.cat      0x00009fc4       0x7c ./rt-thread/components/dfs/src/dfs_file.o
                0x00009fc4                cat
 .text.copyfile
                0x0000a040       0xe0 ./rt-thread/components/dfs/src/dfs_file.o
 .text.copydir  0x0000a120      0x1b8 ./rt-thread/components/dfs/src/dfs_file.o
 .text._get_path_lastname
                0x0000a2d8       0x2c ./rt-thread/components/dfs/src/dfs_file.o
 .text.copy     0x0000a304      0x15c ./rt-thread/components/dfs/src/dfs_file.o
                0x0000a304                copy
 .text.dfs_register
                0x0000a460       0xc0 ./rt-thread/components/dfs/src/dfs_fs.o
                0x0000a460                dfs_register
 .text.dfs_filesystem_lookup
                0x0000a520       0xc4 ./rt-thread/components/dfs/src/dfs_fs.o
                0x0000a520                dfs_filesystem_lookup
 .text.dfs_mount
                0x0000a5e4      0x244 ./rt-thread/components/dfs/src/dfs_fs.o
                0x0000a5e4                dfs_mount
 .text.dfs_unmount
                0x0000a828       0xe0 ./rt-thread/components/dfs/src/dfs_fs.o
                0x0000a828                dfs_unmount
 .text.dfs_mkfs
                0x0000a908      0x104 ./rt-thread/components/dfs/src/dfs_fs.o
                0x0000a908                dfs_mkfs
 .text.dfs_statfs
                0x0000aa0c       0x3e ./rt-thread/components/dfs/src/dfs_fs.o
                0x0000aa0c                dfs_statfs
 *fill*         0x0000aa4a        0x2 ff
 .text.df       0x0000aa4c      0x1d0 ./rt-thread/components/dfs/src/dfs_fs.o
                0x0000aa4c                df
 .text.open     0x0000ac1c       0x6c ./rt-thread/components/dfs/src/dfs_posix.o
                0x0000ac1c                open
 .text.close    0x0000ac88       0x54 ./rt-thread/components/dfs/src/dfs_posix.o
                0x0000ac88                close
 .text.read     0x0000acdc       0x5c ./rt-thread/components/dfs/src/dfs_posix.o
                0x0000acdc                read
 .text.write    0x0000ad38       0x5c ./rt-thread/components/dfs/src/dfs_posix.o
                0x0000ad38                write
 .text.lseek    0x0000ad94       0xba ./rt-thread/components/dfs/src/dfs_posix.o
                0x0000ad94                lseek
 .text.rename   0x0000ae4e       0x30 ./rt-thread/components/dfs/src/dfs_posix.o
                0x0000ae4e                rename
 .text.unlink   0x0000ae7e       0x2c ./rt-thread/components/dfs/src/dfs_posix.o
                0x0000ae7e                unlink
 .text.stat     0x0000aeaa       0x30 ./rt-thread/components/dfs/src/dfs_posix.o
                0x0000aeaa                stat
 *fill*         0x0000aeda        0x2 ff
 .text.mkdir    0x0000aedc       0x78 ./rt-thread/components/dfs/src/dfs_posix.o
                0x0000aedc                mkdir
 .text.opendir  0x0000af54       0x98 ./rt-thread/components/dfs/src/dfs_posix.o
                0x0000af54                opendir
 .text.readdir  0x0000afec       0xbc ./rt-thread/components/dfs/src/dfs_posix.o
                0x0000afec                readdir
 .text.rewinddir
                0x0000b0a8       0x52 ./rt-thread/components/dfs/src/dfs_posix.o
                0x0000b0a8                rewinddir
 .text.closedir
                0x0000b0fa       0x5e ./rt-thread/components/dfs/src/dfs_posix.o
                0x0000b0fa                closedir
 .text.chdir    0x0000b158       0xac ./rt-thread/components/dfs/src/dfs_posix.o
                0x0000b158                chdir
 .text.getcwd   0x0000b204       0x2c ./rt-thread/components/dfs/src/dfs_posix.o
                0x0000b204                getcwd
 .text.dfs_device_fs_mount
                0x0000b230       0x1a ./rt-thread/components/dfs/filesystems/devfs/devfs.o
                0x0000b230                dfs_device_fs_mount
 *fill*         0x0000b24a        0x2 ff
 .text.dfs_device_fs_ioctl
                0x0000b24c       0x60 ./rt-thread/components/dfs/filesystems/devfs/devfs.o
                0x0000b24c                dfs_device_fs_ioctl
 .text.dfs_device_fs_read
                0x0000b2ac       0x68 ./rt-thread/components/dfs/filesystems/devfs/devfs.o
                0x0000b2ac                dfs_device_fs_read
 .text.dfs_device_fs_write
                0x0000b314       0x68 ./rt-thread/components/dfs/filesystems/devfs/devfs.o
                0x0000b314                dfs_device_fs_write
 .text.dfs_device_fs_close
                0x0000b37c       0x8c ./rt-thread/components/dfs/filesystems/devfs/devfs.o
                0x0000b37c                dfs_device_fs_close
 .text.dfs_device_fs_open
                0x0000b408      0x198 ./rt-thread/components/dfs/filesystems/devfs/devfs.o
                0x0000b408                dfs_device_fs_open
 .text.dfs_device_fs_stat
                0x0000b5a0       0xf2 ./rt-thread/components/dfs/filesystems/devfs/devfs.o
                0x0000b5a0                dfs_device_fs_stat
 *fill*         0x0000b692        0x2 ff
 .text.dfs_device_fs_getdents
                0x0000b694       0xdc ./rt-thread/components/dfs/filesystems/devfs/devfs.o
                0x0000b694                dfs_device_fs_getdents
 .text.dfs_device_fs_poll
                0x0000b770       0x1c ./rt-thread/components/dfs/filesystems/devfs/devfs.o
 .text.devfs_init
                0x0000b78c       0x14 ./rt-thread/components/dfs/filesystems/devfs/devfs.o
                0x0000b78c                devfs_init
 .text.main     0x0000b7a0        0xe ./ra_gen/main.o
                0x0000b7a0                main
 .text.R_FSP_CurrentIrqGet
                0x0000b7ae       0x2c ./ra/fsp/src/r_sci_uart/r_sci_uart.o
 *fill*         0x0000b7da        0x2 ff
 .text.R_FSP_IsrContextSet
                0x0000b7dc       0x28 ./ra/fsp/src/r_sci_uart/r_sci_uart.o
 .text.R_BSP_IrqStatusClear
                0x0000b804       0x30 ./ra/fsp/src/r_sci_uart/r_sci_uart.o
 .text.R_BSP_IrqClearPending
                0x0000b834       0x40 ./ra/fsp/src/r_sci_uart/r_sci_uart.o
 .text.R_BSP_IrqCfg
                0x0000b874       0x3c ./ra/fsp/src/r_sci_uart/r_sci_uart.o
 .text.R_BSP_IrqEnableNoClear
                0x0000b8b0       0x38 ./ra/fsp/src/r_sci_uart/r_sci_uart.o
 .text.R_BSP_IrqEnable
                0x0000b8e8       0x26 ./ra/fsp/src/r_sci_uart/r_sci_uart.o
 *fill*         0x0000b90e        0x2 ff
 .text.R_BSP_IrqDisable
                0x0000b910       0x48 ./ra/fsp/src/r_sci_uart/r_sci_uart.o
 .text.R_FSP_IsrContextGet
                0x0000b958       0x24 ./ra/fsp/src/r_sci_uart/r_sci_uart.o
 .text.R_SCI_UART_Open
                0x0000b97c      0x1ac ./ra/fsp/src/r_sci_uart/r_sci_uart.o
                0x0000b97c                R_SCI_UART_Open
 .text.r_sci_uart_config_set
                0x0000bb28      0x120 ./ra/fsp/src/r_sci_uart/r_sci_uart.o
 .text.r_sci_irq_cfg
                0x0000bc48       0x3a ./ra/fsp/src/r_sci_uart/r_sci_uart.o
 .text.r_sci_irqs_cfg
                0x0000bc82       0x5a ./ra/fsp/src/r_sci_uart/r_sci_uart.o
 .text.r_sci_uart_baud_set
                0x0000bcdc       0x58 ./ra/fsp/src/r_sci_uart/r_sci_uart.o
 .text.r_sci_uart_call_callback
                0x0000bd34       0x76 ./ra/fsp/src/r_sci_uart/r_sci_uart.o
 .text.sci_uart_txi_isr
                0x0000bdaa       0xd0 ./ra/fsp/src/r_sci_uart/r_sci_uart.o
                0x0000bdaa                sci_uart_txi_isr
 .text.sci_uart_rxi_isr
                0x0000be7a       0xbc ./ra/fsp/src/r_sci_uart/r_sci_uart.o
                0x0000be7a                sci_uart_rxi_isr
 .text.sci_uart_tei_isr
                0x0000bf36       0x4a ./ra/fsp/src/r_sci_uart/r_sci_uart.o
                0x0000bf36                sci_uart_tei_isr
 .text.sci_uart_eri_isr
                0x0000bf80       0xa8 ./ra/fsp/src/r_sci_uart/r_sci_uart.o
                0x0000bf80                sci_uart_eri_isr
 .text.R_BSP_PinRead
                0x0000c028       0x38 ./ra/fsp/src/r_ioport/r_ioport.o
 .text.R_BSP_PinAccessEnable
                0x0000c060       0x60 ./ra/fsp/src/r_ioport/r_ioport.o
 .text.R_BSP_PinAccessDisable
                0x0000c0c0       0x68 ./ra/fsp/src/r_ioport/r_ioport.o
 .text.R_IOPORT_Open
                0x0000c128       0x28 ./ra/fsp/src/r_ioport/r_ioport.o
                0x0000c128                R_IOPORT_Open
 .text.R_IOPORT_Close
                0x0000c150       0x20 ./ra/fsp/src/r_ioport/r_ioport.o
                0x0000c150                R_IOPORT_Close
 .text.R_IOPORT_PinsCfg
                0x0000c170       0x1a ./ra/fsp/src/r_ioport/r_ioport.o
                0x0000c170                R_IOPORT_PinsCfg
 .text.R_IOPORT_PinCfg
                0x0000c18a       0x46 ./ra/fsp/src/r_ioport/r_ioport.o
                0x0000c18a                R_IOPORT_PinCfg
 .text.R_IOPORT_PinRead
                0x0000c1d0       0x28 ./ra/fsp/src/r_ioport/r_ioport.o
                0x0000c1d0                R_IOPORT_PinRead
 .text.R_IOPORT_PortRead
                0x0000c1f8       0x3a ./ra/fsp/src/r_ioport/r_ioport.o
                0x0000c1f8                R_IOPORT_PortRead
 .text.R_IOPORT_PortWrite
                0x0000c232       0x62 ./ra/fsp/src/r_ioport/r_ioport.o
                0x0000c232                R_IOPORT_PortWrite
 .text.R_IOPORT_PinWrite
                0x0000c294       0x6e ./ra/fsp/src/r_ioport/r_ioport.o
                0x0000c294                R_IOPORT_PinWrite
 .text.R_IOPORT_PortDirectionSet
                0x0000c302       0x72 ./ra/fsp/src/r_ioport/r_ioport.o
                0x0000c302                R_IOPORT_PortDirectionSet
 .text.R_IOPORT_PortEventInputRead
                0x0000c374       0x3e ./ra/fsp/src/r_ioport/r_ioport.o
                0x0000c374                R_IOPORT_PortEventInputRead
 .text.R_IOPORT_PinEventInputRead
                0x0000c3b2       0x62 ./ra/fsp/src/r_ioport/r_ioport.o
                0x0000c3b2                R_IOPORT_PinEventInputRead
 .text.R_IOPORT_PortEventOutputWrite
                0x0000c414       0x62 ./ra/fsp/src/r_ioport/r_ioport.o
                0x0000c414                R_IOPORT_PortEventOutputWrite
 .text.R_IOPORT_PinEventOutputWrite
                0x0000c476       0x5e ./ra/fsp/src/r_ioport/r_ioport.o
                0x0000c476                R_IOPORT_PinEventOutputWrite
 .text.R_IOPORT_EthernetModeCfg
                0x0000c4d4       0x28 ./ra/fsp/src/r_ioport/r_ioport.o
                0x0000c4d4                R_IOPORT_EthernetModeCfg
 .text.r_ioport_pins_config
                0x0000c4fc       0x56 ./ra/fsp/src/r_ioport/r_ioport.o
 .text.r_ioport_hw_pin_event_output_data_write
                0x0000c552       0x88 ./ra/fsp/src/r_ioport/r_ioport.o
 *fill*         0x0000c5da        0x2 ff
 .text.r_ioport_pfs_write
                0x0000c5dc       0x78 ./ra/fsp/src/r_ioport/r_ioport.o
 .text.bsp_vbatt_init
                0x0000c654       0xd8 ./ra/fsp/src/r_ioport/r_ioport.o
 .text.R_FSP_CurrentIrqGet
                0x0000c72c       0x2c ./ra/fsp/src/r_icu/r_icu.o
 .text.R_FSP_IsrContextSet
                0x0000c758       0x28 ./ra/fsp/src/r_icu/r_icu.o
 .text.R_BSP_IrqStatusClear
                0x0000c780       0x30 ./ra/fsp/src/r_icu/r_icu.o
 .text.R_BSP_IrqClearPending
                0x0000c7b0       0x40 ./ra/fsp/src/r_icu/r_icu.o
 .text.R_BSP_IrqCfg
                0x0000c7f0       0x3c ./ra/fsp/src/r_icu/r_icu.o
 .text.R_BSP_IrqEnableNoClear
                0x0000c82c       0x38 ./ra/fsp/src/r_icu/r_icu.o
 .text.R_BSP_IrqEnable
                0x0000c864       0x26 ./ra/fsp/src/r_icu/r_icu.o
 *fill*         0x0000c88a        0x2 ff
 .text.R_BSP_IrqDisable
                0x0000c88c       0x48 ./ra/fsp/src/r_icu/r_icu.o
 .text.R_FSP_IsrContextGet
                0x0000c8d4       0x24 ./ra/fsp/src/r_icu/r_icu.o
 .text.R_ICU_ExternalIrqOpen
                0x0000c8f8       0xcc ./ra/fsp/src/r_icu/r_icu.o
                0x0000c8f8                R_ICU_ExternalIrqOpen
 .text.R_ICU_ExternalIrqEnable
                0x0000c9c4       0x22 ./ra/fsp/src/r_icu/r_icu.o
                0x0000c9c4                R_ICU_ExternalIrqEnable
 .text.R_ICU_ExternalIrqDisable
                0x0000c9e6       0x22 ./ra/fsp/src/r_icu/r_icu.o
                0x0000c9e6                R_ICU_ExternalIrqDisable
 .text.R_ICU_ExternalIrqClose
                0x0000ca08       0x40 ./ra/fsp/src/r_icu/r_icu.o
                0x0000ca08                R_ICU_ExternalIrqClose
 .text.r_icu_isr
                0x0000ca48       0x80 ./ra/fsp/src/r_icu/r_icu.o
                0x0000ca48                r_icu_isr
 .text.R_BSP_FlashCacheEnable
                0x0000cac8       0x40 ./ra/fsp/src/bsp/mcu/all/bsp_clocks.o
 .text.SystemCoreClockUpdate
                0x0000cb08       0x40 ./ra/fsp/src/bsp/mcu/all/bsp_clocks.o
                0x0000cb08                SystemCoreClockUpdate
 .text.bsp_prv_clock_set_hard_reset
                0x0000cb48       0x30 ./ra/fsp/src/bsp/mcu/all/bsp_clocks.o
 .text.bsp_clock_freq_var_init
                0x0000cb78       0x48 ./ra/fsp/src/bsp/mcu/all/bsp_clocks.o
 .text.bsp_clock_init
                0x0000cbc0       0xa4 ./ra/fsp/src/bsp/mcu/all/bsp_clocks.o
                0x0000cbc0                bsp_clock_init
 .text.bsp_init_internal
                0x0000cc64       0x14 ./ra/fsp/src/bsp/mcu/all/bsp_common.o
                0x0000cc64                bsp_init_internal
                0x0000cc64                bsp_init
 .text.bsp_group_irq_call
                0x0000cc78       0x30 ./ra/fsp/src/bsp/mcu/all/bsp_group_irq.o
 .text.NMI_Handler
                0x0000cca8       0x4c ./ra/fsp/src/bsp/mcu/all/bsp_group_irq.o
                0x0000cca8                NMI_Handler
 .text.bsp_irq_cfg
                0x0000ccf4      0x104 ./ra/fsp/src/bsp/mcu/all/bsp_irq.o
                0x0000ccf4                bsp_irq_cfg
 .text.R_BSP_RegisterProtectEnable
                0x0000cdf8       0xa0 ./ra/fsp/src/bsp/mcu/all/bsp_register_protection.o
                0x0000cdf8                R_BSP_RegisterProtectEnable
 .text.R_BSP_RegisterProtectDisable
                0x0000ce98       0x90 ./ra/fsp/src/bsp/mcu/all/bsp_register_protection.o
                0x0000ce98                R_BSP_RegisterProtectDisable
 .text.Reset_Handler
                0x0000cf28        0xe ./ra/fsp/src/bsp/cmsis/Device/RENESAS/Source/startup.o
                0x0000cf28                Reset_Handler
 .text.Default_Handler
                0x0000cf36       0x10 ./ra/fsp/src/bsp/cmsis/Device/RENESAS/Source/startup.o
                0x0000cf36                UsageFault_Handler
                0x0000cf36                SecureFault_Handler
                0x0000cf36                Default_Handler
                0x0000cf36                MemManage_Handler
                0x0000cf36                SVC_Handler
                0x0000cf36                BusFault_Handler
                0x0000cf36                DebugMon_Handler
 *fill*         0x0000cf46        0x2 ff
 .text.SystemInit
                0x0000cf48       0xf0 ./ra/fsp/src/bsp/cmsis/Device/RENESAS/Source/system.o
                0x0000cf48                SystemInit
 .text._rtt_cfg
                0x0000d038       0x18 ./packages/SEGGER_RTT-latest/adapter/drv_rtt.o
 .text._rtt_ctrl
                0x0000d050       0x1a ./packages/SEGGER_RTT-latest/adapter/drv_rtt.o
 .text._rtt_putc
                0x0000d06a       0x20 ./packages/SEGGER_RTT-latest/adapter/drv_rtt.o
 .text._rtt_getc
                0x0000d08a       0x16 ./packages/SEGGER_RTT-latest/adapter/drv_rtt.o
 .text.segger_rtt_check
                0x0000d0a0       0x20 ./packages/SEGGER_RTT-latest/adapter/drv_rtt.o
 .text.rt_hw_jlink_rtt_init
                0x0000d0c0       0xa4 ./packages/SEGGER_RTT-latest/adapter/drv_rtt.o
                0x0000d0c0                rt_hw_jlink_rtt_init
 .text._DoInit  0x0000d164       0xb0 ./packages/SEGGER_RTT-latest/RTT/SEGGER_RTT.o
 .text._WriteBlocking
                0x0000d214       0xba ./packages/SEGGER_RTT-latest/RTT/SEGGER_RTT.o
 .text._WriteNoCheck
                0x0000d2ce       0x90 ./packages/SEGGER_RTT-latest/RTT/SEGGER_RTT.o
 .text._GetAvailWriteSpace
                0x0000d35e       0x46 ./packages/SEGGER_RTT-latest/RTT/SEGGER_RTT.o
 .text.SEGGER_RTT_ReadNoLock
                0x0000d3a4      0x10c ./packages/SEGGER_RTT-latest/RTT/SEGGER_RTT.o
                0x0000d3a4                SEGGER_RTT_ReadNoLock
 .text.SEGGER_RTT_Read
                0x0000d4b0       0x36 ./packages/SEGGER_RTT-latest/RTT/SEGGER_RTT.o
                0x0000d4b0                SEGGER_RTT_Read
 *fill*         0x0000d4e6        0x2 ff
 .text.SEGGER_RTT_WriteNoLock
                0x0000d4e8       0xa0 ./packages/SEGGER_RTT-latest/RTT/SEGGER_RTT.o
                0x0000d4e8                SEGGER_RTT_WriteNoLock
 .text.SEGGER_RTT_Write
                0x0000d588       0x4c ./packages/SEGGER_RTT-latest/RTT/SEGGER_RTT.o
                0x0000d588                SEGGER_RTT_Write
 .text.SEGGER_RTT_PutChar
                0x0000d5d4       0xac ./packages/SEGGER_RTT-latest/RTT/SEGGER_RTT.o
                0x0000d5d4                SEGGER_RTT_PutChar
 .text.SEGGER_RTT_GetKey
                0x0000d680       0x32 ./packages/SEGGER_RTT-latest/RTT/SEGGER_RTT.o
                0x0000d680                SEGGER_RTT_GetKey
 *fill*         0x0000d6b2        0x2 ff
 .text.SEGGER_RTT_HasKey
                0x0000d6b4       0x48 ./packages/SEGGER_RTT-latest/RTT/SEGGER_RTT.o
                0x0000d6b4                SEGGER_RTT_HasKey
 .text.SEGGER_RTT_ConfigUpBuffer
                0x0000d6fc       0x94 ./packages/SEGGER_RTT-latest/RTT/SEGGER_RTT.o
                0x0000d6fc                SEGGER_RTT_ConfigUpBuffer
 .text.SEGGER_RTT_ConfigDownBuffer
                0x0000d790       0x98 ./packages/SEGGER_RTT-latest/RTT/SEGGER_RTT.o
                0x0000d790                SEGGER_RTT_ConfigDownBuffer
 .text.SEGGER_RTT_Init
                0x0000d828        0xc ./packages/SEGGER_RTT-latest/RTT/SEGGER_RTT.o
                0x0000d828                SEGGER_RTT_Init
 .text.SEGGER_RTT_SetTerminal
                0x0000d834       0xb8 ./packages/SEGGER_RTT-latest/RTT/SEGGER_RTT.o
                0x0000d834                SEGGER_RTT_SetTerminal
 .text._StoreChar
                0x0000d8ec       0x7c ./packages/SEGGER_RTT-latest/RTT/SEGGER_RTT_printf.o
 .text._PrintUnsigned
                0x0000d968      0x158 ./packages/SEGGER_RTT-latest/RTT/SEGGER_RTT_printf.o
 .text._PrintInt
                0x0000dac0      0x14e ./packages/SEGGER_RTT-latest/RTT/SEGGER_RTT_printf.o
 *fill*         0x0000dc0e        0x2 ff
 .text.SEGGER_RTT_vprintf
                0x0000dc10      0x3a8 ./packages/SEGGER_RTT-latest/RTT/SEGGER_RTT_printf.o
                0x0000dc10                SEGGER_RTT_vprintf
 .text.SEGGER_RTT_printf
                0x0000dfb8       0x30 ./packages/SEGGER_RTT-latest/RTT/SEGGER_RTT_printf.o
                0x0000dfb8                SEGGER_RTT_printf
 .text.__NVIC_SetPriority
                0x0000dfe8       0x54 ./libraries/HAL_Drivers/drv_common.o
 .text.__NVIC_SystemReset
                0x0000e03c       0x2c ./libraries/HAL_Drivers/drv_common.o
 .text.SysTick_Config
                0x0000e068       0x44 ./libraries/HAL_Drivers/drv_common.o
 .text.reboot   0x0000e0ac       0x10 ./libraries/HAL_Drivers/drv_common.o
 .text.rt_hw_systick_init
                0x0000e0bc       0x2c ./libraries/HAL_Drivers/drv_common.o
                0x0000e0bc                rt_hw_systick_init
 .text.SysTick_Handler
                0x0000e0e8       0x14 ./libraries/HAL_Drivers/drv_common.o
                0x0000e0e8                SysTick_Handler
 .text.rt_hw_board_init
                0x0000e0fc       0x34 ./libraries/HAL_Drivers/drv_common.o
                0x0000e0fc                rt_hw_board_init
 .text.R_BSP_WarmStart
                0x0000e130       0x2c ./libraries/HAL_Drivers/drv_common.o
                0x0000e130                R_BSP_WarmStart
 .text.R_BSP_PinRead
                0x0000e15c       0x38 ./libraries/HAL_Drivers/drv_gpio.o
 .text.R_BSP_PinWrite
                0x0000e194       0x68 ./libraries/HAL_Drivers/drv_gpio.o
 .text.R_BSP_PinAccessEnable
                0x0000e1fc       0x60 ./libraries/HAL_Drivers/drv_gpio.o
 .text.R_BSP_PinAccessDisable
                0x0000e25c       0x68 ./libraries/HAL_Drivers/drv_gpio.o
 .text.ra_pin_get_irqx
                0x0000e2c4      0x280 ./libraries/HAL_Drivers/drv_gpio.o
 .text.ra_irq_tab_init
                0x0000e544       0x7c ./libraries/HAL_Drivers/drv_gpio.o
 .text.ra_pin_map_init
                0x0000e5c0       0x28 ./libraries/HAL_Drivers/drv_gpio.o
 .text.ra_pin_mode
                0x0000e5e8       0xf8 ./libraries/HAL_Drivers/drv_gpio.o
 .text.ra_pin_write
                0x0000e6e0       0x3a ./libraries/HAL_Drivers/drv_gpio.o
 *fill*         0x0000e71a        0x2 ff
 .text.ra_pin_read
                0x0000e71c       0x50 ./libraries/HAL_Drivers/drv_gpio.o
 .text.ra_pin_irq_enable
                0x0000e76c      0x120 ./libraries/HAL_Drivers/drv_gpio.o
 .text.ra_pin_attach_irq
                0x0000e88c      0x12c ./libraries/HAL_Drivers/drv_gpio.o
 .text.ra_pin_dettach_irq
                0x0000e9b8       0xb4 ./libraries/HAL_Drivers/drv_gpio.o
 .text.ra_pin_get
                0x0000ea6c       0xce ./libraries/HAL_Drivers/drv_gpio.o
 *fill*         0x0000eb3a        0x2 ff
 .text.rt_hw_pin_init
                0x0000eb3c       0x24 ./libraries/HAL_Drivers/drv_gpio.o
                0x0000eb3c                rt_hw_pin_init
 .text.irq0_callback
                0x0000eb60       0x34 ./libraries/HAL_Drivers/drv_gpio.o
                0x0000eb60                irq0_callback
 .text.ra_uart_get_config
                0x0000eb94       0x50 ./libraries/HAL_Drivers/drv_usart_v2.o
 .text.ra_uart_configure
                0x0000ebe4       0x7c ./libraries/HAL_Drivers/drv_usart_v2.o
 .text.ra_uart_control
                0x0000ec60       0x1a ./libraries/HAL_Drivers/drv_usart_v2.o
 *fill*         0x0000ec7a        0x2 ff
 .text.ra_uart_putc
                0x0000ec7c       0x68 ./libraries/HAL_Drivers/drv_usart_v2.o
 .text.ra_uart_getc
                0x0000ece4       0x16 ./libraries/HAL_Drivers/drv_usart_v2.o
 *fill*         0x0000ecfa        0x2 ff
 .text.user_uart7_callback
                0x0000ecfc       0x78 ./libraries/HAL_Drivers/drv_usart_v2.o
                0x0000ecfc                user_uart7_callback
 .text.rt_hw_usart_init
                0x0000ed74       0xb8 ./libraries/HAL_Drivers/drv_usart_v2.o
                0x0000ed74                rt_hw_usart_init
 .text.atoi     0x0000ee2c        0x8 d:/rt-thread/rt-threadstudio/repo/extract/toolchain_support_packages/arm/gnu_tools_for_arm_embedded_processors/10.2.1/bin/../lib/gcc/arm-none-eabi/10.2.1/../../../../arm-none-eabi/lib/thumb/v8-m.main+fp/hard\libc.a(lib_a-atoi.o)
                0x0000ee2c                atoi
 .text.memcmp   0x0000ee34       0x60 d:/rt-thread/rt-threadstudio/repo/extract/toolchain_support_packages/arm/gnu_tools_for_arm_embedded_processors/10.2.1/bin/../lib/gcc/arm-none-eabi/10.2.1/../../../../arm-none-eabi/lib/thumb/v8-m.main+fp/hard\libc.a(lib_a-memcmp.o)
                0x0000ee34                memcmp
 .text          0x0000ee94       0xec d:/rt-thread/rt-threadstudio/repo/extract/toolchain_support_packages/arm/gnu_tools_for_arm_embedded_processors/10.2.1/bin/../lib/gcc/arm-none-eabi/10.2.1/../../../../arm-none-eabi/lib/thumb/v8-m.main+fp/hard\libc.a(lib_a-memcpy.o)
                0x0000ee94                memcpy
 .text.memset   0x0000ef80       0xa4 d:/rt-thread/rt-threadstudio/repo/extract/toolchain_support_packages/arm/gnu_tools_for_arm_embedded_processors/10.2.1/bin/../lib/gcc/arm-none-eabi/10.2.1/../../../../arm-none-eabi/lib/thumb/v8-m.main+fp/hard\libc.a(lib_a-memset.o)
                0x0000ef80                memset
 .text          0x0000f024      0x1bc d:/rt-thread/rt-threadstudio/repo/extract/toolchain_support_packages/arm/gnu_tools_for_arm_embedded_processors/10.2.1/bin/../lib/gcc/arm-none-eabi/10.2.1/../../../../arm-none-eabi/lib/thumb/v8-m.main+fp/hard\libc.a(lib_a-strcmp.o)
                0x0000f024                strcmp
 .text.strcpy   0x0000f1e0       0xbc d:/rt-thread/rt-threadstudio/repo/extract/toolchain_support_packages/arm/gnu_tools_for_arm_embedded_processors/10.2.1/bin/../lib/gcc/arm-none-eabi/10.2.1/../../../../arm-none-eabi/lib/thumb/v8-m.main+fp/hard\libc.a(lib_a-strcpy.o)
                0x0000f1e0                strcpy
 .text.strlen   0x0000f29c       0x5c d:/rt-thread/rt-threadstudio/repo/extract/toolchain_support_packages/arm/gnu_tools_for_arm_embedded_processors/10.2.1/bin/../lib/gcc/arm-none-eabi/10.2.1/../../../../arm-none-eabi/lib/thumb/v8-m.main+fp/hard\libc.a(lib_a-strlen-stub.o)
                0x0000f29c                strlen
 .text.strncmp  0x0000f2f8       0x78 d:/rt-thread/rt-threadstudio/repo/extract/toolchain_support_packages/arm/gnu_tools_for_arm_embedded_processors/10.2.1/bin/../lib/gcc/arm-none-eabi/10.2.1/../../../../arm-none-eabi/lib/thumb/v8-m.main+fp/hard\libc.a(lib_a-strncmp.o)
                0x0000f2f8                strncmp
 .text.strncpy  0x0000f370       0x64 d:/rt-thread/rt-threadstudio/repo/extract/toolchain_support_packages/arm/gnu_tools_for_arm_embedded_processors/10.2.1/bin/../lib/gcc/arm-none-eabi/10.2.1/../../../../arm-none-eabi/lib/thumb/v8-m.main+fp/hard\libc.a(lib_a-strncpy.o)
                0x0000f370                strncpy
 .text.strrchr  0x0000f3d4       0x24 d:/rt-thread/rt-threadstudio/repo/extract/toolchain_support_packages/arm/gnu_tools_for_arm_embedded_processors/10.2.1/bin/../lib/gcc/arm-none-eabi/10.2.1/../../../../arm-none-eabi/lib/thumb/v8-m.main+fp/hard\libc.a(lib_a-strrchr.o)
                0x0000f3d4                strrchr
 .text.two_way_long_needle
                0x0000f3f8      0x2c0 d:/rt-thread/rt-threadstudio/repo/extract/toolchain_support_packages/arm/gnu_tools_for_arm_embedded_processors/10.2.1/bin/../lib/gcc/arm-none-eabi/10.2.1/../../../../arm-none-eabi/lib/thumb/v8-m.main+fp/hard\libc.a(lib_a-strstr.o)
 .text.strstr   0x0000f6b8      0x174 d:/rt-thread/rt-threadstudio/repo/extract/toolchain_support_packages/arm/gnu_tools_for_arm_embedded_processors/10.2.1/bin/../lib/gcc/arm-none-eabi/10.2.1/../../../../arm-none-eabi/lib/thumb/v8-m.main+fp/hard\libc.a(lib_a-strstr.o)
                0x0000f6b8                strstr
 .text._strtol_l.part.0
                0x0000f82c      0x104 d:/rt-thread/rt-threadstudio/repo/extract/toolchain_support_packages/arm/gnu_tools_for_arm_embedded_processors/10.2.1/bin/../lib/gcc/arm-none-eabi/10.2.1/../../../../arm-none-eabi/lib/thumb/v8-m.main+fp/hard\libc.a(lib_a-strtol.o)
 .text.strtol   0x0000f930       0x2c d:/rt-thread/rt-threadstudio/repo/extract/toolchain_support_packages/arm/gnu_tools_for_arm_embedded_processors/10.2.1/bin/../lib/gcc/arm-none-eabi/10.2.1/../../../../arm-none-eabi/lib/thumb/v8-m.main+fp/hard\libc.a(lib_a-strtol.o)
                0x0000f930                strtol
 .text.startup.register_fini
                0x0000f95c       0x14 d:/rt-thread/rt-threadstudio/repo/extract/toolchain_support_packages/arm/gnu_tools_for_arm_embedded_processors/10.2.1/bin/../lib/gcc/arm-none-eabi/10.2.1/../../../../arm-none-eabi/lib/thumb/v8-m.main+fp/hard\libc.a(lib_a-__call_atexit.o)
 .text.atexit   0x0000f970        0xc d:/rt-thread/rt-threadstudio/repo/extract/toolchain_support_packages/arm/gnu_tools_for_arm_embedded_processors/10.2.1/bin/../lib/gcc/arm-none-eabi/10.2.1/../../../../arm-none-eabi/lib/thumb/v8-m.main+fp/hard\libc.a(lib_a-atexit.o)
                0x0000f970                atexit
 .text.__libc_fini_array
                0x0000f97c       0x2c d:/rt-thread/rt-threadstudio/repo/extract/toolchain_support_packages/arm/gnu_tools_for_arm_embedded_processors/10.2.1/bin/../lib/gcc/arm-none-eabi/10.2.1/../../../../arm-none-eabi/lib/thumb/v8-m.main+fp/hard\libc.a(lib_a-fini.o)
                0x0000f97c                __libc_fini_array
 .text.__retarget_lock_acquire_recursive
                0x0000f9a8        0x4 d:/rt-thread/rt-threadstudio/repo/extract/toolchain_support_packages/arm/gnu_tools_for_arm_embedded_processors/10.2.1/bin/../lib/gcc/arm-none-eabi/10.2.1/../../../../arm-none-eabi/lib/thumb/v8-m.main+fp/hard\libc.a(lib_a-lock.o)
                0x0000f9a8                __retarget_lock_acquire_recursive
 .text.__retarget_lock_release_recursive
                0x0000f9ac        0x4 d:/rt-thread/rt-threadstudio/repo/extract/toolchain_support_packages/arm/gnu_tools_for_arm_embedded_processors/10.2.1/bin/../lib/gcc/arm-none-eabi/10.2.1/../../../../arm-none-eabi/lib/thumb/v8-m.main+fp/hard\libc.a(lib_a-lock.o)
                0x0000f9ac                __retarget_lock_release_recursive
 .text.strchr   0x0000f9b0       0xcc d:/rt-thread/rt-threadstudio/repo/extract/toolchain_support_packages/arm/gnu_tools_for_arm_embedded_processors/10.2.1/bin/../lib/gcc/arm-none-eabi/10.2.1/../../../../arm-none-eabi/lib/thumb/v8-m.main+fp/hard\libc.a(lib_a-strchr.o)
                0x0000f9b0                strchr
 .text.strnlen  0x0000fa7c       0x24 d:/rt-thread/rt-threadstudio/repo/extract/toolchain_support_packages/arm/gnu_tools_for_arm_embedded_processors/10.2.1/bin/../lib/gcc/arm-none-eabi/10.2.1/../../../../arm-none-eabi/lib/thumb/v8-m.main+fp/hard\libc.a(lib_a-strnlen.o)
                0x0000fa7c                strnlen
 .text.__register_exitproc
                0x0000faa0       0x90 d:/rt-thread/rt-threadstudio/repo/extract/toolchain_support_packages/arm/gnu_tools_for_arm_embedded_processors/10.2.1/bin/../lib/gcc/arm-none-eabi/10.2.1/../../../../arm-none-eabi/lib/thumb/v8-m.main+fp/hard\libc.a(lib_a-__atexit.o)
                0x0000faa0                __register_exitproc
 *(.version)
 .version       0x0000fb30       0x50 ./ra/fsp/src/bsp/mcu/all/bsp_common.o
 *(.init)
 .init          0x0000fb80        0x4 d:/rt-thread/rt-threadstudio/repo/extract/toolchain_support_packages/arm/gnu_tools_for_arm_embedded_processors/10.2.1/bin/../lib/gcc/arm-none-eabi/10.2.1/thumb/v8-m.main+fp/hard/crti.o
                0x0000fb80                _init
 .init          0x0000fb84        0x8 d:/rt-thread/rt-threadstudio/repo/extract/toolchain_support_packages/arm/gnu_tools_for_arm_embedded_processors/10.2.1/bin/../lib/gcc/arm-none-eabi/10.2.1/thumb/v8-m.main+fp/hard/crtn.o
 *(.fini)
 .fini          0x0000fb8c        0x4 d:/rt-thread/rt-threadstudio/repo/extract/toolchain_support_packages/arm/gnu_tools_for_arm_embedded_processors/10.2.1/bin/../lib/gcc/arm-none-eabi/10.2.1/thumb/v8-m.main+fp/hard/crti.o
                0x0000fb8c                _fini
 .fini          0x0000fb90        0x8 d:/rt-thread/rt-threadstudio/repo/extract/toolchain_support_packages/arm/gnu_tools_for_arm_embedded_processors/10.2.1/bin/../lib/gcc/arm-none-eabi/10.2.1/thumb/v8-m.main+fp/hard/crtn.o
                0x0000fb98                . = ALIGN (0x4)
                0x0000fb98                __fsymtab_start = .
 *(FSymTab)
 FSymTab        0x0000fb98        0xc ./src/hal_entry.o
                0x0000fb98                __fsym_icu_sample
 FSymTab        0x0000fba4       0x78 ./rt-thread/components/finsh/cmd.o
                0x0000fba4                __fsym_clear
                0x0000fbb0                __fsym_version
                0x0000fbbc                __fsym_list_thread
                0x0000fbc8                __fsym_list_sem
                0x0000fbd4                __fsym_list_event
                0x0000fbe0                __fsym_list_mutex
                0x0000fbec                __fsym_list_mailbox
                0x0000fbf8                __fsym_list_msgqueue
                0x0000fc04                __fsym_list_timer
                0x0000fc10                __fsym_list_device
 FSymTab        0x0000fc1c       0x24 ./rt-thread/components/finsh/msh.o
                0x0000fc1c                __fsym_help
                0x0000fc28                __fsym_ps
                0x0000fc34                __fsym_free
 FSymTab        0x0000fc40       0xa8 ./rt-thread/components/finsh/msh_file.o
                0x0000fc40                __fsym_ls
                0x0000fc4c                __fsym_cp
                0x0000fc58                __fsym_mv
                0x0000fc64                __fsym_cat
                0x0000fc70                __fsym_rm
                0x0000fc7c                __fsym_cd
                0x0000fc88                __fsym_pwd
                0x0000fc94                __fsym_mkdir
                0x0000fca0                __fsym_mkfs
                0x0000fcac                __fsym_mount
                0x0000fcb8                __fsym_umount
                0x0000fcc4                __fsym_df
                0x0000fcd0                __fsym_echo
                0x0000fcdc                __fsym_tail
 FSymTab        0x0000fce8        0xc ./rt-thread/components/dfs/src/dfs.o
                0x0000fce8                __fsym_list_fd
 FSymTab        0x0000fcf4        0xc ./libraries/HAL_Drivers/drv_common.o
                0x0000fcf4                __fsym_reboot
                0x0000fd00                __fsymtab_end = .
                0x0000fd00                . = ALIGN (0x4)
                0x0000fd00                __vsymtab_start = .
 *(VSymTab)
                0x0000fd00                __vsymtab_end = .
                0x0000fd00                . = ALIGN (0x4)
                0x0000fd00                __rt_init_start = .
 *(SORT_BY_NAME(.rti_fn*))
 .rti_fn.0      0x0000fd00        0x4 ./rt-thread/src/components.o
                0x0000fd00                __rt_init_rti_start
 .rti_fn.0.end  0x0000fd04        0x4 ./rt-thread/src/components.o
                0x0000fd04                __rt_init_rti_board_start
 .rti_fn.1.end  0x0000fd08        0x4 ./rt-thread/src/components.o
                0x0000fd08                __rt_init_rti_board_end
 .rti_fn.2      0x0000fd0c        0x4 ./rt-thread/components/dfs/src/dfs.o
                0x0000fd0c                __rt_init_dfs_init
 .rti_fn.6      0x0000fd10        0x4 ./rt-thread/components/finsh/shell.o
                0x0000fd10                __rt_init_finsh_system_init
 .rti_fn.6.end  0x0000fd14        0x4 ./rt-thread/src/components.o
                0x0000fd14                __rt_init_rti_end
                0x0000fd18                __rt_init_end = .
                0x0000fd18                . = ALIGN (0x4)
 *(FalPartTable)
 *crtbegin.o(.ctors)
 *crtbegin?.o(.ctors)
 *(EXCLUDE_FILE(*crtend.o *crtend?.o) .ctors)
 *(SORT_BY_NAME(.ctors.*))
 *(.ctors)
 *crtbegin.o(.dtors)
 *crtbegin?.o(.dtors)
 *(EXCLUDE_FILE(*crtend.o *crtend?.o) .dtors)
 *(SORT_BY_NAME(.dtors.*))
 *(.dtors)
 *(.rodata*)
 .rodata        0x0000fd18       0x83 ./src/hal_entry.o
 *fill*         0x0000fd9b        0x1 ff
 .rodata.name   0x0000fd9c       0x17 ./src/hal_entry.o
                0x0000fd9c                __fsym_icu_sample_name
                0x0000fda8                __fsym_icu_sample_desc
 *fill*         0x0000fdb3        0x1 ff
 .rodata        0x0000fdb4       0x17 ./rt-thread/src/components.o
 *fill*         0x0000fdcb        0x1 ff
 .rodata.__FUNCTION__.0
                0x0000fdcc       0x14 ./rt-thread/src/components.o
 .rodata        0x0000fde0       0xd0 ./rt-thread/src/device.o
 .rodata.__FUNCTION__.10
                0x0000feb0        0xf ./rt-thread/src/device.o
 *fill*         0x0000febf        0x1 ff
 .rodata.__FUNCTION__.6
                0x0000fec0        0xf ./rt-thread/src/device.o
 *fill*         0x0000fecf        0x1 ff
 .rodata.__FUNCTION__.5
                0x0000fed0       0x10 ./rt-thread/src/device.o
 .rodata.__FUNCTION__.4
                0x0000fee0        0xf ./rt-thread/src/device.o
 *fill*         0x0000feef        0x1 ff
 .rodata.__FUNCTION__.3
                0x0000fef0       0x10 ./rt-thread/src/device.o
 .rodata.__FUNCTION__.2
                0x0000ff00       0x12 ./rt-thread/src/device.o
 *fill*         0x0000ff12        0x2 ff
 .rodata.__FUNCTION__.1
                0x0000ff14       0x1a ./rt-thread/src/device.o
 *fill*         0x0000ff2e        0x2 ff
 .rodata        0x0000ff30        0x8 ./rt-thread/src/idle.o
 .rodata        0x0000ff38      0x4de ./rt-thread/src/ipc.o
 *fill*         0x00010416        0x2 ff
 .rodata.__FUNCTION__.37
                0x00010418        0xc ./rt-thread/src/ipc.o
 .rodata.__FUNCTION__.32
                0x00010424       0x12 ./rt-thread/src/ipc.o
 *fill*         0x00010436        0x2 ff
 .rodata.__FUNCTION__.31
                0x00010438        0xf ./rt-thread/src/ipc.o
 *fill*         0x00010447        0x1 ff
 .rodata.__FUNCTION__.29
                0x00010448        0xe ./rt-thread/src/ipc.o
 *fill*         0x00010456        0x2 ff
 .rodata.__FUNCTION__.25
                0x00010458        0xe ./rt-thread/src/ipc.o
 *fill*         0x00010466        0x2 ff
 .rodata.__FUNCTION__.24
                0x00010468       0x11 ./rt-thread/src/ipc.o
 *fill*         0x00010479        0x3 ff
 .rodata        0x0001047c      0x107 ./rt-thread/src/kservice.o
 *fill*         0x00010583        0x1 ff
 .rodata.large_digits.4
                0x00010584       0x11 ./rt-thread/src/kservice.o
 *fill*         0x00010595        0x3 ff
 .rodata.small_digits.3
                0x00010598       0x11 ./rt-thread/src/kservice.o
 *fill*         0x000105a9        0x3 ff
 .rodata.__FUNCTION__.1
                0x000105ac       0x14 ./rt-thread/src/kservice.o
 .rodata.__FUNCTION__.0
                0x000105c0        0xd ./rt-thread/src/kservice.o
 *fill*         0x000105cd        0x3 ff
 .rodata        0x000105d0      0x41b ./rt-thread/src/mem.o
 *fill*         0x000109eb        0x1 ff
 .rodata.__FUNCTION__.4
                0x000109ec        0xb ./rt-thread/src/mem.o
 *fill*         0x000109f7        0x1 ff
 .rodata.__FUNCTION__.2
                0x000109f8        0xe ./rt-thread/src/mem.o
 *fill*         0x00010a06        0x2 ff
 .rodata.__FUNCTION__.1
                0x00010a08       0x10 ./rt-thread/src/mem.o
 .rodata.__FUNCTION__.0
                0x00010a18        0xd ./rt-thread/src/mem.o
 *fill*         0x00010a25        0x3 ff
 .rodata        0x00010a28       0x91 ./rt-thread/src/object.o
 *fill*         0x00010ab9        0x3 ff
 .rodata.__FUNCTION__.6
                0x00010abc        0xf ./rt-thread/src/object.o
 *fill*         0x00010acb        0x1 ff
 .rodata.__FUNCTION__.5
                0x00010acc       0x11 ./rt-thread/src/object.o
 *fill*         0x00010add        0x3 ff
 .rodata.__FUNCTION__.4
                0x00010ae0       0x13 ./rt-thread/src/object.o
 *fill*         0x00010af3        0x1 ff
 .rodata.__FUNCTION__.3
                0x00010af4       0x11 ./rt-thread/src/object.o
 *fill*         0x00010b05        0x3 ff
 .rodata.__FUNCTION__.2
                0x00010b08       0x1a ./rt-thread/src/object.o
 *fill*         0x00010b22        0x2 ff
 .rodata.__FUNCTION__.1
                0x00010b24       0x13 ./rt-thread/src/object.o
 *fill*         0x00010b37        0x1 ff
 .rodata.__FUNCTION__.0
                0x00010b38        0xf ./rt-thread/src/object.o
 *fill*         0x00010b47        0x1 ff
 .rodata        0x00010b48       0x65 ./rt-thread/src/scheduler.o
 *fill*         0x00010bad        0x3 ff
 .rodata.__FUNCTION__.2
                0x00010bb0       0x1a ./rt-thread/src/scheduler.o
 *fill*         0x00010bca        0x2 ff
 .rodata.__FUNCTION__.1
                0x00010bcc       0x1a ./rt-thread/src/scheduler.o
 *fill*         0x00010be6        0x2 ff
 .rodata.__FUNCTION__.0
                0x00010be8       0x1a ./rt-thread/src/scheduler.o
 *fill*         0x00010c02        0x2 ff
 .rodata        0x00010c04      0x19f ./rt-thread/src/thread.o
 *fill*         0x00010da3        0x1 ff
 .rodata.__FUNCTION__.10
                0x00010da4       0x10 ./rt-thread/src/thread.o
 .rodata.__FUNCTION__.9
                0x00010db4        0xd ./rt-thread/src/thread.o
 *fill*         0x00010dc1        0x3 ff
 .rodata.__FUNCTION__.8
                0x00010dc4        0xf ./rt-thread/src/thread.o
 *fill*         0x00010dd3        0x1 ff
 .rodata.__FUNCTION__.7
                0x00010dd4       0x12 ./rt-thread/src/thread.o
 *fill*         0x00010de6        0x2 ff
 .rodata.__FUNCTION__.6
                0x00010de8       0x11 ./rt-thread/src/thread.o
 *fill*         0x00010df9        0x3 ff
 .rodata.__FUNCTION__.5
                0x00010dfc       0x11 ./rt-thread/src/thread.o
 *fill*         0x00010e0d        0x3 ff
 .rodata.__FUNCTION__.4
                0x00010e10       0x10 ./rt-thread/src/thread.o
 .rodata.__FUNCTION__.2
                0x00010e20       0x12 ./rt-thread/src/thread.o
 *fill*         0x00010e32        0x2 ff
 .rodata.__FUNCTION__.1
                0x00010e34       0x12 ./rt-thread/src/thread.o
 *fill*         0x00010e46        0x2 ff
 .rodata.__FUNCTION__.0
                0x00010e48       0x11 ./rt-thread/src/thread.o
 *fill*         0x00010e59        0x3 ff
 .rodata        0x00010e5c      0x10e ./rt-thread/src/timer.o
 *fill*         0x00010f6a        0x2 ff
 .rodata.__FUNCTION__.7
                0x00010f6c        0xe ./rt-thread/src/timer.o
 *fill*         0x00010f7a        0x2 ff
 .rodata.__FUNCTION__.6
                0x00010f7c       0x10 ./rt-thread/src/timer.o
 .rodata.__FUNCTION__.3
                0x00010f8c        0xf ./rt-thread/src/timer.o
 *fill*         0x00010f9b        0x1 ff
 .rodata.__FUNCTION__.1
                0x00010f9c        0xe ./rt-thread/src/timer.o
 *fill*         0x00010faa        0x2 ff
 .rodata.__FUNCTION__.0
                0x00010fac       0x11 ./rt-thread/src/timer.o
 *fill*         0x00010fbd        0x3 ff
 .rodata        0x00010fc0      0x2ce ./rt-thread/libcpu/arm/cortex-m4/cpuport.o
 *fill*         0x0001128e        0x2 ff
 .rodata        0x00011290      0x5d3 ./rt-thread/components/finsh/cmd.o
 *fill*         0x00011863        0x1 ff
 .rodata.name   0x00011864      0x176 ./rt-thread/components/finsh/cmd.o
                0x00011864                __fsym_clear_name
                0x0001186c                __fsym_clear_desc
                0x00011888                __fsym_version_name
                0x00011890                __fsym_version_desc
                0x000118b4                __fsym_list_thread_name
                0x000118c0                __fsym_list_thread_desc
                0x000118cc                __fsym_list_sem_name
                0x000118d8                __fsym_list_sem_desc
                0x000118f4                __fsym_list_event_name
                0x00011900                __fsym_list_event_desc
                0x00011918                __fsym_list_mutex_name
                0x00011924                __fsym_list_mutex_desc
                0x0001193c                __fsym_list_mailbox_name
                0x0001194c                __fsym_list_mailbox_desc
                0x00011964                __fsym_list_msgqueue_name
                0x00011974                __fsym_list_msgqueue_desc
                0x00011994                __fsym_list_timer_name
                0x000119a0                __fsym_list_timer_desc
                0x000119b8                __fsym_list_device_name
                0x000119c4                __fsym_list_device_desc
 *fill*         0x000119da        0x2 ff
 .rodata.device_type_str
                0x000119dc       0x64 ./rt-thread/components/finsh/cmd.o
 .rodata        0x00011a40       0xac ./rt-thread/components/finsh/msh.o
 .rodata.name   0x00011aec       0x6d ./rt-thread/components/finsh/msh.o
                0x00011aec                __fsym_help_name
                0x00011af4                __fsym_help_desc
                0x00011b0c                __fsym_ps_name
                0x00011b10                __fsym_ps_desc
                0x00011b2c                __fsym_free_name
                0x00011b34                __fsym_free_desc
 *fill*         0x00011b59        0x3 ff
 .rodata.__FUNCTION__.0
                0x00011b5c        0xe ./rt-thread/components/finsh/msh.o
 *fill*         0x00011b6a        0x2 ff
 .rodata        0x00011b6c      0x496 ./rt-thread/components/finsh/msh_file.o
 *fill*         0x00012002        0x2 ff
 .rodata.name   0x00012004      0x1fc ./rt-thread/components/finsh/msh_file.o
                0x00012004                __fsym_ls_name
                0x00012008                __fsym_ls_desc
                0x0001202c                __fsym_cp_name
                0x00012030                __fsym_cp_desc
                0x00012048                __fsym_mv_name
                0x0001204c                __fsym_mv_desc
                0x00012064                __fsym_cat_name
                0x00012068                __fsym_cat_desc
                0x0001207c                __fsym_rm_name
                0x00012080                __fsym_rm_desc
                0x0001209c                __fsym_cd_name
                0x000120a0                __fsym_cd_desc
                0x000120c4                __fsym_pwd_name
                0x000120c8                __fsym_pwd_desc
                0x000120fc                __fsym_mkdir_name
                0x00012104                __fsym_mkdir_desc
                0x0001211c                __fsym_mkfs_name
                0x00012124                __fsym_mkfs_desc
                0x00012144                __fsym_mount_name
                0x0001214c                __fsym_mount_desc
                0x00012174                __fsym_umount_name
                0x0001217c                __fsym_umount_desc
                0x0001219c                __fsym_df_name
                0x000121a0                __fsym_df_desc
                0x000121ac                __fsym_echo_name
                0x000121b4                __fsym_echo_desc
                0x000121c8                __fsym_tail_name
                0x000121d0                __fsym_tail_desc
 .rodata        0x00012200       0x91 ./rt-thread/components/finsh/shell.o
 *fill*         0x00012291        0x3 ff
 .rodata.__FUNCTION__.6
                0x00012294       0x16 ./rt-thread/components/finsh/shell.o
 *fill*         0x000122aa        0x2 ff
 .rodata.__FUNCTION__.4
                0x000122ac        0xd ./rt-thread/components/finsh/shell.o
 *fill*         0x000122b9        0x3 ff
 .rodata.__FUNCTION__.3
                0x000122bc       0x11 ./rt-thread/components/finsh/shell.o
 *fill*         0x000122cd        0x3 ff
 .rodata        0x000122d0      0x18b ./rt-thread/components/drivers/serial/serial_v2.o
 *fill*         0x0001245b        0x1 ff
 .rodata.__FUNCTION__.18
                0x0001245c       0x1c ./rt-thread/components/drivers/serial/serial_v2.o