Archive member included to satisfy reference by file (symbol)

d:/rt-thread/rt-threadstudio/repo/extract/toolchain_support_packages/arm/gnu_tools_for_arm_embedded_processors/10.2.1/bin/../lib/gcc/arm-none-eabi/10.2.1/../../../../arm-none-eabi/lib/thumb/v8-m.main+fp/hard\libc.a(lib_a-exit.o)
                              d:/rt-thread/rt-threadstudio/repo/extract/toolchain_support_packages/arm/gnu_tools_for_arm_embedded_processors/10.2.1/bin/../lib/gcc/arm-none-eabi/10.2.1/../../../../arm-none-eabi/lib/thumb/v8-m.main+fp/hard/crt0.o (exit)
d:/rt-thread/rt-threadstudio/repo/extract/toolchain_support_packages/arm/gnu_tools_for_arm_embedded_processors/10.2.1/bin/../lib/gcc/arm-none-eabi/10.2.1/../../../../arm-none-eabi/lib/thumb/v8-m.main+fp/hard\libc.a(lib_a-impure.o)
                              d:/rt-thread/rt-threadstudio/repo/extract/toolchain_support_packages/arm/gnu_tools_for_arm_embedded_processors/10.2.1/bin/../lib/gcc/arm-none-eabi/10.2.1/../../../../arm-none-eabi/lib/thumb/v8-m.main+fp/hard\libc.a(lib_a-exit.o) (_global_impure_ptr)
d:/rt-thread/rt-threadstudio/repo/extract/toolchain_support_packages/arm/gnu_tools_for_arm_embedded_processors/10.2.1/bin/../lib/gcc/arm-none-eabi/10.2.1/../../../../arm-none-eabi/lib/thumb/v8-m.main+fp/hard\libc.a(lib_a-memcmp.o)
                              ./rt-thread/components/finsh/shell.o (memcmp)
d:/rt-thread/rt-threadstudio/repo/extract/toolchain_support_packages/arm/gnu_tools_for_arm_embedded_processors/10.2.1/bin/../lib/gcc/arm-none-eabi/10.2.1/../../../../arm-none-eabi/lib/thumb/v8-m.main+fp/hard\libc.a(lib_a-memcpy.o)
                              ./ra/fsp/src/r_sci_uart/r_sci_uart.o (memcpy)
d:/rt-thread/rt-threadstudio/repo/extract/toolchain_support_packages/arm/gnu_tools_for_arm_embedded_processors/10.2.1/bin/../lib/gcc/arm-none-eabi/10.2.1/../../../../arm-none-eabi/lib/thumb/v8-m.main+fp/hard\libc.a(lib_a-memset.o)
                              d:/rt-thread/rt-threadstudio/repo/extract/toolchain_support_packages/arm/gnu_tools_for_arm_embedded_processors/10.2.1/bin/../lib/gcc/arm-none-eabi/10.2.1/../../../../arm-none-eabi/lib/thumb/v8-m.main+fp/hard/crt0.o (memset)
d:/rt-thread/rt-threadstudio/repo/extract/toolchain_support_packages/arm/gnu_tools_for_arm_embedded_processors/10.2.1/bin/../lib/gcc/arm-none-eabi/10.2.1/../../../../arm-none-eabi/lib/thumb/v8-m.main+fp/hard\libc.a(lib_a-strcpy.o)
                              ./rt-thread/components/finsh/shell.o (strcpy)
d:/rt-thread/rt-threadstudio/repo/extract/toolchain_support_packages/arm/gnu_tools_for_arm_embedded_processors/10.2.1/bin/../lib/gcc/arm-none-eabi/10.2.1/../../../../arm-none-eabi/lib/thumb/v8-m.main+fp/hard\libc.a(lib_a-strlen-stub.o)
                              ./rt-thread/components/finsh/msh.o (strlen)
d:/rt-thread/rt-threadstudio/repo/extract/toolchain_support_packages/arm/gnu_tools_for_arm_embedded_processors/10.2.1/bin/../lib/gcc/arm-none-eabi/10.2.1/../../../../arm-none-eabi/lib/thumb/v8-m.main+fp/hard\libc.a(lib_a-strncmp.o)
                              ./rt-thread/components/finsh/msh.o (strncmp)
d:/rt-thread/rt-threadstudio/repo/extract/toolchain_support_packages/arm/gnu_tools_for_arm_embedded_processors/10.2.1/bin/../lib/gcc/arm-none-eabi/10.2.1/../../../../arm-none-eabi/lib/thumb/v8-m.main+fp/hard\libc.a(lib_a-strncpy.o)
                              ./rt-thread/components/finsh/shell.o (strncpy)
d:/rt-thread/rt-threadstudio/repo/extract/toolchain_support_packages/arm/gnu_tools_for_arm_embedded_processors/10.2.1/bin/../lib/gcc/arm-none-eabi/10.2.1/../../../../arm-none-eabi/lib/thumb/v8-m.main+fp/hard\libc.a(lib_a-__call_atexit.o)
                              d:/rt-thread/rt-threadstudio/repo/extract/toolchain_support_packages/arm/gnu_tools_for_arm_embedded_processors/10.2.1/bin/../lib/gcc/arm-none-eabi/10.2.1/../../../../arm-none-eabi/lib/thumb/v8-m.main+fp/hard\libc.a(lib_a-exit.o) (__call_exitprocs)
d:/rt-thread/rt-threadstudio/repo/extract/toolchain_support_packages/arm/gnu_tools_for_arm_embedded_processors/10.2.1/bin/../lib/gcc/arm-none-eabi/10.2.1/../../../../arm-none-eabi/lib/thumb/v8-m.main+fp/hard\libc.a(lib_a-atexit.o)
                              d:/rt-thread/rt-threadstudio/repo/extract/toolchain_support_packages/arm/gnu_tools_for_arm_embedded_processors/10.2.1/bin/../lib/gcc/arm-none-eabi/10.2.1/../../../../arm-none-eabi/lib/thumb/v8-m.main+fp/hard\libc.a(lib_a-__call_atexit.o) (atexit)
d:/rt-thread/rt-threadstudio/repo/extract/toolchain_support_packages/arm/gnu_tools_for_arm_embedded_processors/10.2.1/bin/../lib/gcc/arm-none-eabi/10.2.1/../../../../arm-none-eabi/lib/thumb/v8-m.main+fp/hard\libc.a(lib_a-fini.o)
                              d:/rt-thread/rt-threadstudio/repo/extract/toolchain_support_packages/arm/gnu_tools_for_arm_embedded_processors/10.2.1/bin/../lib/gcc/arm-none-eabi/10.2.1/../../../../arm-none-eabi/lib/thumb/v8-m.main+fp/hard\libc.a(lib_a-__call_atexit.o) (__libc_fini_array)
[...]
Memory Configuration

Name             Origin             Length             Attributes
FLASH            0x00000000         0x00100000         xr
RAM              0x20000000         0x00040000         xrw
DATA_FLASH       0x08000000         0x00002000         xr
QSPI_FLASH       0x60000000         0x04000000         xr
OSPI_DEVICE_0    0x68000000         0x08000000         xr
OSPI_DEVICE_1    0x70000000         0x10000000         xr
OSPI_DEVICE_0_RAM 0x68000000         0x08000000         xrw
OSPI_DEVICE_1_RAM 0x70000000         0x10000000         xrw
SDRAM            0x90000000         0x00000000         xrw
OPTION_SETTING   0x0100a100         0x00000100         r
OPTION_SETTING_S 0x0100a200         0x00000100         r
ID_CODE          0x00000000         0x00000000         xr
*default*        0x00000000         0xffffffff

Linker script and memory map

LOAD d:/rt-thread/rt-threadstudio/repo/extract/toolchain_support_packages/arm/gnu_tools_for_arm_embedded_processors/10.2.1/bin/../lib/gcc/arm-none-eabi/10.2.1/thumb/v8-m.main+fp/hard/crti.o
LOAD d:/rt-thread/rt-threadstudio/repo/extract/toolchain_support_packages/arm/gnu_tools_for_arm_embedded_processors/10.2.1/bin/../lib/gcc/arm-none-eabi/10.2.1/thumb/v8-m.main+fp/hard/crtbegin.o
LOAD d:/rt-thread/rt-threadstudio/repo/extract/toolchain_support_packages/arm/gnu_tools_for_arm_embedded_processors/10.2.1/bin/../lib/gcc/arm-none-eabi/10.2.1/../../../../arm-none-eabi/lib/thumb/v8-m.main+fp/hard/crt0.o
LOAD ./src/hal_entry.o
LOAD ./rt-thread/src/clock.o
LOAD ./rt-thread/src/components.o
LOAD ./rt-thread/src/device.o
LOAD ./rt-thread/src/idle.o
LOAD ./rt-thread/src/ipc.o
LOAD ./rt-thread/src/irq.o
LOAD ./rt-thread/src/kservice.o
LOAD ./rt-thread/src/mem.o
LOAD ./rt-thread/src/object.o
LOAD ./rt-thread/src/scheduler.o
LOAD ./rt-thread/src/thread.o
LOAD ./rt-thread/src/timer.o
LOAD ./rt-thread/libcpu/arm/cortex-m4/context_gcc.o
LOAD ./rt-thread/libcpu/arm/cortex-m4/cpuport.o
LOAD ./rt-thread/libcpu/arm/common/backtrace.o
LOAD ./rt-thread/libcpu/arm/common/div0.o
LOAD ./rt-thread/libcpu/arm/common/showmem.o
LOAD ./rt-thread/components/libc/compilers/newlib/syscalls.o
LOAD ./rt-thread/components/libc/compilers/common/stdlib.o
LOAD ./rt-thread/components/libc/compilers/common/time.o
LOAD ./rt-thread/components/finsh/cmd.o
LOAD ./rt-thread/components/finsh/msh.o
LOAD ./rt-thread/components/finsh/shell.o
LOAD ./rt-thread/components/drivers/serial/serial_v2.o
LOAD ./rt-thread/components/drivers/misc/pin.o
LOAD ./rt-thread/components/drivers/ipc/completion.o
LOAD ./rt-thread/components/drivers/ipc/dataqueue.o
LOAD ./rt-thread/components/drivers/ipc/pipe.o
LOAD ./rt-thread/components/drivers/ipc/ringblk_buf.o
LOAD ./rt-thread/components/drivers/ipc/ringbuffer.o
LOAD ./rt-thread/components/drivers/ipc/waitqueue.o
LOAD ./rt-thread/components/drivers/ipc/workqueue.o
LOAD ./ra_gen/common_data.o
LOAD ./ra_gen/hal_data.o
LOAD ./ra_gen/main.o
LOAD ./ra_gen/pin_data.o
LOAD ./ra_gen/vector_data.o
LOAD ./ra/fsp/src/r_sci_uart/r_sci_uart.o
LOAD ./ra/fsp/src/r_ioport/r_ioport.o
LOAD ./ra/fsp/src/r_icu/r_icu.o
LOAD ./ra/fsp/src/bsp/mcu/all/bsp_clocks.o
LOAD ./ra/fsp/src/bsp/mcu/all/bsp_common.o
LOAD ./ra/fsp/src/bsp/mcu/all/bsp_delay.o
LOAD ./ra/fsp/src/bsp/mcu/all/bsp_group_irq.o
LOAD ./ra/fsp/src/bsp/mcu/all/bsp_guard.o
LOAD ./ra/fsp/src/bsp/mcu/all/bsp_io.o
LOAD ./ra/fsp/src/bsp/mcu/all/bsp_irq.o
LOAD ./ra/fsp/src/bsp/mcu/all/bsp_register_protection.o
LOAD ./ra/fsp/src/bsp/mcu/all/bsp_rom_registers.o
LOAD ./ra/fsp/src/bsp/mcu/all/bsp_sbrk.o
LOAD ./ra/fsp/src/bsp/mcu/all/bsp_security.o
LOAD ./ra/fsp/src/bsp/cmsis/Device/RENESAS/Source/startup.o
LOAD ./ra/fsp/src/bsp/cmsis/Device/RENESAS/Source/system.o
LOAD ./packages/SEGGER_RTT-latest/adapter/drv_rtt.o
LOAD ./packages/SEGGER_RTT-latest/RTT/SEGGER_RTT.o
LOAD ./packages/SEGGER_RTT-latest/RTT/SEGGER_RTT_printf.o
LOAD ./libraries/HAL_Drivers/drv_common.o
LOAD ./libraries/HAL_Drivers/drv_gpio.o
LOAD ./libraries/HAL_Drivers/drv_usart_v2.o
LOAD ./board/ports/drv_rw007.o
LOAD d:/rt-thread/rt-threadstudio/repo/extract/toolchain_support_packages/arm/gnu_tools_for_arm_embedded_processors/10.2.1/bin/../lib/gcc/arm-none-eabi/10.2.1/../../../../arm-none-eabi/lib/thumb/v8-m.main+fp/hard\libm.a
LOAD d:/rt-thread/rt-threadstudio/repo/extract/toolchain_support_packages/arm/gnu_tools_for_arm_embedded_processors/10.2.1/bin/../lib/gcc/arm-none-eabi/10.2.1/../../../../arm-none-eabi/lib/thumb/v8-m.main+fp/hard\libc.a
START GROUP
LOAD d:/rt-thread/rt-threadstudio/repo/extract/toolchain_support_packages/arm/gnu_tools_for_arm_embedded_processors/10.2.1/bin/../lib/gcc/arm-none-eabi/10.2.1/thumb/v8-m.main+fp/hard\libgcc.a
LOAD d:/rt-thread/rt-threadstudio/repo/extract/toolchain_support_packages/arm/gnu_tools_for_arm_embedded_processors/10.2.1/bin/../lib/gcc/arm-none-eabi/10.2.1/../../../../arm-none-eabi/lib/thumb/v8-m.main+fp/hard\libc.a
END GROUP
LOAD d:/rt-thread/rt-threadstudio/repo/extract/toolchain_support_packages/arm/gnu_tools_for_arm_embedded_processors/10.2.1/bin/../lib/gcc/arm-none-eabi/10.2.1/thumb/v8-m.main+fp/hard/crtend.o
LOAD d:/rt-thread/rt-threadstudio/repo/extract/toolchain_support_packages/arm/gnu_tools_for_arm_embedded_processors/10.2.1/bin/../lib/gcc/arm-none-eabi/10.2.1/thumb/v8-m.main+fp/hard/crtn.o
                0x20000000                RAM_START = 0x20000000
                0x00040000                RAM_LENGTH = 0x40000
                0x00000000                FLASH_START = 0x0
                0x00100000                FLASH_LENGTH = 0x100000
                0x08000000                DATA_FLASH_START = 0x8000000
                0x00002000                DATA_FLASH_LENGTH = 0x2000
                0x0100a100                OPTION_SETTING_START = 0x100a100
                0x00000100                OPTION_SETTING_LENGTH = 0x100
                0x0100a200                OPTION_SETTING_S_START = 0x100a200
                0x00000100                OPTION_SETTING_S_LENGTH = 0x100
                0x00000000                ID_CODE_START = 0x0
                0x00000000                ID_CODE_LENGTH = 0x0
                0x90000000                SDRAM_START = 0x90000000
                0x00000000                SDRAM_LENGTH = 0x0
                0x60000000                QSPI_FLASH_START = 0x60000000
                0x04000000                QSPI_FLASH_LENGTH = 0x4000000
                0x68000000                OSPI_DEVICE_0_START = 0x68000000
                0x08000000                OSPI_DEVICE_0_LENGTH = 0x8000000
                0x70000000                OSPI_DEVICE_1_START = 0x70000000
                0x10000000                OSPI_DEVICE_1_LENGTH = 0x10000000
                0x04000000                QSPI_FLASH_PRV_LENGTH = DEFINED (QSPI_FLASH_SIZE)?ABSOLUTE (QSPI_FLASH_SIZE):ABSOLUTE (QSPI_FLASH_LENGTH)
                0x08000000                OSPI_DEVICE_0_PRV_LENGTH = DEFINED (OSPI_DEVICE_0_SIZE)?ABSOLUTE (OSPI_DEVICE_0_SIZE):ABSOLUTE (OSPI_DEVICE_0_LENGTH)
                0x10000000                OSPI_DEVICE_1_PRV_LENGTH = DEFINED (OSPI_DEVICE_1_SIZE)?ABSOLUTE (OSPI_DEVICE_1_SIZE):ABSOLUTE (OSPI_DEVICE_1_LENGTH)
                0x00000000                __RESERVE_NS_RAM = ((! (DEFINED (PROJECT_NONSECURE)) && DEFINED (RAM_NS_BUFFER_LENGTH)) && (OPTION_SETTING_S_LENGTH != 0x0))
                0x00000000                RAM_NS_BUFFER_BLOCK_LENGTH = DEFINED (RAM_NS_BUFFER_LENGTH)?ALIGN (RAM_NS_BUFFER_LENGTH, 0x2000):0x0
                0x00000000                RAM_NS_BUFFER_LENGTH = DEFINED (RAM_NS_BUFFER_LENGTH)?RAM_NS_BUFFER_LENGTH:0x0
                0x20040000                RAM_NS_BUFFER_START = ((RAM_START + RAM_LENGTH) - RAM_NS_BUFFER_LENGTH)
                0x20040000                RAM_NS_BUFFER_BLOCK_START = ((RAM_START + RAM_LENGTH) - RAM_NS_BUFFER_BLOCK_LENGTH)
                0x0100a180                OPTION_SETTING_START_NS = 0x100a180
                0x00000001                __bl_FSP_BOOTABLE_IMAGE = 0x1
                0x00000001                __bln_FSP_BOOTABLE_IMAGE = 0x1
                0x00000001                PROJECT_SECURE_OR_FLAT = ((! (DEFINED (PROJECT_NONSECURE)) && OPTION_SETTING_LENGTH) && ! (DEFINED (FSP_BOOTABLE_IMAGE)))
                0x00000000                USE_OPTION_SETTING_NS = (DEFINED (PROJECT_NONSECURE) && ! (DEFINED (FSP_BOOTABLE_IMAGE)))
                0x00000000                __bl_FLASH_IMAGE_START = ! (DEFINED (FLASH_BOOTLOADER_LENGTH))?0x0:(FLASH_APPLICATION_IMAGE_NUMBER == 0x1)?(FLASH_BOOTLOADER_LENGTH + FLASH_BOOTLOADER_HEADER_LENGTH):(((FLASH_BOOTLOADER_LENGTH + FLASH_BOOTLOADER_SCRATCH_LENGTH) + FLASH_APPLICATION_S_LENGTH) + FLASH_BOOTLOADER_HEADER_LENGTH)
                0x00000000                __bl_FLASH_IMAGE_LENGTH = ! (DEFINED (FLASH_BOOTLOADER_LENGTH))?0x0:(FLASH_APPLICATION_S_LENGTH - FLASH_BOOTLOADER_HEADER_LENGTH)
                0x00000000                __bl_FLASH_IMAGE_END = (__bl_FLASH_IMAGE_START + __bl_FLASH_IMAGE_LENGTH)
                0x00000000                __bl_FLASH_NS_START = ! (DEFINED (FLASH_BOOTLOADER_LENGTH))?0x0:(FLASH_APPLICATION_NS_LENGTH == 0x0)?__bl_FLASH_IMAGE_END:((__bl_FLASH_IMAGE_START - FLASH_BOOTLOADER_HEADER_LENGTH) + FLASH_APPLICATION_S_LENGTH)
                0x00000000                __bl_FLASH_NSC_START = ! (DEFINED (FLASH_BOOTLOADER_LENGTH))?0x0:(FLASH_APPLICATION_NS_LENGTH == 0x0)?__bl_FLASH_IMAGE_END:(__bl_FLASH_NS_START - FLASH_APPLICATION_NSC_LENGTH)
                0x00000000                __bl_RAM_NS_START = ! (DEFINED (FLASH_BOOTLOADER_LENGTH))?0x0:(FLASH_APPLICATION_NS_LENGTH == 0x0)?(RAM_START + RAM_LENGTH):((RAM_START + RAM_LENGTH) - RAM_APPLICATION_NS_LENGTH)
                0x00000000                __bl_RAM_NSC_START = ! (DEFINED (FLASH_BOOTLOADER_LENGTH))?0x0:(FLASH_APPLICATION_NS_LENGTH == 0x0)?(RAM_START + RAM_LENGTH):(__bl_RAM_NS_START - RAM_APPLICATION_NSC_LENGTH)
                0x00000000                __bl_FLASH_NS_IMAGE_START = ! (DEFINED (FLASH_BOOTLOADER_LENGTH))?0x0:(FLASH_APPLICATION_NS_LENGTH == 0x0)?__bl_FLASH_IMAGE_END:(__bl_FLASH_NS_START + FLASH_BOOTLOADER_HEADER_LENGTH_2)
                0x00000000                __bln_FLASH_IMAGE_START = __bl_FLASH_NS_IMAGE_START
                0x00000000                __bln_FLASH_IMAGE_LENGTH = ! (DEFINED (FLASH_BOOTLOADER_LENGTH))?0x0:(FLASH_APPLICATION_NS_LENGTH == 0x0)?__bl_FLASH_IMAGE_END:(FLASH_APPLICATION_NS_LENGTH - FLASH_BOOTLOADER_HEADER_LENGTH_2)
                0x00000000                FLASH_ORIGIN = DEFINED (FLASH_IMAGE_START)?FLASH_IMAGE_START:FLASH_START
                0x00100000                LIMITED_FLASH_LENGTH = DEFINED (FLASH_IMAGE_LENGTH)?FLASH_IMAGE_LENGTH:DEFINED (FLASH_BOOTLOADER_LENGTH)?FLASH_BOOTLOADER_LENGTH:FLASH_LENGTH
START GROUP
LOAD d:/rt-thread/rt-threadstudio/repo/extract/toolchain_support_packages/arm/gnu_tools_for_arm_embedded_processors/10.2.1/bin/../lib/gcc/arm-none-eabi/10.2.1/thumb/v8-m.main+fp/hard\libgcc.a
LOAD d:/rt-thread/rt-threadstudio/repo/extract/toolchain_support_packages/arm/gnu_tools_for_arm_embedded_processors/10.2.1/bin/../lib/gcc/arm-none-eabi/10.2.1/../../../../arm-none-eabi/lib/thumb/v8-m.main+fp/hard\libc.a
LOAD d:/rt-thread/rt-threadstudio/repo/extract/toolchain_support_packages/arm/gnu_tools_for_arm_embedded_processors/10.2.1/bin/../lib/gcc/arm-none-eabi/10.2.1/../../../../arm-none-eabi/lib/thumb/v8-m.main+fp/hard\libm.a
LOAD d:/rt-thread/rt-threadstudio/repo/extract/toolchain_support_packages/arm/gnu_tools_for_arm_embedded_processors/10.2.1/bin/../lib/gcc/arm-none-eabi/10.2.1/../../../../arm-none-eabi/lib/thumb/v8-m.main+fp/hard\libnosys.a
END GROUP

.text           0x00000000     0xeb9c
                0x00000000                __tz_FLASH_S = ABSOLUTE (FLASH_START)
                0x00000000                __ROM_Start = .
 *(.fixed_vectors*)
 .fixed_vectors
                0x00000000       0x40 ./ra/fsp/src/bsp/cmsis/Device/RENESAS/Source/startup.o
                0x00000000                __Vectors
 *(.application_vectors*)
 .application_vectors
                0x00000040      0x180 ./ra_gen/vector_data.o
                0x00000040                g_vector_table
                0x000001c0                __Vectors_End = .
                0x000001c0                . = (OPTION_SETTING_LENGTH > 0x0)?.:(__ROM_Start + 0x400)
 *(.rom_registers*)
                0x000001c0                . = (OPTION_SETTING_LENGTH > 0x0)?.:(__ROM_Start + 0x500)
                0x00000200                . = ALIGN (0x80)
 *fill*         0x000001c0       0x40 ff
 *(.mcuboot_sce9_key*)
 *(.text*)
 .text          0x00000200       0x40 d:/rt-thread/rt-threadstudio/repo/extract/toolchain_support_packages/arm/gnu_tools_for_arm_embedded_processors/10.2.1/bin/../lib/gcc/arm-none-eabi/10.2.1/thumb/v8-m.main+fp/hard/crtbegin.o
 .text.hal_entry
                0x00000240       0x60 ./src/hal_entry.o
                0x00000240                hal_entry
 .text.test     0x000002a0       0x24 ./src/hal_entry.o
                0x000002a0                test
 .text.irq_callback_test
                0x000002c4       0x1c ./src/hal_entry.o
                0x000002c4                irq_callback_test
 .text.icu_sample
                0x000002e0       0x68 ./src/hal_entry.o
                0x000002e0                icu_sample
 .text.rt_tick_get
                0x00000348       0x18 ./rt-thread/src/clock.o
                0x00000348                rt_tick_get
 .text.rt_tick_increase
                0x00000360       0x7c ./rt-thread/src/clock.o
                0x00000360                rt_tick_increase
 .text.rt_tick_from_millisecond
                0x000003dc       0x78 ./rt-thread/src/clock.o
                0x000003dc                rt_tick_from_millisecond
 .text.rti_start
                0x00000454       0x10 ./rt-thread/src/components.o
 .text.rti_board_start
                0x00000464       0x10 ./rt-thread/src/components.o
 .text.rti_board_end
                0x00000474       0x10 ./rt-thread/src/components.o
 .text.rti_end  0x00000484       0x10 ./rt-thread/src/components.o
 .text.rt_components_board_init
                0x00000494       0x34 ./rt-thread/src/components.o
                0x00000494                rt_components_board_init
 .text.rt_components_init
                0x000004c8       0x34 ./rt-thread/src/components.o
                0x000004c8                rt_components_init
 .text.entry    0x000004fc        0xe ./rt-thread/src/components.o
                0x000004fc                entry
 .text.main_thread_entry
                0x0000050a       0x18 ./rt-thread/src/components.o
                0x0000050a                main_thread_entry
 *fill*         0x00000522        0x2 ff
 .text.rt_application_init
                0x00000524       0x4c ./rt-thread/src/components.o
                0x00000524                rt_application_init
 .text.rtthread_startup
                0x00000570       0x2e ./rt-thread/src/components.o
                0x00000570                rtthread_startup
 .text.rt_device_register
                0x0000059e       0x54 ./rt-thread/src/device.o
                0x0000059e                rt_device_register
 .text.rt_device_find
                0x000005f2       0x1a ./rt-thread/src/device.o
                0x000005f2                rt_device_find
 .text.rt_device_open
                0x0000060c      0x108 ./rt-thread/src/device.o
                0x0000060c                rt_device_open
 .text.rt_device_close
                0x00000714       0x9c ./rt-thread/src/device.o
                0x00000714                rt_device_close
 .text.rt_device_read
                0x000007b0       0x88 ./rt-thread/src/device.o
                0x000007b0                rt_device_read
 .text.rt_device_write
                0x00000838       0x88 ./rt-thread/src/device.o
                0x00000838                rt_device_write
 .text.rt_device_set_rx_indicate
                0x000008c0       0x54 ./rt-thread/src/device.o
                0x000008c0                rt_device_set_rx_indicate
 .text.rt_list_insert_after
                0x00000914       0x32 ./rt-thread/src/idle.o
 .text.rt_list_remove
                0x00000946       0x36 ./rt-thread/src/idle.o
 .text.rt_thread_idle_sethook
                0x0000097c       0x58 ./rt-thread/src/idle.o
                0x0000097c                rt_thread_idle_sethook
 .text.rt_thread_defunct_enqueue
                0x000009d4       0x20 ./rt-thread/src/idle.o
                0x000009d4                rt_thread_defunct_enqueue
 .text.rt_thread_defunct_dequeue
                0x000009f4       0x44 ./rt-thread/src/idle.o
                0x000009f4                rt_thread_defunct_dequeue
 .text.rt_defunct_execute
                0x00000a38       0x54 ./rt-thread/src/idle.o
 .text.rt_thread_idle_entry
                0x00000a8c       0x38 ./rt-thread/src/idle.o
 .text.rt_thread_idle_init
                0x00000ac4       0x78 ./rt-thread/src/idle.o
                0x00000ac4                rt_thread_idle_init
 .text.rt_list_init
                0x00000b3c       0x22 ./rt-thread/src/ipc.o
 .text.rt_list_insert_before
                0x00000b5e       0x32 ./rt-thread/src/ipc.o
 .text.rt_list_isempty
                0x00000b90       0x24 ./rt-thread/src/ipc.o
 .text._ipc_object_init
                0x00000bb4       0x1c ./rt-thread/src/ipc.o
 .text._ipc_list_suspend
                0x00000bd0       0xa4 ./rt-thread/src/ipc.o
 .text._ipc_list_resume
                0x00000c74       0x20 ./rt-thread/src/ipc.o
 .text.rt_sem_init
                0x00000c94       0x88 ./rt-thread/src/ipc.o
                0x00000c94                rt_sem_init
 .text.rt_sem_take
                0x00000d1c      0x190 ./rt-thread/src/ipc.o
                0x00000d1c                rt_sem_take
 .text.rt_sem_release
                0x00000eac       0xbc ./rt-thread/src/ipc.o
                0x00000eac                rt_sem_release
 .text.rt_mutex_init
                0x00000f68       0x64 ./rt-thread/src/ipc.o
                0x00000f68                rt_mutex_init
 .text.rt_mutex_take
                0x00000fcc      0x21c ./rt-thread/src/ipc.o
                0x00000fcc                rt_mutex_take
 .text.rt_mutex_release
                0x000011e8      0x1bc ./rt-thread/src/ipc.o
                0x000011e8                rt_mutex_release
 .text.rt_interrupt_enter
                0x000013a4       0x40 ./rt-thread/src/irq.o
                0x000013a4                rt_interrupt_enter
 .text.rt_interrupt_leave
                0x000013e4       0x40 ./rt-thread/src/irq.o
                0x000013e4                rt_interrupt_leave
 .text.rt_interrupt_get_nest
                0x00001424       0x28 ./rt-thread/src/irq.o
                0x00001424                rt_interrupt_get_nest
 .text.rt_set_errno
                0x0000144c       0x40 ./rt-thread/src/kservice.o
                0x0000144c                rt_set_errno
 .text.rt_memset
                0x0000148c       0xb6 ./rt-thread/src/kservice.o
                0x0000148c                rt_memset
 .text.rt_memcpy
                0x00001542       0xd2 ./rt-thread/src/kservice.o
                0x00001542                rt_memcpy
 .text.rt_memmove
                0x00001614       0x82 ./rt-thread/src/kservice.o
                0x00001614                rt_memmove
 .text.rt_strncpy
                0x00001696       0x64 ./rt-thread/src/kservice.o
                0x00001696                rt_strncpy
 .text.rt_strncmp
                0x000016fa       0x4a ./rt-thread/src/kservice.o
                0x000016fa                rt_strncmp
 .text.rt_strlen
                0x00001744       0x2e ./rt-thread/src/kservice.o
                0x00001744                rt_strlen
 *fill*         0x00001772        0x2 ff
 .text.rt_show_version
                0x00001774       0x4c ./rt-thread/src/kservice.o
                0x00001774                rt_show_version
 .text.divide   0x000017c0       0x68 ./rt-thread/src/kservice.o
 .text.skip_atoi
                0x00001828       0x40 ./rt-thread/src/kservice.o
 .text.print_number
                0x00001868      0x1dc ./rt-thread/src/kservice.o
 .text.rt_vsnprintf
                0x00001a44      0x4ac ./rt-thread/src/kservice.o
                0x00001a44                rt_vsnprintf
 .text.rt_vsprintf
                0x00001ef0       0x24 ./rt-thread/src/kservice.o
                0x00001ef0                rt_vsprintf
 .text.rt_sprintf
                0x00001f14       0x2c ./rt-thread/src/kservice.o
                0x00001f14                rt_sprintf
 .text.rt_console_get_device
                0x00001f40       0x18 ./rt-thread/src/kservice.o
                0x00001f40                rt_console_get_device
 .text.rt_console_set_device
                0x00001f58       0x5c ./rt-thread/src/kservice.o
                0x00001f58                rt_console_set_device
 .text.rt_hw_console_output
                0x00001fb4       0x14 ./rt-thread/src/kservice.o
                0x00001fb4                rt_hw_console_output
 .text.rt_kprintf
                0x00001fc8       0x60 ./rt-thread/src/kservice.o
                0x00001fc8                rt_kprintf
 .text._heap_lock_init
                0x00002028       0x1c ./rt-thread/src/kservice.o
 .text._heap_lock
                0x00002044       0x28 ./rt-thread/src/kservice.o
 .text._heap_unlock
                0x0000206c       0x40 ./rt-thread/src/kservice.o
 .text._smem_info
                0x000020ac       0x4c ./rt-thread/src/kservice.o
 .text.rt_system_heap_init
                0x000020f8       0x64 ./rt-thread/src/kservice.o
                0x000020f8                rt_system_heap_init
 .text.rt_malloc
                0x0000215c       0x48 ./rt-thread/src/kservice.o
                0x0000215c                rt_malloc
 .text.rt_calloc
                0x000021a4       0x3c ./rt-thread/src/kservice.o
                0x000021a4                rt_calloc
 .text.rt_free  0x000021e0       0x38 ./rt-thread/src/kservice.o
                0x000021e0                rt_free
 .text.rt_memory_info
                0x00002218       0x2a ./rt-thread/src/kservice.o
                0x00002218                rt_memory_info
 *fill*         0x00002242        0x2 ff
 .text.rt_assert_handler
                0x00002244       0x4c ./rt-thread/src/kservice.o
                0x00002244                rt_assert_handler
 .text.plug_holes
                0x00002290       0xf8 ./rt-thread/src/mem.o
 .text.rt_smem_init
                0x00002388      0x104 ./rt-thread/src/mem.o
                0x00002388                rt_smem_init
 .text.rt_smem_alloc
                0x0000248c      0x268 ./rt-thread/src/mem.o
                0x0000248c                rt_smem_alloc
 .text.rt_smem_free
                0x000026f4      0x140 ./rt-thread/src/mem.o
                0x000026f4                rt_smem_free
 .text.rt_list_insert_after
                0x00002834       0x32 ./rt-thread/src/object.o
 .text.rt_list_remove
                0x00002866       0x36 ./rt-thread/src/object.o
 .text.rt_object_get_information
                0x0000289c       0x48 ./rt-thread/src/object.o
                0x0000289c                rt_object_get_information
 .text.rt_object_init
                0x000028e4       0xcc ./rt-thread/src/object.o
                0x000028e4                rt_object_init
 .text.rt_object_detach
                0x000029b0       0x5c ./rt-thread/src/object.o
                0x000029b0                rt_object_detach
 .text.rt_object_allocate
                0x00002a0c       0xd8 ./rt-thread/src/object.o
                0x00002a0c                rt_object_allocate
 .text.rt_object_delete
                0x00002ae4       0x7c ./rt-thread/src/object.o
                0x00002ae4                rt_object_delete
 .text.rt_object_is_systemobject
                0x00002b60       0x3c ./rt-thread/src/object.o
                0x00002b60                rt_object_is_systemobject
 .text.rt_object_get_type
                0x00002b9c       0x34 ./rt-thread/src/object.o
                0x00002b9c                rt_object_get_type
 .text.rt_object_find
                0x00002bd0       0xb4 ./rt-thread/src/object.o
                0x00002bd0                rt_object_find
 .text.rt_list_init
                0x00002c84       0x22 ./rt-thread/src/scheduler.o
 .text.rt_list_insert_before
                0x00002ca6       0x32 ./rt-thread/src/scheduler.o
 .text.rt_list_remove
                0x00002cd8       0x36 ./rt-thread/src/scheduler.o
 .text.rt_list_isempty
                0x00002d0e       0x24 ./rt-thread/src/scheduler.o
 *fill*         0x00002d32        0x2 ff
 .text._rt_scheduler_stack_check
                0x00002d34       0x94 ./rt-thread/src/scheduler.o
 .text._scheduler_get_highest_priority_thread
                0x00002dc8       0x38 ./rt-thread/src/scheduler.o
 .text.rt_system_scheduler_init
                0x00002e00       0x38 ./rt-thread/src/scheduler.o
                0x00002e00                rt_system_scheduler_init
 .text.rt_system_scheduler_start
                0x00002e38       0x38 ./rt-thread/src/scheduler.o
                0x00002e38                rt_system_scheduler_start
 .text.rt_schedule
                0x00002e70      0x19c ./rt-thread/src/scheduler.o
                0x00002e70                rt_schedule
 .text.rt_schedule_insert_thread
                0x0000300c       0xac ./rt-thread/src/scheduler.o
                0x0000300c                rt_schedule_insert_thread
 .text.rt_schedule_remove_thread
                0x000030b8       0x70 ./rt-thread/src/scheduler.o
                0x000030b8                rt_schedule_remove_thread
 .text.rt_enter_critical
                0x00003128       0x2c ./rt-thread/src/scheduler.o
                0x00003128                rt_enter_critical
 .text.rt_exit_critical
                0x00003154       0x54 ./rt-thread/src/scheduler.o
                0x00003154                rt_exit_critical
 .text.rt_critical_level
                0x000031a8       0x1c ./rt-thread/src/scheduler.o
                0x000031a8                rt_critical_level
 .text.rt_list_init
                0x000031c4       0x22 ./rt-thread/src/thread.o
 .text.rt_list_remove
                0x000031e6       0x36 ./rt-thread/src/thread.o
 .text._thread_exit
                0x0000321c       0x42 ./rt-thread/src/thread.o
 *fill*         0x0000325e        0x2 ff
 .text._thread_timeout
                0x00003260       0x8c ./rt-thread/src/thread.o
 .text._thread_init
                0x000032ec       0xfc ./rt-thread/src/thread.o
 .text.rt_thread_init
                0x000033e8       0x70 ./rt-thread/src/thread.o
                0x000033e8                rt_thread_init
 .text.rt_thread_self
                0x00003458       0x18 ./rt-thread/src/thread.o
                0x00003458                rt_thread_self
 .text.rt_thread_startup
                0x00003470       0x94 ./rt-thread/src/thread.o
                0x00003470                rt_thread_startup
 .text.rt_thread_detach
                0x00003504       0xb0 ./rt-thread/src/thread.o
                0x00003504                rt_thread_detach
 .text.rt_thread_create
                0x000035b4       0x62 ./rt-thread/src/thread.o
                0x000035b4                rt_thread_create
 *fill*         0x00003616        0x2 ff
 .text.rt_thread_delete
                0x00003618       0xb0 ./rt-thread/src/thread.o
                0x00003618                rt_thread_delete
 .text.rt_thread_sleep
                0x000036c8       0x94 ./rt-thread/src/thread.o
                0x000036c8                rt_thread_sleep
 .text.rt_thread_delay
                0x0000375c       0x18 ./rt-thread/src/thread.o
                0x0000375c                rt_thread_delay
 .text.rt_thread_mdelay
                0x00003774       0x20 ./rt-thread/src/thread.o
                0x00003774                rt_thread_mdelay
 .text.rt_thread_control
                0x00003794       0xfc ./rt-thread/src/thread.o
                0x00003794                rt_thread_control
 .text.rt_thread_suspend
                0x00003890       0xc8 ./rt-thread/src/thread.o
                0x00003890                rt_thread_suspend
 .text.rt_thread_resume
                0x00003958       0x98 ./rt-thread/src/thread.o
                0x00003958                rt_thread_resume
 .text.rt_list_init
                0x000039f0       0x22 ./rt-thread/src/timer.o
 .text.rt_list_insert_after
                0x00003a12       0x32 ./rt-thread/src/timer.o
 .text.rt_list_remove
                0x00003a44       0x36 ./rt-thread/src/timer.o
 .text.rt_list_isempty
                0x00003a7a       0x24 ./rt-thread/src/timer.o
 .text._timer_init
                0x00003a9e       0x6a ./rt-thread/src/timer.o
 .text._timer_list_next_timeout
                0x00003b08       0x48 ./rt-thread/src/timer.o
 .text._timer_remove
                0x00003b50       0x36 ./rt-thread/src/timer.o
 *fill*         0x00003b86        0x2 ff
 .text.rt_timer_init
                0x00003b88       0x7c ./rt-thread/src/timer.o
                0x00003b88                rt_timer_init
 .text.rt_timer_detach
                0x00003c04       0x90 ./rt-thread/src/timer.o
                0x00003c04                rt_timer_detach
 .text.rt_timer_start
                0x00003c94      0x224 ./rt-thread/src/timer.o
                0x00003c94                rt_timer_start
 .text.rt_timer_stop
                0x00003eb8       0x94 ./rt-thread/src/timer.o
                0x00003eb8                rt_timer_stop
 .text.rt_timer_control
                0x00003f4c       0xf8 ./rt-thread/src/timer.o
                0x00003f4c                rt_timer_control
 .text.rt_timer_check
                0x00004044      0x108 ./rt-thread/src/timer.o
                0x00004044                rt_timer_check
 .text.rt_soft_timer_check
                0x0000414c      0x11c ./rt-thread/src/timer.o
                0x0000414c                rt_soft_timer_check
 .text._timer_thread_entry
                0x00004268       0x5c ./rt-thread/src/timer.o
 .text.rt_system_timer_init
                0x000042c4       0x34 ./rt-thread/src/timer.o
                0x000042c4                rt_system_timer_init
 .text.rt_system_timer_thread_init
                0x000042f8       0x68 ./rt-thread/src/timer.o
                0x000042f8                rt_system_timer_thread_init
 .text          0x00004360      0x13c ./rt-thread/libcpu/arm/cortex-m4/context_gcc.o
                0x00004360                rt_hw_interrupt_disable
                0x00004368                rt_hw_interrupt_enable
                0x0000436e                rt_hw_context_switch_interrupt
                0x0000436e                rt_hw_context_switch
                0x0000438e                PendSV_Handler
                0x000043fa                rt_hw_context_switch_to
                0x00004440                rt_hw_interrupt_thread_switch
                0x00004444                HardFault_Handler
 .text.rt_hw_stack_init
                0x0000449c       0x90 ./rt-thread/libcpu/arm/cortex-m4/cpuport.o
                0x0000449c                rt_hw_stack_init
 .text.usage_fault_track
                0x0000452c       0xc4 ./rt-thread/libcpu/arm/cortex-m4/cpuport.o
 .text.bus_fault_track
                0x000045f0       0xcc ./rt-thread/libcpu/arm/cortex-m4/cpuport.o
 .text.mem_manage_fault_track
                0x000046bc       0xb4 ./rt-thread/libcpu/arm/cortex-m4/cpuport.o
 .text.hard_fault_track
                0x00004770       0x78 ./rt-thread/libcpu/arm/cortex-m4/cpuport.o
 .text.rt_hw_hard_fault_exception
                0x000047e8      0x184 ./rt-thread/libcpu/arm/cortex-m4/cpuport.o
                0x000047e8                rt_hw_hard_fault_exception
 .text.__rt_ffs
                0x0000496c       0x2a ./rt-thread/libcpu/arm/cortex-m4/cpuport.o
                0x0000496c                __rt_ffs
 .text.rt_list_isempty
                0x00004996       0x24 ./rt-thread/components/finsh/cmd.o
 .text.rt_list_len
                0x000049ba       0x36 ./rt-thread/components/finsh/cmd.o
 .text.clear    0x000049f0       0x14 ./rt-thread/components/finsh/cmd.o
 .text.version  0x00004a04        0xe ./rt-thread/components/finsh/cmd.o
                0x00004a04                version
 *fill*         0x00004a12        0x2 ff
 .text.object_split
                0x00004a14       0x28 ./rt-thread/components/finsh/cmd.o
 .text.list_find_init
                0x00004a3c       0x46 ./rt-thread/components/finsh/cmd.o
 .text.list_get_next
                0x00004a82       0xc6 ./rt-thread/components/finsh/cmd.o
 .text.list_thread
                0x00004b48      0x208 ./rt-thread/components/finsh/cmd.o
                0x00004b48                list_thread
 .text.show_wait_queue
                0x00004d50       0x54 ./rt-thread/components/finsh/cmd.o
 .text.list_sem
                0x00004da4      0x12c ./rt-thread/components/finsh/cmd.o
                0x00004da4                list_sem
 .text.list_event
                0x00004ed0      0x118 ./rt-thread/components/finsh/cmd.o
                0x00004ed0                list_event
 .text.list_mutex
                0x00004fe8       0xe8 ./rt-thread/components/finsh/cmd.o
                0x00004fe8                list_mutex
 .text.list_mailbox
                0x000050d0      0x13c ./rt-thread/components/finsh/cmd.o
                0x000050d0                list_mailbox
 .text.list_msgqueue
                0x0000520c      0x12c ./rt-thread/components/finsh/cmd.o
                0x0000520c                list_msgqueue
 .text.list_timer
                0x00005338      0x128 ./rt-thread/components/finsh/cmd.o
                0x00005338                list_timer
 .text.list_device
                0x00005460       0xf0 ./rt-thread/components/finsh/cmd.o
                0x00005460                list_device
 .text.msh_help
                0x00005550       0x5c ./rt-thread/components/finsh/msh.o
                0x00005550                msh_help
 .text.cmd_ps   0x000055ac       0x18 ./rt-thread/components/finsh/msh.o
                0x000055ac                cmd_ps
 .text.cmd_free
                0x000055c4       0x5c ./rt-thread/components/finsh/msh.o
                0x000055c4                cmd_free
 .text.msh_split
                0x00005620      0x170 ./rt-thread/components/finsh/msh.o
 .text.msh_get_cmd
                0x00005790       0x64 ./rt-thread/components/finsh/msh.o
 .text._msh_exec_cmd
                0x000057f4       0xd4 ./rt-thread/components/finsh/msh.o
 .text.msh_exec
                0x000058c8       0x8c ./rt-thread/components/finsh/msh.o
                0x000058c8                msh_exec
 .text.str_common
                0x00005954       0x4a ./rt-thread/components/finsh/msh.o
 *fill*         0x0000599e        0x2 ff
 .text.msh_auto_complete
                0x000059a0       0xb0 ./rt-thread/components/finsh/msh.o
                0x000059a0                msh_auto_complete
 .text.finsh_get_prompt
                0x00005a50       0x7c ./rt-thread/components/finsh/shell.o
                0x00005a50                finsh_get_prompt
 .text.finsh_set_prompt_mode
                0x00005acc       0x48 ./rt-thread/components/finsh/shell.o
                0x00005acc                finsh_set_prompt_mode
 .text.finsh_getchar
                0x00005b14       0x90 ./rt-thread/components/finsh/shell.o
                0x00005b14                finsh_getchar
 .text.finsh_rx_ind
                0x00005ba4       0x3c ./rt-thread/components/finsh/shell.o
 .text.finsh_set_device
                0x00005be0       0xd8 ./rt-thread/components/finsh/shell.o
                0x00005be0                finsh_set_device
 .text.shell_auto_complete
                0x00005cb8       0x34 ./rt-thread/components/finsh/shell.o
 .text.shell_handle_history
                0x00005cec       0x34 ./rt-thread/components/finsh/shell.o
 .text.shell_push_history
                0x00005d20      0x15e ./rt-thread/components/finsh/shell.o
 *fill*         0x00005e7e        0x2 ff
 .text.finsh_thread_entry
                0x00005e80      0x5cc ./rt-thread/components/finsh/shell.o
                0x00005e80                finsh_thread_entry
 .text.finsh_system_function_init
                0x0000644c       0x2c ./rt-thread/components/finsh/shell.o
                0x0000644c                finsh_system_function_init
 .text.finsh_system_init
                0x00006478       0x9c ./rt-thread/components/finsh/shell.o
                0x00006478                finsh_system_init
 .text.rt_serial_get_linear_buffer
                0x00006514       0x8c ./rt-thread/components/drivers/serial/serial_v2.o
 .text.rt_serial_update_read_index
                0x000065a0       0xcc ./rt-thread/components/drivers/serial/serial_v2.o
 .text.rt_serial_update_write_index
                0x0000666c       0xe8 ./rt-thread/components/drivers/serial/serial_v2.o
 .text._serial_poll_rx
                0x00006754       0xa4 ./rt-thread/components/drivers/serial/serial_v2.o
                0x00006754                _serial_poll_rx
 .text._serial_poll_tx
                0x000067f8       0x9c ./rt-thread/components/drivers/serial/serial_v2.o
                0x000067f8                _serial_poll_tx
 .text._serial_fifo_rx
                0x00006894       0xf4 ./rt-thread/components/drivers/serial/serial_v2.o
 .text._serial_fifo_tx_blocking_nbuf
                0x00006988       0xb0 ./rt-thread/components/drivers/serial/serial_v2.o
 .text._serial_fifo_tx_blocking_buf
                0x00006a38      0x118 ./rt-thread/components/drivers/serial/serial_v2.o
 .text._serial_fifo_tx_nonblocking
                0x00006b50       0xd4 ./rt-thread/components/drivers/serial/serial_v2.o
 .text.rt_serial_tx_enable
                0x00006c24      0x1e8 ./rt-thread/components/drivers/serial/serial_v2.o
 .text.rt_serial_rx_enable
                0x00006e0c      0x15c ./rt-thread/components/drivers/serial/serial_v2.o
 .text.rt_serial_rx_disable
                0x00006f68       0xb4 ./rt-thread/components/drivers/serial/serial_v2.o
 .text.rt_serial_tx_disable
                0x0000701c       0xc0 ./rt-thread/components/drivers/serial/serial_v2.o
 .text.rt_serial_init
                0x000070dc       0x5c ./rt-thread/components/drivers/serial/serial_v2.o
 .text.rt_serial_open
                0x00007138       0xf4 ./rt-thread/components/drivers/serial/serial_v2.o
 .text.rt_serial_close
                0x0000722c       0x90 ./rt-thread/components/drivers/serial/serial_v2.o
 .text.rt_serial_control
                0x000072bc       0xb8 ./rt-thread/components/drivers/serial/serial_v2.o
 .text.rt_hw_serial_register
                0x00007374       0x94 ./rt-thread/components/drivers/serial/serial_v2.o
                0x00007374                rt_hw_serial_register
 .text.rt_hw_serial_isr
                0x00007408      0x210 ./rt-thread/components/drivers/serial/serial_v2.o
                0x00007408                rt_hw_serial_isr
 .text._pin_read
                0x00007618       0x60 ./rt-thread/components/drivers/misc/pin.o
 .text._pin_write
                0x00007678       0x5c ./rt-thread/components/drivers/misc/pin.o
 .text._pin_control
                0x000076d4       0x58 ./rt-thread/components/drivers/misc/pin.o
 .text.rt_device_pin_register
                0x0000772c       0x74 ./rt-thread/components/drivers/misc/pin.o
                0x0000772c                rt_device_pin_register
 .text.rt_pin_attach_irq
                0x000077a0       0x5c ./rt-thread/components/drivers/misc/pin.o
                0x000077a0                rt_pin_attach_irq
 .text.rt_pin_irq_enable
                0x000077fc       0x50 ./rt-thread/components/drivers/misc/pin.o
                0x000077fc                rt_pin_irq_enable
 .text.rt_pin_write
                0x0000784c       0x40 ./rt-thread/components/drivers/misc/pin.o
                0x0000784c                rt_pin_write
 .text.rt_pin_get
                0x0000788c       0x60 ./rt-thread/components/drivers/misc/pin.o
                0x0000788c                rt_pin_get
 .text.rt_list_init
                0x000078ec       0x22 ./rt-thread/components/drivers/ipc/completion.o
 .text.rt_list_insert_before
                0x0000790e       0x32 ./rt-thread/components/drivers/ipc/completion.o
 .text.rt_list_isempty
                0x00007940       0x24 ./rt-thread/components/drivers/ipc/completion.o
 .text.rt_completion_init
                0x00007964       0x44 ./rt-thread/components/drivers/ipc/completion.o
                0x00007964                rt_completion_init
 .text.rt_completion_wait
                0x000079a8      0x15c ./rt-thread/components/drivers/ipc/completion.o
                0x000079a8                rt_completion_wait
 .text.rt_completion_done
                0x00007b04       0x70 ./rt-thread/components/drivers/ipc/completion.o
                0x00007b04                rt_completion_done
 .text.rt_ringbuffer_status
                0x00007b74       0x4e ./rt-thread/components/drivers/ipc/ringbuffer.o
 *fill*         0x00007bc2        0x2 ff
 .text.rt_ringbuffer_init
                0x00007bc4       0xa0 ./rt-thread/components/drivers/ipc/ringbuffer.o
                0x00007bc4                rt_ringbuffer_init
 .text.rt_ringbuffer_put
                0x00007c64      0x16c ./rt-thread/components/drivers/ipc/ringbuffer.o
                0x00007c64                rt_ringbuffer_put
 .text.rt_ringbuffer_get
                0x00007dd0      0x15c ./rt-thread/components/drivers/ipc/ringbuffer.o
                0x00007dd0                rt_ringbuffer_get
 .text.rt_ringbuffer_putchar
                0x00007f2c       0xbc ./rt-thread/components/drivers/ipc/ringbuffer.o
                0x00007f2c                rt_ringbuffer_putchar
 .text.rt_ringbuffer_data_len
                0x00007fe8       0x66 ./rt-thread/components/drivers/ipc/ringbuffer.o
                0x00007fe8                rt_ringbuffer_data_len
 .text.main     0x0000804e        0xe ./ra_gen/main.o
                0x0000804e                main
 .text.R_FSP_CurrentIrqGet
                0x0000805c       0x2c ./ra/fsp/src/r_sci_uart/r_sci_uart.o
 .text.R_FSP_IsrContextSet
                0x00008088       0x28 ./ra/fsp/src/r_sci_uart/r_sci_uart.o
 .text.R_BSP_IrqStatusClear
                0x000080b0       0x30 ./ra/fsp/src/r_sci_uart/r_sci_uart.o
 .text.R_BSP_IrqClearPending
                0x000080e0       0x40 ./ra/fsp/src/r_sci_uart/r_sci_uart.o
 .text.R_BSP_IrqCfg
                0x00008120       0x3c ./ra/fsp/src/r_sci_uart/r_sci_uart.o
 .text.R_BSP_IrqEnableNoClear
                0x0000815c       0x38 ./ra/fsp/src/r_sci_uart/r_sci_uart.o
 .text.R_BSP_IrqEnable
                0x00008194       0x26 ./ra/fsp/src/r_sci_uart/r_sci_uart.o
 *fill*         0x000081ba        0x2 ff
 .text.R_BSP_IrqDisable
                0x000081bc       0x48 ./ra/fsp/src/r_sci_uart/r_sci_uart.o
 .text.R_FSP_IsrContextGet
                0x00008204       0x24 ./ra/fsp/src/r_sci_uart/r_sci_uart.o
 .text.R_SCI_UART_Open
                0x00008228      0x1ac ./ra/fsp/src/r_sci_uart/r_sci_uart.o
                0x00008228                R_SCI_UART_Open
 .text.r_sci_uart_config_set
                0x000083d4      0x120 ./ra/fsp/src/r_sci_uart/r_sci_uart.o
 .text.r_sci_irq_cfg
                0x000084f4       0x3a ./ra/fsp/src/r_sci_uart/r_sci_uart.o
 .text.r_sci_irqs_cfg
                0x0000852e       0x5a ./ra/fsp/src/r_sci_uart/r_sci_uart.o
 .text.r_sci_uart_baud_set
                0x00008588       0x58 ./ra/fsp/src/r_sci_uart/r_sci_uart.o
 .text.r_sci_uart_call_callback
                0x000085e0       0x76 ./ra/fsp/src/r_sci_uart/r_sci_uart.o
 .text.sci_uart_txi_isr
                0x00008656       0xd0 ./ra/fsp/src/r_sci_uart/r_sci_uart.o
                0x00008656                sci_uart_txi_isr
 .text.sci_uart_rxi_isr
                0x00008726       0xbc ./ra/fsp/src/r_sci_uart/r_sci_uart.o
                0x00008726                sci_uart_rxi_isr
 .text.sci_uart_tei_isr
                0x000087e2       0x4a ./ra/fsp/src/r_sci_uart/r_sci_uart.o
                0x000087e2                sci_uart_tei_isr
 .text.sci_uart_eri_isr
                0x0000882c       0xa8 ./ra/fsp/src/r_sci_uart/r_sci_uart.o
                0x0000882c                sci_uart_eri_isr
 .text.R_BSP_PinRead
                0x000088d4       0x38 ./ra/fsp/src/r_ioport/r_ioport.o
 .text.R_BSP_PinAccessEnable
                0x0000890c       0x60 ./ra/fsp/src/r_ioport/r_ioport.o
 .text.R_BSP_PinAccessDisable
                0x0000896c       0x68 ./ra/fsp/src/r_ioport/r_ioport.o
 .text.R_IOPORT_Open
                0x000089d4       0x28 ./ra/fsp/src/r_ioport/r_ioport.o
                0x000089d4                R_IOPORT_Open
 .text.R_IOPORT_Close
                0x000089fc       0x20 ./ra/fsp/src/r_ioport/r_ioport.o
                0x000089fc                R_IOPORT_Close
 .text.R_IOPORT_PinsCfg
                0x00008a1c       0x1a ./ra/fsp/src/r_ioport/r_ioport.o
                0x00008a1c                R_IOPORT_PinsCfg
 .text.R_IOPORT_PinCfg
                0x00008a36       0x46 ./ra/fsp/src/r_ioport/r_ioport.o
                0x00008a36                R_IOPORT_PinCfg
 .text.R_IOPORT_PinRead
                0x00008a7c       0x28 ./ra/fsp/src/r_ioport/r_ioport.o
                0x00008a7c                R_IOPORT_PinRead
 .text.R_IOPORT_PortRead
                0x00008aa4       0x3a ./ra/fsp/src/r_ioport/r_ioport.o
                0x00008aa4                R_IOPORT_PortRead
 .text.R_IOPORT_PortWrite
                0x00008ade       0x62 ./ra/fsp/src/r_ioport/r_ioport.o
                0x00008ade                R_IOPORT_PortWrite
 .text.R_IOPORT_PinWrite
                0x00008b40       0x6e ./ra/fsp/src/r_ioport/r_ioport.o
                0x00008b40                R_IOPORT_PinWrite
 .text.R_IOPORT_PortDirectionSet
                0x00008bae       0x72 ./ra/fsp/src/r_ioport/r_ioport.o
                0x00008bae                R_IOPORT_PortDirectionSet
 .text.R_IOPORT_PortEventInputRead
                0x00008c20       0x3e ./ra/fsp/src/r_ioport/r_ioport.o
                0x00008c20                R_IOPORT_PortEventInputRead
 .text.R_IOPORT_PinEventInputRead
                0x00008c5e       0x62 ./ra/fsp/src/r_ioport/r_ioport.o
                0x00008c5e                R_IOPORT_PinEventInputRead
 .text.R_IOPORT_PortEventOutputWrite
                0x00008cc0       0x62 ./ra/fsp/src/r_ioport/r_ioport.o
                0x00008cc0                R_IOPORT_PortEventOutputWrite
 .text.R_IOPORT_PinEventOutputWrite
                0x00008d22       0x5e ./ra/fsp/src/r_ioport/r_ioport.o
                0x00008d22                R_IOPORT_PinEventOutputWrite
 .text.R_IOPORT_EthernetModeCfg
                0x00008d80       0x28 ./ra/fsp/src/r_ioport/r_ioport.o
                0x00008d80                R_IOPORT_EthernetModeCfg
 .text.r_ioport_pins_config
                0x00008da8       0x56 ./ra/fsp/src/r_ioport/r_ioport.o
 .text.r_ioport_hw_pin_event_output_data_write
                0x00008dfe       0x88 ./ra/fsp/src/r_ioport/r_ioport.o
 *fill*         0x00008e86        0x2 ff
 .text.r_ioport_pfs_write
                0x00008e88       0x78 ./ra/fsp/src/r_ioport/r_ioport.o
 .text.bsp_vbatt_init
                0x00008f00       0xd8 ./ra/fsp/src/r_ioport/r_ioport.o
 .text.R_FSP_CurrentIrqGet
                0x00008fd8       0x2c ./ra/fsp/src/r_icu/r_icu.o
 .text.R_FSP_IsrContextSet
                0x00009004       0x28 ./ra/fsp/src/r_icu/r_icu.o
 .text.R_BSP_IrqStatusClear
                0x0000902c       0x30 ./ra/fsp/src/r_icu/r_icu.o
 .text.R_BSP_IrqClearPending
                0x0000905c       0x40 ./ra/fsp/src/r_icu/r_icu.o
 .text.R_BSP_IrqCfg
                0x0000909c       0x3c ./ra/fsp/src/r_icu/r_icu.o
 .text.R_BSP_IrqEnableNoClear
                0x000090d8       0x38 ./ra/fsp/src/r_icu/r_icu.o
 .text.R_BSP_IrqEnable
                0x00009110       0x26 ./ra/fsp/src/r_icu/r_icu.o
 *fill*         0x00009136        0x2 ff
 .text.R_BSP_IrqDisable
                0x00009138       0x48 ./ra/fsp/src/r_icu/r_icu.o
 .text.R_FSP_IsrContextGet
                0x00009180       0x24 ./ra/fsp/src/r_icu/r_icu.o
 .text.R_ICU_ExternalIrqOpen
                0x000091a4       0xcc ./ra/fsp/src/r_icu/r_icu.o
                0x000091a4                R_ICU_ExternalIrqOpen
 .text.R_ICU_ExternalIrqEnable
                0x00009270       0x22 ./ra/fsp/src/r_icu/r_icu.o
                0x00009270                R_ICU_ExternalIrqEnable
 .text.R_ICU_ExternalIrqDisable
                0x00009292       0x22 ./ra/fsp/src/r_icu/r_icu.o
                0x00009292                R_ICU_ExternalIrqDisable
 .text.R_ICU_ExternalIrqClose
                0x000092b4       0x40 ./ra/fsp/src/r_icu/r_icu.o
                0x000092b4                R_ICU_ExternalIrqClose
 .text.r_icu_isr
                0x000092f4       0x80 ./ra/fsp/src/r_icu/r_icu.o
                0x000092f4                r_icu_isr
 .text.R_BSP_FlashCacheEnable
                0x00009374       0x40 ./ra/fsp/src/bsp/mcu/all/bsp_clocks.o
 .text.SystemCoreClockUpdate
                0x000093b4       0x40 ./ra/fsp/src/bsp/mcu/all/bsp_clocks.o
                0x000093b4                SystemCoreClockUpdate
 .text.bsp_prv_clock_set_hard_reset
                0x000093f4       0x30 ./ra/fsp/src/bsp/mcu/all/bsp_clocks.o
 .text.bsp_clock_freq_var_init
                0x00009424       0x48 ./ra/fsp/src/bsp/mcu/all/bsp_clocks.o
 .text.bsp_clock_init
                0x0000946c       0xa4 ./ra/fsp/src/bsp/mcu/all/bsp_clocks.o
                0x0000946c                bsp_clock_init
 .text.bsp_init_internal
                0x00009510       0x14 ./ra/fsp/src/bsp/mcu/all/bsp_common.o
                0x00009510                bsp_init_internal
                0x00009510                bsp_init
 .text.bsp_group_irq_call
                0x00009524       0x30 ./ra/fsp/src/bsp/mcu/all/bsp_group_irq.o
 .text.NMI_Handler
                0x00009554       0x4c ./ra/fsp/src/bsp/mcu/all/bsp_group_irq.o
                0x00009554                NMI_Handler
 .text.bsp_irq_cfg
                0x000095a0      0x104 ./ra/fsp/src/bsp/mcu/all/bsp_irq.o
                0x000095a0                bsp_irq_cfg
 .text.R_BSP_RegisterProtectEnable
                0x000096a4       0xa0 ./ra/fsp/src/bsp/mcu/all/bsp_register_protection.o
                0x000096a4                R_BSP_RegisterProtectEnable
 .text.R_BSP_RegisterProtectDisable
                0x00009744       0x90 ./ra/fsp/src/bsp/mcu/all/bsp_register_protection.o
                0x00009744                R_BSP_RegisterProtectDisable
 .text.Reset_Handler
                0x000097d4        0xe ./ra/fsp/src/bsp/cmsis/Device/RENESAS/Source/startup.o
                0x000097d4                Reset_Handler
 .text.Default_Handler
                0x000097e2       0x10 ./ra/fsp/src/bsp/cmsis/Device/RENESAS/Source/startup.o
                0x000097e2                UsageFault_Handler
                0x000097e2                SecureFault_Handler
                0x000097e2                Default_Handler
                0x000097e2                MemManage_Handler
                0x000097e2                SVC_Handler
                0x000097e2                BusFault_Handler
                0x000097e2                DebugMon_Handler
 *fill*         0x000097f2        0x2 ff
 .text.SystemInit
                0x000097f4       0xf0 ./ra/fsp/src/bsp/cmsis/Device/RENESAS/Source/system.o
                0x000097f4                SystemInit
 .text._rtt_cfg
                0x000098e4       0x18 ./packages/SEGGER_RTT-latest/adapter/drv_rtt.o
 .text._rtt_ctrl
                0x000098fc       0x1a ./packages/SEGGER_RTT-latest/adapter/drv_rtt.o
 .text._rtt_putc
                0x00009916       0x20 ./packages/SEGGER_RTT-latest/adapter/drv_rtt.o
 .text._rtt_getc
                0x00009936       0x16 ./packages/SEGGER_RTT-latest/adapter/drv_rtt.o
 .text.segger_rtt_check
                0x0000994c       0x20 ./packages/SEGGER_RTT-latest/adapter/drv_rtt.o
 .text.rt_hw_jlink_rtt_init
                0x0000996c       0xb8 ./packages/SEGGER_RTT-latest/adapter/drv_rtt.o
                0x0000996c                rt_hw_jlink_rtt_init
 .text._DoInit  0x00009a24       0xb0 ./packages/SEGGER_RTT-latest/RTT/SEGGER_RTT.o
 .text._WriteBlocking
                0x00009ad4       0xba ./packages/SEGGER_RTT-latest/RTT/SEGGER_RTT.o
 .text._WriteNoCheck
                0x00009b8e       0x90 ./packages/SEGGER_RTT-latest/RTT/SEGGER_RTT.o
 .text._GetAvailWriteSpace
                0x00009c1e       0x46 ./packages/SEGGER_RTT-latest/RTT/SEGGER_RTT.o
 .text.SEGGER_RTT_ReadNoLock
                0x00009c64      0x10c ./packages/SEGGER_RTT-latest/RTT/SEGGER_RTT.o
                0x00009c64                SEGGER_RTT_ReadNoLock
 .text.SEGGER_RTT_Read
                0x00009d70       0x36 ./packages/SEGGER_RTT-latest/RTT/SEGGER_RTT.o
                0x00009d70                SEGGER_RTT_Read
 *fill*         0x00009da6        0x2 ff
 .text.SEGGER_RTT_WriteNoLock
                0x00009da8       0xa0 ./packages/SEGGER_RTT-latest/RTT/SEGGER_RTT.o
                0x00009da8                SEGGER_RTT_WriteNoLock
 .text.SEGGER_RTT_Write
                0x00009e48       0x4c ./packages/SEGGER_RTT-latest/RTT/SEGGER_RTT.o
                0x00009e48                SEGGER_RTT_Write
 .text.SEGGER_RTT_PutChar
                0x00009e94       0xac ./packages/SEGGER_RTT-latest/RTT/SEGGER_RTT.o
                0x00009e94                SEGGER_RTT_PutChar
 .text.SEGGER_RTT_GetKey
                0x00009f40       0x32 ./packages/SEGGER_RTT-latest/RTT/SEGGER_RTT.o
                0x00009f40                SEGGER_RTT_GetKey
 *fill*         0x00009f72        0x2 ff
 .text.SEGGER_RTT_HasKey
                0x00009f74       0x48 ./packages/SEGGER_RTT-latest/RTT/SEGGER_RTT.o
                0x00009f74                SEGGER_RTT_HasKey
 .text.SEGGER_RTT_ConfigUpBuffer
                0x00009fbc       0x94 ./packages/SEGGER_RTT-latest/RTT/SEGGER_RTT.o
                0x00009fbc                SEGGER_RTT_ConfigUpBuffer
 .text.SEGGER_RTT_ConfigDownBuffer
                0x0000a050       0x98 ./packages/SEGGER_RTT-latest/RTT/SEGGER_RTT.o
                0x0000a050                SEGGER_RTT_ConfigDownBuffer
 .text.SEGGER_RTT_Init
                0x0000a0e8        0xc ./packages/SEGGER_RTT-latest/RTT/SEGGER_RTT.o
                0x0000a0e8                SEGGER_RTT_Init
 .text.SEGGER_RTT_SetTerminal
                0x0000a0f4       0xb8 ./packages/SEGGER_RTT-latest/RTT/SEGGER_RTT.o
                0x0000a0f4                SEGGER_RTT_SetTerminal
 .text._StoreChar
                0x0000a1ac       0x7c ./packages/SEGGER_RTT-latest/RTT/SEGGER_RTT_printf.o
 .text._PrintUnsigned
                0x0000a228      0x158 ./packages/SEGGER_RTT-latest/RTT/SEGGER_RTT_printf.o
 .text._PrintInt
                0x0000a380      0x14e ./packages/SEGGER_RTT-latest/RTT/SEGGER_RTT_printf.o
 *fill*         0x0000a4ce        0x2 ff
 .text.SEGGER_RTT_vprintf
                0x0000a4d0      0x4c0 ./packages/SEGGER_RTT-latest/RTT/SEGGER_RTT_printf.o
                0x0000a4d0                SEGGER_RTT_vprintf
 .text.SEGGER_RTT_printf
                0x0000a990       0x30 ./packages/SEGGER_RTT-latest/RTT/SEGGER_RTT_printf.o
                0x0000a990                SEGGER_RTT_printf
 .text.__NVIC_SetPriority
                0x0000a9c0       0x54 ./libraries/HAL_Drivers/drv_common.o
 .text.__NVIC_SystemReset
                0x0000aa14       0x2c ./libraries/HAL_Drivers/drv_common.o
 .text.SysTick_Config
                0x0000aa40       0x44 ./libraries/HAL_Drivers/drv_common.o
 .text.reboot   0x0000aa84       0x10 ./libraries/HAL_Drivers/drv_common.o
 .text.rt_hw_systick_init
                0x0000aa94       0x2c ./libraries/HAL_Drivers/drv_common.o
                0x0000aa94                rt_hw_systick_init
 .text.SysTick_Handler
                0x0000aac0       0x14 ./libraries/HAL_Drivers/drv_common.o
                0x0000aac0                SysTick_Handler
 .text.rt_hw_board_init
                0x0000aad4       0x34 ./libraries/HAL_Drivers/drv_common.o
                0x0000aad4                rt_hw_board_init
 .text.R_BSP_WarmStart
                0x0000ab08       0x2c ./libraries/HAL_Drivers/drv_common.o
                0x0000ab08                R_BSP_WarmStart
 .text.R_BSP_PinRead
                0x0000ab34       0x38 ./libraries/HAL_Drivers/drv_gpio.o
 .text.R_BSP_PinWrite
                0x0000ab6c       0x68 ./libraries/HAL_Drivers/drv_gpio.o
 .text.R_BSP_PinAccessEnable
                0x0000abd4       0x60 ./libraries/HAL_Drivers/drv_gpio.o
 .text.R_BSP_PinAccessDisable
                0x0000ac34       0x68 ./libraries/HAL_Drivers/drv_gpio.o
 .text.ra_pin_get_irqx
                0x0000ac9c      0x280 ./libraries/HAL_Drivers/drv_gpio.o
 .text.ra_irq_tab_init
                0x0000af1c       0x7c ./libraries/HAL_Drivers/drv_gpio.o
 .text.ra_pin_map_init
                0x0000af98       0x28 ./libraries/HAL_Drivers/drv_gpio.o
 .text.ra_pin_mode
                0x0000afc0       0xf8 ./libraries/HAL_Drivers/drv_gpio.o
 .text.ra_pin_write
                0x0000b0b8       0x3a ./libraries/HAL_Drivers/drv_gpio.o
 *fill*         0x0000b0f2        0x2 ff
 .text.ra_pin_read
                0x0000b0f4       0x50 ./libraries/HAL_Drivers/drv_gpio.o
 .text.ra_pin_irq_enable
                0x0000b144      0x120 ./libraries/HAL_Drivers/drv_gpio.o
 .text.ra_pin_attach_irq
                0x0000b264      0x12c ./libraries/HAL_Drivers/drv_gpio.o
 .text.ra_pin_dettach_irq
                0x0000b390       0xb4 ./libraries/HAL_Drivers/drv_gpio.o
 .text.ra_pin_get
                0x0000b444       0xce ./libraries/HAL_Drivers/drv_gpio.o
 *fill*         0x0000b512        0x2 ff
 .text.rt_hw_pin_init
                0x0000b514       0x24 ./libraries/HAL_Drivers/drv_gpio.o
                0x0000b514                rt_hw_pin_init
 .text.irq0_callback
                0x0000b538       0x34 ./libraries/HAL_Drivers/drv_gpio.o
                0x0000b538                irq0_callback
 .text.ra_uart_get_config
                0x0000b56c       0x64 ./libraries/HAL_Drivers/drv_usart_v2.o
 .text.ra_uart_configure
                0x0000b5d0       0x7c ./libraries/HAL_Drivers/drv_usart_v2.o
 .text.ra_uart_control
                0x0000b64c       0x1a ./libraries/HAL_Drivers/drv_usart_v2.o
 *fill*         0x0000b666        0x2 ff
 .text.ra_uart_putc
                0x0000b668       0x68 ./libraries/HAL_Drivers/drv_usart_v2.o
 .text.ra_uart_getc
                0x0000b6d0       0x16 ./libraries/HAL_Drivers/drv_usart_v2.o
 *fill*         0x0000b6e6        0x2 ff
 .text.user_uart7_callback
                0x0000b6e8       0x78 ./libraries/HAL_Drivers/drv_usart_v2.o
                0x0000b6e8                user_uart7_callback
 .text.rt_hw_usart_init
                0x0000b760       0xb8 ./libraries/HAL_Drivers/drv_usart_v2.o
                0x0000b760                rt_hw_usart_init
 .text.memcmp   0x0000b818       0x60 d:/rt-thread/rt-threadstudio/repo/extract/toolchain_support_packages/arm/gnu_tools_for_arm_embedded_processors/10.2.1/bin/../lib/gcc/arm-none-eabi/10.2.1/../../../../arm-none-eabi/lib/thumb/v8-m.main+fp/hard\libc.a(lib_a-memcmp.o)
                0x0000b818                memcmp
 .text          0x0000b878       0xec d:/rt-thread/rt-threadstudio/repo/extract/toolchain_support_packages/arm/gnu_tools_for_arm_embedded_processors/10.2.1/bin/../lib/gcc/arm-none-eabi/10.2.1/../../../../arm-none-eabi/lib/thumb/v8-m.main+fp/hard\libc.a(lib_a-memcpy.o)
                0x0000b878                memcpy
 .text.memset   0x0000b964       0xa4 d:/rt-thread/rt-threadstudio/repo/extract/toolchain_support_packages/arm/gnu_tools_for_arm_embedded_processors/10.2.1/bin/../lib/gcc/arm-none-eabi/10.2.1/../../../../arm-none-eabi/lib/thumb/v8-m.main+fp/hard\libc.a(lib_a-memset.o)
                0x0000b964                memset
 .text.strlen   0x0000ba08       0x5c d:/rt-thread/rt-threadstudio/repo/extract/toolchain_support_packages/arm/gnu_tools_for_arm_embedded_processors/10.2.1/bin/../lib/gcc/arm-none-eabi/10.2.1/../../../../arm-none-eabi/lib/thumb/v8-m.main+fp/hard\libc.a(lib_a-strlen-stub.o)
                0x0000ba08                strlen
 .text.strncmp  0x0000ba64       0x78 d:/rt-thread/rt-threadstudio/repo/extract/toolchain_support_packages/arm/gnu_tools_for_arm_embedded_processors/10.2.1/bin/../lib/gcc/arm-none-eabi/10.2.1/../../../../arm-none-eabi/lib/thumb/v8-m.main+fp/hard\libc.a(lib_a-strncmp.o)
                0x0000ba64                strncmp
 .text.strncpy  0x0000badc       0x64 d:/rt-thread/rt-threadstudio/repo/extract/toolchain_support_packages/arm/gnu_tools_for_arm_embedded_processors/10.2.1/bin/../lib/gcc/arm-none-eabi/10.2.1/../../../../arm-none-eabi/lib/thumb/v8-m.main+fp/hard\libc.a(lib_a-strncpy.o)
                0x0000badc                strncpy
 .text.startup.register_fini
                0x0000bb40       0x14 d:/rt-thread/rt-threadstudio/repo/extract/toolchain_support_packages/arm/gnu_tools_for_arm_embedded_processors/10.2.1/bin/../lib/gcc/arm-none-eabi/10.2.1/../../../../arm-none-eabi/lib/thumb/v8-m.main+fp/hard\libc.a(lib_a-__call_atexit.o)
 .text.atexit   0x0000bb54        0xc d:/rt-thread/rt-threadstudio/repo/extract/toolchain_support_packages/arm/gnu_tools_for_arm_embedded_processors/10.2.1/bin/../lib/gcc/arm-none-eabi/10.2.1/../../../../arm-none-eabi/lib/thumb/v8-m.main+fp/hard\libc.a(lib_a-atexit.o)
                0x0000bb54                atexit
 .text.__libc_fini_array
                0x0000bb60       0x2c d:/rt-thread/rt-threadstudio/repo/extract/toolchain_support_packages/arm/gnu_tools_for_arm_embedded_processors/10.2.1/bin/../lib/gcc/arm-none-eabi/10.2.1/../../../../arm-none-eabi/lib/thumb/v8-m.main+fp/hard\libc.a(lib_a-fini.o)
                0x0000bb60                __libc_fini_array
 .text.__retarget_lock_acquire_recursive
                0x0000bb8c        0x4 d:/rt-thread/rt-threadstudio/repo/extract/toolchain_support_packages/arm/gnu_tools_for_arm_embedded_processors/10.2.1/bin/../lib/gcc/arm-none-eabi/10.2.1/../../../../arm-none-eabi/lib/thumb/v8-m.main+fp/hard\libc.a(lib_a-lock.o)
                0x0000bb8c                __retarget_lock_acquire_recursive
 .text.__retarget_lock_release_recursive
                0x0000bb90        0x4 d:/rt-thread/rt-threadstudio/repo/extract/toolchain_support_packages/arm/gnu_tools_for_arm_embedded_processors/10.2.1/bin/../lib/gcc/arm-none-eabi/10.2.1/../../../../arm-none-eabi/lib/thumb/v8-m.main+fp/hard\libc.a(lib_a-lock.o)
                0x0000bb90                __retarget_lock_release_recursive
 .text.__register_exitproc
                0x0000bb94       0x90 d:/rt-thread/rt-threadstudio/repo/extract/toolchain_support_packages/arm/gnu_tools_for_arm_embedded_processors/10.2.1/bin/../lib/gcc/arm-none-eabi/10.2.1/../../../../arm-none-eabi/lib/thumb/v8-m.main+fp/hard\libc.a(lib_a-__atexit.o)
                0x0000bb94                __register_exitproc
 .text          0x0000bc24      0x378 d:/rt-thread/rt-threadstudio/repo/extract/toolchain_support_packages/arm/gnu_tools_for_arm_embedded_processors/10.2.1/bin/../lib/gcc/arm-none-eabi/10.2.1/thumb/v8-m.main+fp/hard\libgcc.a(_arm_addsubdf3.o)
                0x0000bc24                __aeabi_drsub
                0x0000bc2c                __aeabi_dsub
                0x0000bc2c                __subdf3
                0x0000bc30                __aeabi_dadd
                0x0000bc30                __adddf3
                0x0000bea8                __floatunsidf
                0x0000bea8                __aeabi_ui2d
                0x0000bec8                __floatsidf
                0x0000bec8                __aeabi_i2d
                0x0000beec                __aeabi_f2d
                0x0000beec                __extendsfdf2
                0x0000bf30                __floatundidf
                0x0000bf30                __aeabi_ul2d
                0x0000bf40                __floatdidf
                0x0000bf40                __aeabi_l2d
 .text          0x0000bf9c       0xa0 d:/rt-thread/rt-threadstudio/repo/extract/toolchain_support_packages/arm/gnu_tools_for_arm_embedded_processors/10.2.1/bin/../lib/gcc/arm-none-eabi/10.2.1/thumb/v8-m.main+fp/hard\libgcc.a(_arm_truncdfsf2.o)
                0x0000bf9c                __truncdfsf2
                0x0000bf9c                __aeabi_d2f
 *(.version)
 .version       0x0000c03c       0x50 ./ra/fsp/src/bsp/mcu/all/bsp_common.o
 *(.init)
 .init          0x0000c08c        0x4 d:/rt-thread/rt-threadstudio/repo/extract/toolchain_support_packages/arm/gnu_tools_for_arm_embedded_processors/10.2.1/bin/../lib/gcc/arm-none-eabi/10.2.1/thumb/v8-m.main+fp/hard/crti.o
                0x0000c08c                _init
 .init          0x0000c090        0x8 d:/rt-thread/rt-threadstudio/repo/extract/toolchain_support_packages/arm/gnu_tools_for_arm_embedded_processors/10.2.1/bin/../lib/gcc/arm-none-eabi/10.2.1/thumb/v8-m.main+fp/hard/crtn.o
 *(.fini)
 .fini          0x0000c098        0x4 d:/rt-thread/rt-threadstudio/repo/extract/toolchain_support_packages/arm/gnu_tools_for_arm_embedded_processors/10.2.1/bin/../lib/gcc/arm-none-eabi/10.2.1/thumb/v8-m.main+fp/hard/crti.o
                0x0000c098                _fini
 .fini          0x0000c09c        0x8 d:/rt-thread/rt-threadstudio/repo/extract/toolchain_support_packages/arm/gnu_tools_for_arm_embedded_processors/10.2.1/bin/../lib/gcc/arm-none-eabi/10.2.1/thumb/v8-m.main+fp/hard/crtn.o
                0x0000c0a4                . = ALIGN (0x4)
                0x0000c0a4                __fsymtab_start = .
 *(FSymTab)
 FSymTab        0x0000c0a4       0x18 ./src/hal_entry.o
                0x0000c0a4                __fsym_test
                0x0000c0b0                __fsym_icu_sample
 FSymTab        0x0000c0bc       0x78 ./rt-thread/components/finsh/cmd.o
                0x0000c0bc                __fsym_clear
                0x0000c0c8                __fsym_version
                0x0000c0d4                __fsym_list_thread
                0x0000c0e0                __fsym_list_sem
                0x0000c0ec                __fsym_list_event
                0x0000c0f8                __fsym_list_mutex
                0x0000c104                __fsym_list_mailbox
                0x0000c110                __fsym_list_msgqueue
                0x0000c11c                __fsym_list_timer
                0x0000c128                __fsym_list_device
 FSymTab        0x0000c134       0x24 ./rt-thread/components/finsh/msh.o
                0x0000c134                __fsym_help
                0x0000c140                __fsym_ps
                0x0000c14c                __fsym_free
 FSymTab        0x0000c158        0xc ./libraries/HAL_Drivers/drv_common.o
                0x0000c158                __fsym_reboot
                0x0000c164                __fsymtab_end = .
                0x0000c164                . = ALIGN (0x4)
                0x0000c164                __vsymtab_start = .
 *(VSymTab)
                0x0000c164                __vsymtab_end = .
                0x0000c164                . = ALIGN (0x4)
                0x0000c164                __rt_init_start = .
 *(SORT_BY_NAME(.rti_fn*))
 .rti_fn.0      0x0000c164        0x4 ./rt-thread/src/components.o
                0x0000c164                __rt_init_rti_start
 .rti_fn.0.end  0x0000c168        0x4 ./rt-thread/src/components.o
                0x0000c168                __rt_init_rti_board_start
 .rti_fn.1.end  0x0000c16c        0x4 ./rt-thread/src/components.o
                0x0000c16c                __rt_init_rti_board_end
 .rti_fn.6      0x0000c170        0x4 ./rt-thread/components/finsh/shell.o
                0x0000c170                __rt_init_finsh_system_init
 .rti_fn.6.end  0x0000c174        0x4 ./rt-thread/src/components.o
                0x0000c174                __rt_init_rti_end
                0x0000c178                __rt_init_end = .
                0x0000c178                . = ALIGN (0x4)
 *(FalPartTable)
 *crtbegin.o(.ctors)
 *crtbegin?.o(.ctors)
 *(EXCLUDE_FILE(*crtend.o *crtend?.o) .ctors)
 *(SORT_BY_NAME(.ctors.*))
 *(.ctors)
 *crtbegin.o(.dtors)
 *crtbegin?.o(.dtors)
 *(EXCLUDE_FILE(*crtend.o *crtend?.o) .dtors)
 *(SORT_BY_NAME(.dtors.*))
 *(.dtors)
 *(.rodata*)
 .rodata        0x0000c178       0xc7 ./src/hal_entry.o
 *fill*         0x0000c23f        0x1 ff
 .rodata.name   0x0000c240       0x27 ./src/hal_entry.o
                0x0000c240                __fsym_test_name
                0x0000c248                __fsym_test_desc
                0x0000c250                __fsym_icu_sample_name
                0x0000c25c                __fsym_icu_sample_desc
 *fill*         0x0000c267        0x1 ff
 .rodata        0x0000c268       0x17 ./rt-thread/src/components.o
 *fill*         0x0000c27f        0x1 ff
 .rodata.__FUNCTION__.0
                0x0000c280       0x14 ./rt-thread/src/components.o
 .rodata        0x0000c294       0xbc ./rt-thread/src/device.o
 .rodata.__FUNCTION__.6
                0x0000c350        0xf ./rt-thread/src/device.o
 *fill*         0x0000c35f        0x1 ff
 .rodata.__FUNCTION__.5
                0x0000c360       0x10 ./rt-thread/src/device.o
 .rodata.__FUNCTION__.4
                0x0000c370        0xf ./rt-thread/src/device.o
 *fill*         0x0000c37f        0x1 ff
 .rodata.__FUNCTION__.3
                0x0000c380       0x10 ./rt-thread/src/device.o
 .rodata.__FUNCTION__.1
                0x0000c390       0x1a ./rt-thread/src/device.o
 *fill*         0x0000c3aa        0x2 ff
 .rodata        0x0000c3ac        0x8 ./rt-thread/src/idle.o
 .rodata        0x0000c3b4      0x4de ./rt-thread/src/ipc.o
 *fill*         0x0000c892        0x2 ff
 .rodata.__FUNCTION__.37
                0x0000c894        0xc ./rt-thread/src/ipc.o
 .rodata.__FUNCTION__.33
                0x0000c8a0        0xc ./rt-thread/src/ipc.o
 .rodata.__FUNCTION__.32
                0x0000c8ac       0x12 ./rt-thread/src/ipc.o
 *fill*         0x0000c8be        0x2 ff
 .rodata.__FUNCTION__.31
                0x0000c8c0        0xf ./rt-thread/src/ipc.o
 *fill*         0x0000c8cf        0x1 ff
 .rodata.__FUNCTION__.29
                0x0000c8d0        0xe ./rt-thread/src/ipc.o
 *fill*         0x0000c8de        0x2 ff
 .rodata.__FUNCTION__.25
                0x0000c8e0        0xe ./rt-thread/src/ipc.o
 *fill*         0x0000c8ee        0x2 ff
 .rodata.__FUNCTION__.24
                0x0000c8f0       0x11 ./rt-thread/src/ipc.o
 *fill*         0x0000c901        0x3 ff
 .rodata        0x0000c904      0x107 ./rt-thread/src/kservice.o
 *fill*         0x0000ca0b        0x1 ff
 .rodata.large_digits.4
                0x0000ca0c       0x11 ./rt-thread/src/kservice.o
 *fill*         0x0000ca1d        0x3 ff
 .rodata.small_digits.3
                0x0000ca20       0x11 ./rt-thread/src/kservice.o
 *fill*         0x0000ca31        0x3 ff
 .rodata.__FUNCTION__.1
                0x0000ca34       0x14 ./rt-thread/src/kservice.o
 .rodata.__FUNCTION__.0
                0x0000ca48        0xd ./rt-thread/src/kservice.o
 *fill*         0x0000ca55        0x3 ff
 .rodata        0x0000ca58      0x41b ./rt-thread/src/mem.o
 *fill*         0x0000ce73        0x1 ff
 .rodata.__FUNCTION__.4
                0x0000ce74        0xb ./rt-thread/src/mem.o
 *fill*         0x0000ce7f        0x1 ff
 .rodata.__FUNCTION__.2
                0x0000ce80        0xe ./rt-thread/src/mem.o
 *fill*         0x0000ce8e        0x2 ff
 .rodata.__FUNCTION__.0
                0x0000ce90        0xd ./rt-thread/src/mem.o
 *fill*         0x0000ce9d        0x3 ff
 .rodata        0x0000cea0       0x91 ./rt-thread/src/object.o
 *fill*         0x0000cf31        0x3 ff
 .rodata.__FUNCTION__.6
                0x0000cf34        0xf ./rt-thread/src/object.o
 *fill*         0x0000cf43        0x1 ff
 .rodata.__FUNCTION__.5
                0x0000cf44       0x11 ./rt-thread/src/object.o
 *fill*         0x0000cf55        0x3 ff
 .rodata.__FUNCTION__.4
                0x0000cf58       0x13 ./rt-thread/src/object.o
 *fill*         0x0000cf6b        0x1 ff
 .rodata.__FUNCTION__.3
                0x0000cf6c       0x11 ./rt-thread/src/object.o
 *fill*         0x0000cf7d        0x3 ff
 .rodata.__FUNCTION__.2
                0x0000cf80       0x1a ./rt-thread/src/object.o
 *fill*         0x0000cf9a        0x2 ff
 .rodata.__FUNCTION__.1
                0x0000cf9c       0x13 ./rt-thread/src/object.o
 *fill*         0x0000cfaf        0x1 ff
 .rodata.__FUNCTION__.0
                0x0000cfb0        0xf ./rt-thread/src/object.o
 *fill*         0x0000cfbf        0x1 ff
 .rodata        0x0000cfc0       0x65 ./rt-thread/src/scheduler.o
 *fill*         0x0000d025        0x3 ff
 .rodata.__FUNCTION__.2
                0x0000d028       0x1a ./rt-thread/src/scheduler.o
 *fill*         0x0000d042        0x2 ff
 .rodata.__FUNCTION__.1
                0x0000d044       0x1a ./rt-thread/src/scheduler.o
 *fill*         0x0000d05e        0x2 ff
 .rodata.__FUNCTION__.0
                0x0000d060       0x1a ./rt-thread/src/scheduler.o
 *fill*         0x0000d07a        0x2 ff
 .rodata        0x0000d07c      0x19f ./rt-thread/src/thread.o
 *fill*         0x0000d21b        0x1 ff
 .rodata.__FUNCTION__.10
                0x0000d21c       0x10 ./rt-thread/src/thread.o
 .rodata.__FUNCTION__.9
                0x0000d22c        0xd ./rt-thread/src/thread.o
 *fill*         0x0000d239        0x3 ff
 .rodata.__FUNCTION__.8
                0x0000d23c        0xf ./rt-thread/src/thread.o
 *fill*         0x0000d24b        0x1 ff
 .rodata.__FUNCTION__.7
                0x0000d24c       0x12 ./rt-thread/src/thread.o
 *fill*         0x0000d25e        0x2 ff
 .rodata.__FUNCTION__.6
                0x0000d260       0x11 ./rt-thread/src/thread.o
 *fill*         0x0000d271        0x3 ff
 .rodata.__FUNCTION__.5
                0x0000d274       0x11 ./rt-thread/src/thread.o
 *fill*         0x0000d285        0x3 ff
 .rodata.__FUNCTION__.4
                0x0000d288       0x10 ./rt-thread/src/thread.o
 .rodata.__FUNCTION__.2
                0x0000d298       0x12 ./rt-thread/src/thread.o
 *fill*         0x0000d2aa        0x2 ff
 .rodata.__FUNCTION__.1
                0x0000d2ac       0x12 ./rt-thread/src/thread.o
 *fill*         0x0000d2be        0x2 ff
 .rodata.__FUNCTION__.0
                0x0000d2c0       0x11 ./rt-thread/src/thread.o
 *fill*         0x0000d2d1        0x3 ff
 .rodata        0x0000d2d4      0x10e ./rt-thread/src/timer.o
 *fill*         0x0000d3e2        0x2 ff
 .rodata.__FUNCTION__.7
                0x0000d3e4        0xe ./rt-thread/src/timer.o
 *fill*         0x0000d3f2        0x2 ff
 .rodata.__FUNCTION__.6
                0x0000d3f4       0x10 ./rt-thread/src/timer.o
 .rodata.__FUNCTION__.3
                0x0000d404        0xf ./rt-thread/src/timer.o
 *fill*         0x0000d413        0x1 ff
 .rodata.__FUNCTION__.1
                0x0000d414        0xe ./rt-thread/src/timer.o
 *fill*         0x0000d422        0x2 ff
 .rodata.__FUNCTION__.0
                0x0000d424       0x11 ./rt-thread/src/timer.o
 *fill*         0x0000d435        0x3 ff
 .rodata        0x0000d438      0x2ce ./rt-thread/libcpu/arm/cortex-m4/cpuport.o
 *fill*         0x0000d706        0x2 ff
 .rodata        0x0000d708      0x5d3 ./rt-thread/components/finsh/cmd.o
 *fill*         0x0000dcdb        0x1 ff
 .rodata.name   0x0000dcdc      0x176 ./rt-thread/components/finsh/cmd.o
                0x0000dcdc                __fsym_clear_name
                0x0000dce4                __fsym_clear_desc
                0x0000dd00                __fsym_version_name
                0x0000dd08                __fsym_version_desc
                0x0000dd2c                __fsym_list_thread_name
                0x0000dd38                __fsym_list_thread_desc
                0x0000dd44                __fsym_list_sem_name
                0x0000dd50                __fsym_list_sem_desc
                0x0000dd6c                __fsym_list_event_name
                0x0000dd78                __fsym_list_event_desc
                0x0000dd90                __fsym_list_mutex_name
                0x0000dd9c                __fsym_list_mutex_desc
                0x0000ddb4                __fsym_list_mailbox_name
                0x0000ddc4                __fsym_list_mailbox_desc
                0x0000dddc                __fsym_list_msgqueue_name
                0x0000ddec                __fsym_list_msgqueue_desc
                0x0000de0c                __fsym_list_timer_name
                0x0000de18                __fsym_list_timer_desc
                0x0000de30                __fsym_list_device_name
                0x0000de3c                __fsym_list_device_desc
 *fill*         0x0000de52        0x2 ff
 .rodata.device_type_str
                0x0000de54       0x64 ./rt-thread/components/finsh/cmd.o
 .rodata        0x0000deb8       0xa8 ./rt-thread/components/finsh/msh.o
 .rodata.name   0x0000df60       0x6d ./rt-thread/components/finsh/msh.o
                0x0000df60                __fsym_help_name
                0x0000df68                __fsym_help_desc
                0x0000df80                __fsym_ps_name
                0x0000df84                __fsym_ps_desc
                0x0000dfa0                __fsym_free_name
                0x0000dfa8                __fsym_free_desc
 *fill*         0x0000dfcd        0x3 ff
 .rodata.__FUNCTION__.0
                0x0000dfd0        0xe ./rt-thread/components/finsh/msh.o
 *fill*         0x0000dfde        0x2 ff
 .rodata        0x0000dfe0       0x91 ./rt-thread/components/finsh/shell.o
 *fill*         0x0000e071        0x3 ff
 .rodata.__FUNCTION__.6
                0x0000e074       0x16 ./rt-thread/components/finsh/shell.o
 *fill*         0x0000e08a        0x2 ff
 .rodata.__FUNCTION__.5
                0x0000e08c        0xe ./rt-thread/components/finsh/shell.o
 *fill*         0x0000e09a        0x2 ff
 .rodata.__FUNCTION__.4
                0x0000e09c        0xd ./rt-thread/components/finsh/shell.o
 *fill*         0x0000e0a9        0x3 ff
 .rodata.__FUNCTION__.3
                0x0000e0ac       0x11 ./rt-thread/components/finsh/shell.o
 *fill*         0x0000e0bd        0x3 ff
 .rodata        0x0000e0c0      0x18b ./rt-thread/components/drivers/serial/serial_v2.o
 *fill*         0x0000e24b        0x1 ff
 .rodata.__FUNCTION__.18
                0x0000e24c       0x1c ./rt-thread/components/drivers/serial/serial_v2.o
 .rodata.__FUNCTION__.17
                0x0000e268       0x1c ./rt-thread/components/drivers/serial/serial_v2.o
 .rodata.__FUNCTION__.16
                0x0000e284       0x1d ./rt-thread/components/drivers/serial/serial_v2.o
 *fill*         0x0000e2a1        0x3 ff
 .rodata.__FUNCTION__.15
                0x0000e2a4       0x10 ./rt-thread/components/drivers/serial/serial_v2.o
 .rodata.__FUNCTION__.14
                0x0000e2b4       0x10 ./rt-thread/components/drivers/serial/serial_v2.o
 .rodata.__FUNCTION__.13
                0x0000e2c4       0x10 ./rt-thread/components/drivers/serial/serial_v2.o
 .rodata.__FUNCTION__.12
                0x0000e2d4       0x1e ./rt-thread/components/drivers/serial/serial_v2.o
 *fill*         0x0000e2f2        0x2 ff
 .rodata.__FUNCTION__.11
                0x0000e2f4       0x1d ./rt-thread/components/drivers/serial/serial_v2.o
 *fill*         0x0000e311        0x3 ff
 .rodata.__FUNCTION__.10
                0x0000e314       0x1c ./rt-thread/components/drivers/serial/serial_v2.o
 .rodata.__FUNCTION__.9
                0x0000e330       0x14 ./rt-thread/components/drivers/serial/serial_v2.o
 .rodata.__FUNCTION__.8
                0x0000e344       0x14 ./rt-thread/components/drivers/serial/serial_v2.o
 .rodata.__FUNCTION__.7
                0x0000e358       0x15 ./rt-thread/components/drivers/serial/serial_v2.o
 *fill*         0x0000e36d        0x3 ff
 .rodata.__FUNCTION__.6
                0x0000e370       0x15 ./rt-thread/components/drivers/serial/serial_v2.o
 *fill*         0x0000e385        0x3 ff
 .rodata.__FUNCTION__.5
                0x0000e388        0xf ./rt-thread/components/drivers/serial/serial_v2.o
 *fill*         0x0000e397        0x1 ff
 .rodata.__FUNCTION__.4
                0x0000e398        0xf ./rt-thread/components/drivers/serial/serial_v2.o
 *fill*         0x0000e3a7        0x1 ff
 .rodata.__FUNCTION__.3
                0x0000e3a8       0x10 ./rt-thread/components/drivers/serial/serial_v2.o
 .rodata.__FUNCTION__.2
                0x0000e3b8       0x12 ./rt-thread/components/drivers/serial/serial_v2.o
 *fill*         0x0000e3ca        0x2 ff
 .rodata.__FUNCTION__.1
                0x0000e3cc       0x16 ./rt-thread/components/drivers/serial/serial_v2.o
 *fill*         0x0000e3e2        0x2 ff
 .rodata.__FUNCTION__.0
                0x0000e3e4       0x11 ./rt-thread/components/drivers/serial/serial_v2.o
 *fill*         0x0000e3f5        0x3 ff
 .rodata        0x0000e3f8       0x37 ./rt-thread/components/drivers/misc/pin.o
 *fill*         0x0000e42f        0x1 ff
 .rodata.__FUNCTION__.9
                0x0000e430        0xa ./rt-thread/components/drivers/misc/pin.o
 *fill*         0x0000e43a        0x2 ff
 .rodata.__FUNCTION__.8
                0x0000e43c        0xb ./rt-thread/components/drivers/misc/pin.o
 *fill*         0x0000e447        0x1 ff
 .rodata.__FUNCTION__.7
                0x0000e448        0xd ./rt-thread/components/drivers/misc/pin.o
 *fill*         0x0000e455        0x3 ff
 .rodata.__FUNCTION__.6
                0x0000e458       0x12 ./rt-thread/components/drivers/misc/pin.o
 *fill*         0x0000e46a        0x2 ff
 .rodata.__FUNCTION__.4
                0x0000e46c       0x12 ./rt-thread/components/drivers/misc/pin.o
 *fill*         0x0000e47e        0x2 ff
 .rodata.__FUNCTION__.2
                0x0000e480        0xd ./rt-thread/components/drivers/misc/pin.o
 *fill*         0x0000e48d        0x3 ff
 .rodata.__FUNCTION__.0
                0x0000e490        0xb ./rt-thread/components/drivers/misc/pin.o
 *fill*         0x0000e49b        0x1 ff
 .rodata        0x0000e49c       0xd7 ./rt-thread/components/drivers/ipc/completion.o
 *fill*         0x0000e573        0x1 ff
 .rodata.__FUNCTION__.2
                0x0000e574       0x13 ./rt-thread/components/drivers/ipc/completion.o
 *fill*         0x0000e587        0x1 ff
 .rodata.__FUNCTION__.1
                0x0000e588       0x13 ./rt-thread/components/drivers/ipc/completion.o
 *fill*         0x0000e59b        0x1 ff
 .rodata.__FUNCTION__.0
                0x0000e59c       0x13 ./rt-thread/components/drivers/ipc/completion.o
 *fill*         0x0000e5af        0x1 ff
 .rodata        0x0000e5b0       0x19 ./rt-thread/components/drivers/ipc/ringbuffer.o
 *fill*         0x0000e5c9        0x3 ff
 .rodata.__FUNCTION__.10
                0x0000e5cc       0x13 ./rt-thread/components/drivers/ipc/ringbuffer.o
 *fill*         0x0000e5df        0x1 ff
 .rodata.__FUNCTION__.9
                0x0000e5e0       0x12 ./rt-thread/components/drivers/ipc/ringbuffer.o
 *fill*         0x0000e5f2        0x2 ff
 .rodata.__FUNCTION__.7
                0x0000e5f4       0x12 ./rt-thread/components/drivers/ipc/ringbuffer.o
 *fill*         0x0000e606        0x2 ff
 .rodata.__FUNCTION__.5
                0x0000e608       0x16 ./rt-thread/components/drivers/ipc/ringbuffer.o
 *fill*         0x0000e61e        0x2 ff
 .rodata.g_ioport
                0x0000e620        0xc ./ra_gen/common_data.o
                0x0000e620                g_ioport
 .rodata.g_external_irq0_cfg
                0x0000e62c       0x14 ./ra_gen/hal_data.o
                0x0000e62c                g_external_irq0_cfg
 .rodata.g_uart7_cfg_extend
                0x0000e640       0x10 ./ra_gen/hal_data.o
                0x0000e640                g_uart7_cfg_extend
 .rodata.g_uart7_cfg
                0x0000e650       0x20 ./ra_gen/hal_data.o
                0x0000e650                g_uart7_cfg
 .rodata.g_bsp_pin_cfg_data
                0x0000e670      0x140 ./ra_gen/pin_data.o
                0x0000e670                g_bsp_pin_cfg_data
 .rodata.g_bsp_pin_cfg
                0x0000e7b0        0x8 ./ra_gen/pin_data.o
                0x0000e7b0                g_bsp_pin_cfg
 .rodata.g_interrupt_event_link_select
                0x0000e7b8       0xc0 ./ra_gen/vector_data.o
                0x0000e7b8                g_interrupt_event_link_select
 .rodata.g_ioport_on_ioport
                0x0000e878       0x38 ./ra/fsp/src/r_ioport/r_ioport.o
                0x0000e878                g_ioport_on_ioport
 .rodata.g_vbatt_pins_input
                0x0000e8b0        0x6 ./ra/fsp/src/r_ioport/r_ioport.o
 *fill*         0x0000e8b6        0x2 ff
 .rodata.g_prcr_masks
                0x0000e8b8        0x8 ./ra/fsp/src/bsp/mcu/all/bsp_register_protection.o
 .rodata        0x0000e8c0       0x38 ./packages/SEGGER_RTT-latest/adapter/drv_rtt.o
 .rodata        0x0000e8f8       0x17 ./packages/SEGGER_RTT-latest/RTT/SEGGER_RTT.o
 *fill*         0x0000e90f        0x1 ff
 .rodata._aV2C.0
                0x0000e910       0x10 ./packages/SEGGER_RTT-latest/RTT/SEGGER_RTT_printf.o
 .rodata.name   0x0000e920       0x16 ./libraries/HAL_Drivers/drv_common.o
                0x0000e920                __fsym_reboot_name
                0x0000e928                __fsym_reboot_desc
 *fill*         0x0000e936        0x2 ff
 .rodata        0x0000e938        0x9 ./libraries/HAL_Drivers/drv_common.o
 *fill*         0x0000e941        0x3 ff
 .rodata        0x0000e944      0x170 ./libraries/HAL_Drivers/drv_gpio.o
 .rodata._ra_pin_ops
                0x0000eab4       0x1c ./libraries/HAL_Drivers/drv_gpio.o
 .rodata        0x0000ead0       0x61 ./libraries/HAL_Drivers/drv_usart_v2.o
 *fill*         0x0000eb31        0x3 ff
 .rodata.ra_uart_ops
                0x0000eb34       0x14 ./libraries/HAL_Drivers/drv_usart_v2.o
 .rodata.__FUNCTION__.3
                0x0000eb48       0x12 ./libraries/HAL_Drivers/drv_usart_v2.o
 *fill*         0x0000eb5a        0x2 ff
 .rodata.__FUNCTION__.2
                0x0000eb5c        0xd ./libraries/HAL_Drivers/drv_usart_v2.o
 *fill*         0x0000eb69        0x3 ff
 .rodata.__FUNCTION__.1
                0x0000eb6c       0x14 ./libraries/HAL_Drivers/drv_usart_v2.o
 .rodata.__FUNCTION__.0
                0x0000eb80       0x11 ./libraries/HAL_Drivers/drv_usart_v2.o
 *fill*         0x0000eb91        0x3 ff
 .rodata._global_impure_ptr
                0x0000eb94        0x4 d:/rt-thread/rt-threadstudio/repo/extract/toolchain_support_packages/arm/gnu_tools_for_arm_embedded_processors/10.2.1/bin/../lib/gcc/arm-none-eabi/10.2.1/../../../../arm-none-eabi/lib/thumb/v8-m.main+fp/hard\libc.a(lib_a-impure.o)
                0x0000eb94                _global_impure_ptr
                0x0000eb98                __usb_dev_descriptor_start_fs = .
 *(.usb_device_desc_fs*)
                0x0000eb98                __usb_cfg_descriptor_start_fs = .
 *(.usb_config_desc_fs*)
                0x0000eb98                __usb_interface_descriptor_start_fs = .
 *(.usb_interface_desc_fs*)
                0x0000eb98                __usb_descriptor_end_fs = .
                0x0000eb98                __usb_dev_descriptor_start_hs = .
 *(.usb_device_desc_hs*)
                0x0000eb98                __usb_cfg_descriptor_start_hs = .
 *(.usb_config_desc_hs*)
                0x0000eb98                __usb_interface_descriptor_start_hs = .
 *(.usb_interface_desc_hs*)
                0x0000eb98                __usb_descriptor_end_hs = .
 *(.eh_frame*)
 .eh_frame      0x0000eb98        0x0 d:/rt-thread/rt-threadstudio/repo/extract/toolchain_support_packages/arm/gnu_tools_for_arm_embedded_processors/10.2.1/bin/../lib/gcc/arm-none-eabi/10.2.1/thumb/v8-m.main+fp/hard/crtbegin.o
 .eh_frame      0x0000eb98        0x4 d:/rt-thread/rt-threadstudio/repo/extract/toolchain_support_packages/arm/gnu_tools_for_arm_embedded_processors/10.2.1/bin/../lib/gcc/arm-none-eabi/10.2.1/thumb/v8-m.main+fp/hard/crtend.o
                0x0000eb9c                __ROM_End = .
                0x000001c0                __Vectors_Size = (__Vectors_End - __Vectors)

.glue_7         0x0000eb9c        0x0
 .glue_7        0x0000eb9c        0x0 linker stubs

.glue_7t        0x0000eb9c        0x0
 .glue_7t       0x0000eb9c        0x0 linker stubs

.vfp11_veneer   0x0000eb9c        0x0
 .vfp11_veneer  0x0000eb9c        0x0 linker stubs

.v4_bx          0x0000eb9c        0x0
 .v4_bx         0x0000eb9c        0x0 linker stubs

.iplt           0x0000eb9c        0x0
 .iplt          0x0000eb9c        0x0 d:/rt-thread/rt-threadstudio/repo/extract/toolchain_support_packages/arm/gnu_tools_for_arm_embedded_processors/10.2.1/bin/../lib/gcc/arm-none-eabi/10.2.1/thumb/v8-m.main+fp/hard/crtbegin.o

.ARM.extab
 *(.ARM.extab* .gnu.linkonce.armextab.*)
                0x0000eb9c                __exidx_start = .

.ARM.exidx
 *(.ARM.exidx* .gnu.linkonce.armexidx.*)
                0x0000eb9c                __exidx_end = .
                0x0000eb9c                __etext = .
                0x20000000                __tz_RAM_S = ORIGIN (RAM)

.fsp_dtc_vector_table
                0x20000000        0x0
                0x20000000                . = ORIGIN (RAM)
 *(.fsp_dtc_vector_table)

.data           0x20000000      0x510 load address 0x0000eb9c
                0x20000000                __data_start__ = .
                0x20000000                . = ALIGN (0x4)
                0x20000000                __Code_In_RAM_Start = .
 *(.code_in_ram*)
                0x20000000                __Code_In_RAM_End = .
 *(vtable)
 *(.data.*)
 .data._rt_thread_defunct
                0x20000000        0x8 ./rt-thread/src/idle.o
 .data._object_container
                0x20000008       0x90 ./rt-thread/src/object.o
 .data._soft_timer_status
                0x20000098        0x1 ./rt-thread/src/timer.o
 *fill*         0x20000099        0x3 
 .data.g_uart7_baud_setting
                0x2000009c        0x4 ./ra_gen/hal_data.o
                0x2000009c                g_uart7_baud_setting
 .data.m_jlink_rtt_cfg
                0x200000a0        0x4 ./packages/SEGGER_RTT-latest/adapter/drv_rtt.o
 .data._jlink_rtt_ops
                0x200000a4       0x14 ./packages/SEGGER_RTT-latest/adapter/drv_rtt.o
 .data._aTerminalId
                0x200000b8       0x10 ./packages/SEGGER_RTT-latest/RTT/SEGGER_RTT.o
 .data.uart_config
                0x200000c8        0xc ./libraries/HAL_Drivers/drv_usart_v2.o
 *fill*         0x200000d4        0x4 
 .data.impure_data
                0x200000d8      0x428 d:/rt-thread/rt-threadstudio/repo/extract/toolchain_support_packages/arm/gnu_tools_for_arm_embedded_processors/10.2.1/bin/../lib/gcc/arm-none-eabi/10.2.1/../../../../arm-none-eabi/lib/thumb/v8-m.main+fp/hard\libc.a(lib_a-impure.o)
 .data.__atexit_recursive_mutex
                0x20000500        0x4 d:/rt-thread/rt-threadstudio/repo/extract/toolchain_support_packages/arm/gnu_tools_for_arm_embedded_processors/10.2.1/bin/../lib/gcc/arm-none-eabi/10.2.1/../../../../arm-none-eabi/lib/thumb/v8-m.main+fp/hard\libc.a(lib_a-__call_atexit.o)
                0x20000500                __atexit_recursive_mutex
 *(.data)
                0x20000504                . = ALIGN (0x4)
                [!provide]                PROVIDE (__preinit_array_start = .)
 *(.preinit_array)
                [!provide]                PROVIDE (__preinit_array_end = .)
                0x20000504                . = ALIGN (0x4)
                0x20000504                PROVIDE (__init_array_start = .)
 *(SORT_BY_NAME(.init_array.*))
 .init_array.00000
                0x20000504        0x4 d:/rt-thread/rt-threadstudio/repo/extract/toolchain_support_packages/arm/gnu_tools_for_arm_embedded_processors/10.2.1/bin/../lib/gcc/arm-none-eabi/10.2.1/../../../../arm-none-eabi/lib/thumb/v8-m.main+fp/hard\libc.a(lib_a-__call_atexit.o)
 *(.init_array)
 .init_array    0x20000508        0x4 d:/rt-thread/rt-threadstudio/repo/extract/toolchain_support_packages/arm/gnu_tools_for_arm_embedded_processors/10.2.1/bin/../lib/gcc/arm-none-eabi/10.2.1/thumb/v8-m.main+fp/hard/crtbegin.o
                0x2000050c                PROVIDE (__init_array_end = .)
                0x2000050c                . = ALIGN (0x4)
                0x2000050c                PROVIDE (__fini_array_start = .)
 *(SORT_BY_NAME(.fini_array.*))
 *(.fini_array)
 .fini_array    0x2000050c        0x4 d:/rt-thread/rt-threadstudio/repo/extract/toolchain_support_packages/arm/gnu_tools_for_arm_embedded_processors/10.2.1/bin/../lib/gcc/arm-none-eabi/10.2.1/thumb/v8-m.main+fp/hard/crtbegin.o
                0x20000510                PROVIDE (__fini_array_end = .)
 *(.jcr*)
                0x20000510                . = ALIGN (0x4)
                0x20000510                __data_end__ = .

.igot.plt       0x20000510        0x0 load address 0x0000f0ac
 .igot.plt      0x20000510        0x0 d:/rt-thread/rt-threadstudio/repo/extract/toolchain_support_packages/arm/gnu_tools_for_arm_embedded_processors/10.2.1/bin/../lib/gcc/arm-none-eabi/10.2.1/thumb/v8-m.main+fp/hard/crtbegin.o

.gnu.sgstubs    0x0000f400        0x0
                0x0000f400                . = (DEFINED (PROJECT_SECURE) && DEFINED (FLASH_NSC_START))?ABSOLUTE (FLASH_NSC_START):ALIGN (0x400)
                0x0000f400                __tz_FLASH_C = DEFINED (FLASH_NSC_START)?ABSOLUTE (FLASH_NSC_START):__RESERVE_NS_RAM?ABSOLUTE ((FLASH_START + FLASH_LENGTH)):ALIGN (0x400)
                0x0000f400                _start_sg = .
 *(.gnu.sgstubs*)
                0x0000f400                . = ALIGN (0x20)
                0x0000f400                _end_sg = .
                0x00010000                __tz_FLASH_N = DEFINED (FLASH_NS_START)?ABSOLUTE (FLASH_NS_START):__RESERVE_NS_RAM?ABSOLUTE ((FLASH_START + FLASH_LENGTH)):(FLASH_LENGTH < 0x8000)?FLASH_LENGTH:ALIGN (0x8000)
                0x00010000                FLASH_NS_IMAGE_START = DEFINED (FLASH_NS_IMAGE_START)?FLASH_NS_IMAGE_START:__tz_FLASH_N
                0x60000000                __tz_QSPI_FLASH_S = ORIGIN (QSPI_FLASH)

.qspi_flash     0x60000000        0x0
                0x60000000                __qspi_flash_start__ = .
 *(.qspi_flash*)
 *(.code_in_qspi*)
                0x60000000                __qspi_flash_end__ = .
                0x00000000                __qspi_flash_code_size__ = (__qspi_flash_end__ - __qspi_flash_start__)
                0x0000f0ac                __qspi_flash_code_addr__ = (__etext + (__data_end__ - __data_start__))

.qspi_non_retentive
                0x60000000        0x0 load address 0x0000f0ac
                0x60000000                __qspi_non_retentive_start__ = .
 *(.qspi_non_retentive*)
                0x60000000                __qspi_non_retentive_end__ = .
                0x00000000                __qspi_non_retentive_size__ = (__qspi_non_retentive_end__ - __qspi_non_retentive_start__)
                0x04000000                __qspi_region_max_size__ = 0x4000000
                0x60000000                __qspi_region_start_address__ = __qspi_flash_start__