Archive member included to satisfy reference by file (symbol)

d:/rt-thread/rt-threadstudio/repo/extract/toolchain_support_packages/arm/gnu_tools_for_arm_embedded_processors/10.2.1/bin/../lib/gcc/arm-none-eabi/10.2.1/../../../../arm-none-eabi/lib/thumb/v8-m.main+fp/hard\libc.a(lib_a-atoi.o)
                              ./rt-thread/components/finsh/msh_file.o (atoi)
d:/rt-thread/rt-threadstudio/repo/extract/toolchain_support_packages/arm/gnu_tools_for_arm_embedded_processors/10.2.1/bin/../lib/gcc/arm-none-eabi/10.2.1/../../../../arm-none-eabi/lib/thumb/v8-m.main+fp/hard\libc.a(lib_a-exit.o)
                              d:/rt-thread/rt-threadstudio/repo/extract/toolchain_support_packages/arm/gnu_tools_for_arm_embedded_processors/10.2.1/bin/../lib/gcc/arm-none-eabi/10.2.1/../../../../arm-none-eabi/lib/thumb/v8-m.main+fp/hard/crt0.o (exit)
d:/rt-thread/rt-threadstudio/repo/extract/toolchain_support_packages/arm/gnu_tools_for_arm_embedded_processors/10.2.1/bin/../lib/gcc/arm-none-eabi/10.2.1/../../../../arm-none-eabi/lib/thumb/v8-m.main+fp/hard\libc.a(lib_a-fclose.o)
                              ./rt-thread/components/libc/posix/io/stdio/libc.o (fclose)
d:/rt-thread/rt-threadstudio/repo/extract/toolchain_support_packages/arm/gnu_tools_for_arm_embedded_processors/10.2.1/bin/../lib/gcc/arm-none-eabi/10.2.1/../../../../arm-none-eabi/lib/thumb/v8-m.main+fp/hard\libc.a(lib_a-fflush.o)
                              d:/rt-thread/rt-threadstudio/repo/extract/toolchain_support_packages/arm/gnu_tools_for_arm_embedded_processors/10.2.1/bin/../lib/gcc/arm-none-eabi/10.2.1/../../../../arm-none-eabi/lib/thumb/v8-m.main+fp/hard\libc.a(lib_a-fclose.o) (__sflush_r)
d:/rt-thread/rt-threadstudio/repo/extract/toolchain_support_packages/arm/gnu_tools_for_arm_embedded_processors/10.2.1/bin/../lib/gcc/arm-none-eabi/10.2.1/../../../../arm-none-eabi/lib/thumb/v8-m.main+fp/hard\libc.a(lib_a-fileno.o)
                              ./rt-thread/components/libc/posix/io/stdio/libc.o (fileno)
d:/rt-thread/rt-threadstudio/repo/extract/toolchain_support_packages/arm/gnu_tools_for_arm_embedded_processors/10.2.1/bin/../lib/gcc/arm-none-eabi/10.2.1/../../../../arm-none-eabi/lib/thumb/v8-m.main+fp/hard\libc.a(lib_a-findfp.o)
                              d:/rt-thread/rt-threadstudio/repo/extract/toolchain_support_packages/arm/gnu_tools_for_arm_embedded_processors/10.2.1/bin/../lib/gcc/arm-none-eabi/10.2.1/../../../../arm-none-eabi/lib/thumb/v8-m.main+fp/hard\libc.a(lib_a-fclose.o) (__sinit)
d:/rt-thread/rt-threadstudio/repo/extract/toolchain_support_packages/arm/gnu_tools_for_arm_embedded_processors/10.2.1/bin/../lib/gcc/arm-none-eabi/10.2.1/../../../../arm-none-eabi/lib/thumb/v8-m.main+fp/hard\libc.a(lib_a-fopen.o)
                              ./rt-thread/components/libc/posix/io/stdio/libc.o (fopen)
d:/rt-thread/rt-threadstudio/repo/extract/toolchain_support_packages/arm/gnu_tools_for_arm_embedded_processors/10.2.1/bin/../lib/gcc/arm-none-eabi/10.2.1/../../../../arm-none-eabi/lib/thumb/v8-m.main+fp/hard\libc.a(lib_a-fseek.o)
                              d:/rt-thread/rt-threadstudio/repo/extract/toolchain_support_packages/arm/gnu_tools_for_arm_embedded_processors/10.2.1/bin/../lib/gcc/arm-none-eabi/10.2.1/../../../../arm-none-eabi/lib/thumb/v8-m.main+fp/hard\libc.a(lib_a-fopen.o) (_fseek_r)
d:/rt-thread/rt-threadstudio/repo/extract/toolchain_support_packages/arm/gnu_tools_for_arm_embedded_processors/10.2.1/bin/../lib/gcc/arm-none-eabi/10.2.1/../../../../arm-none-eabi/lib/thumb/v8-m.main+fp/hard\libc.a(lib_a-fseeko.o)
                              d:/rt-thread/rt-threadstudio/repo/extract/toolchain_support_packages/arm/gnu_tools_for_arm_embedded_processors/10.2.1/bin/../lib/gcc/arm-none-eabi/10.2.1/../../../../arm-none-eabi/lib/thumb/v8-m.main+fp/hard\libc.a(lib_a-fseek.o) (_fseeko_r)
d:/rt-thread/rt-threadstudio/repo/extract/toolchain_support_packages/arm/gnu_tools_for_arm_embedded_processors/10.2.1/bin/../lib/gcc/arm-none-eabi/10.2.1/../../../../arm-none-eabi/lib/thumb/v8-m.main+fp/hard\libc.a(lib_a-ftello.o)
                              d:/rt-thread/rt-threadstudio/repo/extract/toolchain_support_packages/arm/gnu_tools_for_arm_embedded_processors/10.2.1/bin/../lib/gcc/arm-none-eabi/10.2.1/../../../../arm-none-eabi/lib/thumb/v8-m.main+fp/hard\libc.a(lib_a-fseeko.o) (_ftello_r)
d:/rt-thread/rt-threadstudio/repo/extract/toolchain_support_packages/arm/gnu_tools_for_arm_embedded_processors/10.2.1/bin/../lib/gcc/arm-none-eabi/10.2.1/../../../../arm-none-eabi/lib/thumb/v8-m.main+fp/hard\libc.a(lib_a-fwalk.o)
                              d:/rt-thread/rt-threadstudio/repo/extract/toolchain_support_packages/arm/gnu_tools_for_arm_embedded_processors/10.2.1/bin/../lib/gcc/arm-none-eabi/10.2.1/../../../../arm-none-eabi/lib/thumb/v8-m.main+fp/hard\libc.a(lib_a-findfp.o) (_fwalk)
[...]
Memory Configuration

Name             Origin             Length             Attributes
FLASH            0x00000000         0x00100000         xr
RAM              0x20000000         0x00040000         xrw
DATA_FLASH       0x08000000         0x00002000         xr
QSPI_FLASH       0x60000000         0x04000000         xr
OSPI_DEVICE_0    0x68000000         0x08000000         xr
OSPI_DEVICE_1    0x70000000         0x10000000         xr
OSPI_DEVICE_0_RAM 0x68000000         0x08000000         xrw
OSPI_DEVICE_1_RAM 0x70000000         0x10000000         xrw
SDRAM            0x90000000         0x00000000         xrw
OPTION_SETTING   0x0100a100         0x00000100         r
OPTION_SETTING_S 0x0100a200         0x00000100         r
ID_CODE          0x00000000         0x00000000         xr
*default*        0x00000000         0xffffffff

Linker script and memory map

LOAD d:/rt-thread/rt-threadstudio/repo/extract/toolchain_support_packages/arm/gnu_tools_for_arm_embedded_processors/10.2.1/bin/../lib/gcc/arm-none-eabi/10.2.1/thumb/v8-m.main+fp/hard/crti.o
LOAD d:/rt-thread/rt-threadstudio/repo/extract/toolchain_support_packages/arm/gnu_tools_for_arm_embedded_processors/10.2.1/bin/../lib/gcc/arm-none-eabi/10.2.1/thumb/v8-m.main+fp/hard/crtbegin.o
LOAD d:/rt-thread/rt-threadstudio/repo/extract/toolchain_support_packages/arm/gnu_tools_for_arm_embedded_processors/10.2.1/bin/../lib/gcc/arm-none-eabi/10.2.1/../../../../arm-none-eabi/lib/thumb/v8-m.main+fp/hard/crt0.o
LOAD ./src/hal_entry.o
LOAD ./rt-thread/src/clock.o
LOAD ./rt-thread/src/components.o
LOAD ./rt-thread/src/device.o
LOAD ./rt-thread/src/idle.o
LOAD ./rt-thread/src/ipc.o
LOAD ./rt-thread/src/irq.o
LOAD ./rt-thread/src/kservice.o
LOAD ./rt-thread/src/mem.o
LOAD ./rt-thread/src/object.o
LOAD ./rt-thread/src/scheduler.o
LOAD ./rt-thread/src/thread.o
LOAD ./rt-thread/src/timer.o
LOAD ./rt-thread/libcpu/arm/cortex-m4/context_gcc.o
LOAD ./rt-thread/libcpu/arm/cortex-m4/cpuport.o
LOAD ./rt-thread/libcpu/arm/common/backtrace.o
LOAD ./rt-thread/libcpu/arm/common/div0.o
LOAD ./rt-thread/libcpu/arm/common/showmem.o
LOAD ./rt-thread/components/libc/posix/io/stdio/libc.o
LOAD ./rt-thread/components/libc/posix/io/poll/poll.o
LOAD ./rt-thread/components/libc/compilers/newlib/syscalls.o
LOAD ./rt-thread/components/libc/compilers/common/stdlib.o
LOAD ./rt-thread/components/libc/compilers/common/time.o
LOAD ./rt-thread/components/finsh/cmd.o
LOAD ./rt-thread/components/finsh/msh.o
LOAD ./rt-thread/components/finsh/msh_file.o
LOAD ./rt-thread/components/finsh/shell.o
LOAD ./rt-thread/components/drivers/serial/serial_v2.o
LOAD ./rt-thread/components/drivers/misc/pin.o
LOAD ./rt-thread/components/drivers/ipc/completion.o
LOAD ./rt-thread/components/drivers/ipc/dataqueue.o
LOAD ./rt-thread/components/drivers/ipc/pipe.o
LOAD ./rt-thread/components/drivers/ipc/ringblk_buf.o
LOAD ./rt-thread/components/drivers/ipc/ringbuffer.o
LOAD ./rt-thread/components/drivers/ipc/waitqueue.o
LOAD ./rt-thread/components/drivers/ipc/workqueue.o
LOAD ./rt-thread/components/dfs/src/dfs.o
LOAD ./rt-thread/components/dfs/src/dfs_file.o
LOAD ./rt-thread/components/dfs/src/dfs_fs.o
LOAD ./rt-thread/components/dfs/src/dfs_posix.o
LOAD ./rt-thread/components/dfs/filesystems/devfs/devfs.o
LOAD ./ra_gen/common_data.o
LOAD ./ra_gen/hal_data.o
LOAD ./ra_gen/main.o
LOAD ./ra_gen/pin_data.o
LOAD ./ra_gen/vector_data.o
LOAD ./ra/fsp/src/r_sci_uart/r_sci_uart.o
LOAD ./ra/fsp/src/r_ioport/r_ioport.o
LOAD ./ra/fsp/src/r_icu/r_icu.o
LOAD ./ra/fsp/src/bsp/mcu/all/bsp_clocks.o
LOAD ./ra/fsp/src/bsp/mcu/all/bsp_common.o
LOAD ./ra/fsp/src/bsp/mcu/all/bsp_delay.o
LOAD ./ra/fsp/src/bsp/mcu/all/bsp_group_irq.o
LOAD ./ra/fsp/src/bsp/mcu/all/bsp_guard.o
LOAD ./ra/fsp/src/bsp/mcu/all/bsp_io.o
LOAD ./ra/fsp/src/bsp/mcu/all/bsp_irq.o
LOAD ./ra/fsp/src/bsp/mcu/all/bsp_register_protection.o
LOAD ./ra/fsp/src/bsp/mcu/all/bsp_rom_registers.o
LOAD ./ra/fsp/src/bsp/mcu/all/bsp_sbrk.o
LOAD ./ra/fsp/src/bsp/mcu/all/bsp_security.o
LOAD ./ra/fsp/src/bsp/cmsis/Device/RENESAS/Source/startup.o
LOAD ./ra/fsp/src/bsp/cmsis/Device/RENESAS/Source/system.o
LOAD ./packages/SEGGER_RTT-latest/adapter/drv_rtt.o
LOAD ./packages/SEGGER_RTT-latest/RTT/SEGGER_RTT.o
LOAD ./packages/SEGGER_RTT-latest/RTT/SEGGER_RTT_printf.o
LOAD ./libraries/HAL_Drivers/drv_common.o
LOAD ./libraries/HAL_Drivers/drv_gpio.o
LOAD ./libraries/HAL_Drivers/drv_usart_v2.o
LOAD ./board/ports/drv_rw007.o
LOAD d:/rt-thread/rt-threadstudio/repo/extract/toolchain_support_packages/arm/gnu_tools_for_arm_embedded_processors/10.2.1/bin/../lib/gcc/arm-none-eabi/10.2.1/../../../../arm-none-eabi/lib/thumb/v8-m.main+fp/hard\libm.a
LOAD d:/rt-thread/rt-threadstudio/repo/extract/toolchain_support_packages/arm/gnu_tools_for_arm_embedded_processors/10.2.1/bin/../lib/gcc/arm-none-eabi/10.2.1/../../../../arm-none-eabi/lib/thumb/v8-m.main+fp/hard\libc.a
START GROUP
LOAD d:/rt-thread/rt-threadstudio/repo/extract/toolchain_support_packages/arm/gnu_tools_for_arm_embedded_processors/10.2.1/bin/../lib/gcc/arm-none-eabi/10.2.1/thumb/v8-m.main+fp/hard\libgcc.a
LOAD d:/rt-thread/rt-threadstudio/repo/extract/toolchain_support_packages/arm/gnu_tools_for_arm_embedded_processors/10.2.1/bin/../lib/gcc/arm-none-eabi/10.2.1/../../../../arm-none-eabi/lib/thumb/v8-m.main+fp/hard\libc.a
END GROUP
LOAD d:/rt-thread/rt-threadstudio/repo/extract/toolchain_support_packages/arm/gnu_tools_for_arm_embedded_processors/10.2.1/bin/../lib/gcc/arm-none-eabi/10.2.1/thumb/v8-m.main+fp/hard/crtend.o
LOAD d:/rt-thread/rt-threadstudio/repo/extract/toolchain_support_packages/arm/gnu_tools_for_arm_embedded_processors/10.2.1/bin/../lib/gcc/arm-none-eabi/10.2.1/thumb/v8-m.main+fp/hard/crtn.o
                0x20000000                RAM_START = 0x20000000
                0x00040000                RAM_LENGTH = 0x40000
                0x00000000                FLASH_START = 0x0
                0x00100000                FLASH_LENGTH = 0x100000
                0x08000000                DATA_FLASH_START = 0x8000000
                0x00002000                DATA_FLASH_LENGTH = 0x2000
                0x0100a100                OPTION_SETTING_START = 0x100a100
                0x00000100                OPTION_SETTING_LENGTH = 0x100
                0x0100a200                OPTION_SETTING_S_START = 0x100a200
                0x00000100                OPTION_SETTING_S_LENGTH = 0x100
                0x00000000                ID_CODE_START = 0x0
                0x00000000                ID_CODE_LENGTH = 0x0
                0x90000000                SDRAM_START = 0x90000000
                0x00000000                SDRAM_LENGTH = 0x0
                0x60000000                QSPI_FLASH_START = 0x60000000
                0x04000000                QSPI_FLASH_LENGTH = 0x4000000
                0x68000000                OSPI_DEVICE_0_START = 0x68000000
                0x08000000                OSPI_DEVICE_0_LENGTH = 0x8000000
                0x70000000                OSPI_DEVICE_1_START = 0x70000000
                0x10000000                OSPI_DEVICE_1_LENGTH = 0x10000000
                0x04000000                QSPI_FLASH_PRV_LENGTH = DEFINED (QSPI_FLASH_SIZE)?ABSOLUTE (QSPI_FLASH_SIZE):ABSOLUTE (QSPI_FLASH_LENGTH)
                0x08000000                OSPI_DEVICE_0_PRV_LENGTH = DEFINED (OSPI_DEVICE_0_SIZE)?ABSOLUTE (OSPI_DEVICE_0_SIZE):ABSOLUTE (OSPI_DEVICE_0_LENGTH)
                0x10000000                OSPI_DEVICE_1_PRV_LENGTH = DEFINED (OSPI_DEVICE_1_SIZE)?ABSOLUTE (OSPI_DEVICE_1_SIZE):ABSOLUTE (OSPI_DEVICE_1_LENGTH)
                0x00000000                __RESERVE_NS_RAM = ((! (DEFINED (PROJECT_NONSECURE)) && DEFINED (RAM_NS_BUFFER_LENGTH)) && (OPTION_SETTING_S_LENGTH != 0x0))
                0x00000000                RAM_NS_BUFFER_BLOCK_LENGTH = DEFINED (RAM_NS_BUFFER_LENGTH)?ALIGN (RAM_NS_BUFFER_LENGTH, 0x2000):0x0
                0x00000000                RAM_NS_BUFFER_LENGTH = DEFINED (RAM_NS_BUFFER_LENGTH)?RAM_NS_BUFFER_LENGTH:0x0
                0x20040000                RAM_NS_BUFFER_START = ((RAM_START + RAM_LENGTH) - RAM_NS_BUFFER_LENGTH)
                0x20040000                RAM_NS_BUFFER_BLOCK_START = ((RAM_START + RAM_LENGTH) - RAM_NS_BUFFER_BLOCK_LENGTH)
                0x0100a180                OPTION_SETTING_START_NS = 0x100a180
                0x00000001                __bl_FSP_BOOTABLE_IMAGE = 0x1
                0x00000001                __bln_FSP_BOOTABLE_IMAGE = 0x1
                0x00000001                PROJECT_SECURE_OR_FLAT = ((! (DEFINED (PROJECT_NONSECURE)) && OPTION_SETTING_LENGTH) && ! (DEFINED (FSP_BOOTABLE_IMAGE)))
                0x00000000                USE_OPTION_SETTING_NS = (DEFINED (PROJECT_NONSECURE) && ! (DEFINED (FSP_BOOTABLE_IMAGE)))
                0x00000000                __bl_FLASH_IMAGE_START = ! (DEFINED (FLASH_BOOTLOADER_LENGTH))?0x0:(FLASH_APPLICATION_IMAGE_NUMBER == 0x1)?(FLASH_BOOTLOADER_LENGTH + FLASH_BOOTLOADER_HEADER_LENGTH):(((FLASH_BOOTLOADER_LENGTH + FLASH_BOOTLOADER_SCRATCH_LENGTH) + FLASH_APPLICATION_S_LENGTH) + FLASH_BOOTLOADER_HEADER_LENGTH)
                0x00000000                __bl_FLASH_IMAGE_LENGTH = ! (DEFINED (FLASH_BOOTLOADER_LENGTH))?0x0:(FLASH_APPLICATION_S_LENGTH - FLASH_BOOTLOADER_HEADER_LENGTH)
                0x00000000                __bl_FLASH_IMAGE_END = (__bl_FLASH_IMAGE_START + __bl_FLASH_IMAGE_LENGTH)
                0x00000000                __bl_FLASH_NS_START = ! (DEFINED (FLASH_BOOTLOADER_LENGTH))?0x0:(FLASH_APPLICATION_NS_LENGTH == 0x0)?__bl_FLASH_IMAGE_END:((__bl_FLASH_IMAGE_START - FLASH_BOOTLOADER_HEADER_LENGTH) + FLASH_APPLICATION_S_LENGTH)
                0x00000000                __bl_FLASH_NSC_START = ! (DEFINED (FLASH_BOOTLOADER_LENGTH))?0x0:(FLASH_APPLICATION_NS_LENGTH == 0x0)?__bl_FLASH_IMAGE_END:(__bl_FLASH_NS_START - FLASH_APPLICATION_NSC_LENGTH)
                0x00000000                __bl_RAM_NS_START = ! (DEFINED (FLASH_BOOTLOADER_LENGTH))?0x0:(FLASH_APPLICATION_NS_LENGTH == 0x0)?(RAM_START + RAM_LENGTH):((RAM_START + RAM_LENGTH) - RAM_APPLICATION_NS_LENGTH)
                0x00000000                __bl_RAM_NSC_START = ! (DEFINED (FLASH_BOOTLOADER_LENGTH))?0x0:(FLASH_APPLICATION_NS_LENGTH == 0x0)?(RAM_START + RAM_LENGTH):(__bl_RAM_NS_START - RAM_APPLICATION_NSC_LENGTH)
                0x00000000                __bl_FLASH_NS_IMAGE_START = ! (DEFINED (FLASH_BOOTLOADER_LENGTH))?0x0:(FLASH_APPLICATION_NS_LENGTH == 0x0)?__bl_FLASH_IMAGE_END:(__bl_FLASH_NS_START + FLASH_BOOTLOADER_HEADER_LENGTH_2)
                0x00000000                __bln_FLASH_IMAGE_START = __bl_FLASH_NS_IMAGE_START
                0x00000000                __bln_FLASH_IMAGE_LENGTH = ! (DEFINED (FLASH_BOOTLOADER_LENGTH))?0x0:(FLASH_APPLICATION_NS_LENGTH == 0x0)?__bl_FLASH_IMAGE_END:(FLASH_APPLICATION_NS_LENGTH - FLASH_BOOTLOADER_HEADER_LENGTH_2)
                0x00000000                FLASH_ORIGIN = DEFINED (FLASH_IMAGE_START)?FLASH_IMAGE_START:FLASH_START
                0x00100000                LIMITED_FLASH_LENGTH = DEFINED (FLASH_IMAGE_LENGTH)?FLASH_IMAGE_LENGTH:DEFINED (FLASH_BOOTLOADER_LENGTH)?FLASH_BOOTLOADER_LENGTH:FLASH_LENGTH
START GROUP
LOAD d:/rt-thread/rt-threadstudio/repo/extract/toolchain_support_packages/arm/gnu_tools_for_arm_embedded_processors/10.2.1/bin/../lib/gcc/arm-none-eabi/10.2.1/thumb/v8-m.main+fp/hard\libgcc.a
LOAD d:/rt-thread/rt-threadstudio/repo/extract/toolchain_support_packages/arm/gnu_tools_for_arm_embedded_processors/10.2.1/bin/../lib/gcc/arm-none-eabi/10.2.1/../../../../arm-none-eabi/lib/thumb/v8-m.main+fp/hard\libc.a
LOAD d:/rt-thread/rt-threadstudio/repo/extract/toolchain_support_packages/arm/gnu_tools_for_arm_embedded_processors/10.2.1/bin/../lib/gcc/arm-none-eabi/10.2.1/../../../../arm-none-eabi/lib/thumb/v8-m.main+fp/hard\libm.a
LOAD d:/rt-thread/rt-threadstudio/repo/extract/toolchain_support_packages/arm/gnu_tools_for_arm_embedded_processors/10.2.1/bin/../lib/gcc/arm-none-eabi/10.2.1/../../../../arm-none-eabi/lib/thumb/v8-m.main+fp/hard\libnosys.a
END GROUP

.text           0x00000000    0x192c0
                0x00000000                __tz_FLASH_S = ABSOLUTE (FLASH_START)
                0x00000000                __ROM_Start = .
 *(.fixed_vectors*)
 .fixed_vectors
                0x00000000       0x40 ./ra/fsp/src/bsp/cmsis/Device/RENESAS/Source/startup.o
                0x00000000                __Vectors
 *(.application_vectors*)
 .application_vectors
                0x00000040      0x180 ./ra_gen/vector_data.o
                0x00000040                g_vector_table
                0x000001c0                __Vectors_End = .
                0x000001c0                . = (OPTION_SETTING_LENGTH > 0x0)?.:(__ROM_Start + 0x400)
 *(.rom_registers*)
                0x000001c0                . = (OPTION_SETTING_LENGTH > 0x0)?.:(__ROM_Start + 0x500)
                0x00000200                . = ALIGN (0x80)
 *fill*         0x000001c0       0x40 ff
 *(.mcuboot_sce9_key*)
 *(.text*)
 .text          0x00000200       0x40 d:/rt-thread/rt-threadstudio/repo/extract/toolchain_support_packages/arm/gnu_tools_for_arm_embedded_processors/10.2.1/bin/../lib/gcc/arm-none-eabi/10.2.1/thumb/v8-m.main+fp/hard/crtbegin.o
 .text.hal_entry
                0x00000240       0x34 ./src/hal_entry.o
                0x00000240                hal_entry
 .text.irq_callback_test
                0x00000274       0x1c ./src/hal_entry.o
                0x00000274                irq_callback_test
 .text.icu_sample
                0x00000290       0x68 ./src/hal_entry.o
                0x00000290                icu_sample
 .text.rt_tick_get
                0x000002f8       0x18 ./rt-thread/src/clock.o
                0x000002f8                rt_tick_get
 .text.rt_tick_increase
                0x00000310       0x7c ./rt-thread/src/clock.o
                0x00000310                rt_tick_increase
 .text.rt_tick_from_millisecond
                0x0000038c       0x78 ./rt-thread/src/clock.o
                0x0000038c                rt_tick_from_millisecond
 .text.rti_start
                0x00000404       0x10 ./rt-thread/src/components.o
 .text.rti_board_start
                0x00000414       0x10 ./rt-thread/src/components.o
 .text.rti_board_end
                0x00000424       0x10 ./rt-thread/src/components.o
 .text.rti_end  0x00000434       0x10 ./rt-thread/src/components.o
 .text.rt_components_board_init
                0x00000444       0x34 ./rt-thread/src/components.o
                0x00000444                rt_components_board_init
 .text.rt_components_init
                0x00000478       0x34 ./rt-thread/src/components.o
                0x00000478                rt_components_init
 .text.entry    0x000004ac        0xe ./rt-thread/src/components.o
                0x000004ac                entry
 .text.main_thread_entry
                0x000004ba       0x18 ./rt-thread/src/components.o
                0x000004ba                main_thread_entry
 *fill*         0x000004d2        0x2 ff
 .text.rt_application_init
                0x000004d4       0x4c ./rt-thread/src/components.o
                0x000004d4                rt_application_init
 .text.rtthread_startup
                0x00000520       0x2e ./rt-thread/src/components.o
                0x00000520                rtthread_startup
 .text.rt_list_init
                0x0000054e       0x22 ./rt-thread/src/device.o
 .text.rt_wqueue_init
                0x00000570       0x38 ./rt-thread/src/device.o
 .text.rt_device_register
                0x000005a8       0x64 ./rt-thread/src/device.o
                0x000005a8                rt_device_register
 .text.rt_device_find
                0x0000060c       0x1a ./rt-thread/src/device.o
                0x0000060c                rt_device_find
 *fill*         0x00000626        0x2 ff
 .text.rt_device_open
                0x00000628      0x108 ./rt-thread/src/device.o
                0x00000628                rt_device_open
 .text.rt_device_close
                0x00000730       0x9c ./rt-thread/src/device.o
                0x00000730                rt_device_close
 .text.rt_device_read
                0x000007cc       0x88 ./rt-thread/src/device.o
                0x000007cc                rt_device_read
 .text.rt_device_write
                0x00000854       0x88 ./rt-thread/src/device.o
                0x00000854                rt_device_write
 .text.rt_device_control
                0x000008dc       0x68 ./rt-thread/src/device.o
                0x000008dc                rt_device_control
 .text.rt_device_set_rx_indicate
                0x00000944       0x54 ./rt-thread/src/device.o
                0x00000944                rt_device_set_rx_indicate
 .text.rt_list_insert_after
                0x00000998       0x32 ./rt-thread/src/idle.o
 .text.rt_list_remove
                0x000009ca       0x36 ./rt-thread/src/idle.o
 .text.rt_thread_idle_sethook
                0x00000a00       0x58 ./rt-thread/src/idle.o
                0x00000a00                rt_thread_idle_sethook
 .text.rt_thread_defunct_enqueue
                0x00000a58       0x20 ./rt-thread/src/idle.o
                0x00000a58                rt_thread_defunct_enqueue
 .text.rt_thread_defunct_dequeue
                0x00000a78       0x44 ./rt-thread/src/idle.o
                0x00000a78                rt_thread_defunct_dequeue
 .text.rt_defunct_execute
                0x00000abc       0x54 ./rt-thread/src/idle.o
 .text.rt_thread_idle_entry
                0x00000b10       0x38 ./rt-thread/src/idle.o
 .text.rt_thread_idle_init
                0x00000b48       0x78 ./rt-thread/src/idle.o
                0x00000b48                rt_thread_idle_init
 .text.rt_list_init
                0x00000bc0       0x22 ./rt-thread/src/ipc.o
 .text.rt_list_insert_before
                0x00000be2       0x32 ./rt-thread/src/ipc.o
 .text.rt_list_isempty
                0x00000c14       0x24 ./rt-thread/src/ipc.o
 .text._ipc_object_init
                0x00000c38       0x1c ./rt-thread/src/ipc.o
 .text._ipc_list_suspend
                0x00000c54       0xa4 ./rt-thread/src/ipc.o
 .text._ipc_list_resume
                0x00000cf8       0x20 ./rt-thread/src/ipc.o
 .text.rt_sem_init
                0x00000d18       0x88 ./rt-thread/src/ipc.o
                0x00000d18                rt_sem_init
 .text.rt_mutex_init
                0x00000da0       0x64 ./rt-thread/src/ipc.o
                0x00000da0                rt_mutex_init
 .text.rt_mutex_take
                0x00000e04      0x21c ./rt-thread/src/ipc.o
                0x00000e04                rt_mutex_take
 .text.rt_mutex_release
                0x00001020      0x1bc ./rt-thread/src/ipc.o
                0x00001020                rt_mutex_release
 .text.rt_interrupt_enter
                0x000011dc       0x40 ./rt-thread/src/irq.o
                0x000011dc                rt_interrupt_enter
 .text.rt_interrupt_leave
                0x0000121c       0x40 ./rt-thread/src/irq.o
                0x0000121c                rt_interrupt_leave
 .text.rt_interrupt_get_nest
                0x0000125c       0x28 ./rt-thread/src/irq.o
                0x0000125c                rt_interrupt_get_nest
 .text.rt_set_errno
                0x00001284       0x40 ./rt-thread/src/kservice.o
                0x00001284                rt_set_errno
 .text._rt_errno
                0x000012c4       0x34 ./rt-thread/src/kservice.o
                0x000012c4                _rt_errno
 .text.rt_memset
                0x000012f8       0xb6 ./rt-thread/src/kservice.o
                0x000012f8                rt_memset
 .text.rt_memcpy
                0x000013ae       0xd2 ./rt-thread/src/kservice.o
                0x000013ae                rt_memcpy
 .text.rt_memmove
                0x00001480       0x82 ./rt-thread/src/kservice.o
                0x00001480                rt_memmove
 .text.rt_strncpy
                0x00001502       0x64 ./rt-thread/src/kservice.o
                0x00001502                rt_strncpy
 .text.rt_strncmp
                0x00001566       0x4a ./rt-thread/src/kservice.o
                0x00001566                rt_strncmp
 .text.rt_strcmp
                0x000015b0       0x44 ./rt-thread/src/kservice.o
                0x000015b0                rt_strcmp
 .text.rt_strlen
                0x000015f4       0x2e ./rt-thread/src/kservice.o
                0x000015f4                rt_strlen
 .text.rt_strdup
                0x00001622       0x3a ./rt-thread/src/kservice.o
                0x00001622                rt_strdup
 .text.rt_show_version
                0x0000165c       0x4c ./rt-thread/src/kservice.o
                0x0000165c                rt_show_version
 .text.divide   0x000016a8       0x68 ./rt-thread/src/kservice.o
 .text.skip_atoi
                0x00001710       0x40 ./rt-thread/src/kservice.o
 .text.print_number
                0x00001750      0x1dc ./rt-thread/src/kservice.o
 .text.rt_vsnprintf
                0x0000192c      0x4ac ./rt-thread/src/kservice.o
                0x0000192c                rt_vsnprintf
 .text.rt_snprintf
                0x00001dd8       0x30 ./rt-thread/src/kservice.o
                0x00001dd8                rt_snprintf
 .text.rt_vsprintf
                0x00001e08       0x24 ./rt-thread/src/kservice.o
                0x00001e08                rt_vsprintf
 .text.rt_sprintf
                0x00001e2c       0x2c ./rt-thread/src/kservice.o
                0x00001e2c                rt_sprintf
 .text.rt_console_get_device
                0x00001e58       0x18 ./rt-thread/src/kservice.o
                0x00001e58                rt_console_get_device
 .text.rt_console_set_device
                0x00001e70       0x5c ./rt-thread/src/kservice.o
                0x00001e70                rt_console_set_device
 .text.rt_hw_console_output
                0x00001ecc       0x14 ./rt-thread/src/kservice.o
                0x00001ecc                rt_hw_console_output
 .text.rt_kprintf
                0x00001ee0       0x80 ./rt-thread/src/kservice.o
                0x00001ee0                rt_kprintf
 .text._heap_lock_init
                0x00001f60       0x1c ./rt-thread/src/kservice.o
 .text._heap_lock
                0x00001f7c       0x28 ./rt-thread/src/kservice.o
 .text._heap_unlock
                0x00001fa4       0x40 ./rt-thread/src/kservice.o
 .text._smem_info
                0x00001fe4       0x4c ./rt-thread/src/kservice.o
 .text.rt_system_heap_init
                0x00002030       0x64 ./rt-thread/src/kservice.o
                0x00002030                rt_system_heap_init
 .text.rt_malloc
                0x00002094       0x48 ./rt-thread/src/kservice.o
                0x00002094                rt_malloc
 .text.rt_realloc
                0x000020dc       0x34 ./rt-thread/src/kservice.o
                0x000020dc                rt_realloc
 .text.rt_calloc
                0x00002110       0x3c ./rt-thread/src/kservice.o
                0x00002110                rt_calloc
 .text.rt_free  0x0000214c       0x38 ./rt-thread/src/kservice.o
                0x0000214c                rt_free
 .text.rt_memory_info
                0x00002184       0x2a ./rt-thread/src/kservice.o
                0x00002184                rt_memory_info
 *fill*         0x000021ae        0x2 ff
 .text.rt_assert_handler
                0x000021b0       0x4c ./rt-thread/src/kservice.o
                0x000021b0                rt_assert_handler
 .text.plug_holes
                0x000021fc       0xf8 ./rt-thread/src/mem.o
 .text.rt_smem_init
                0x000022f4      0x104 ./rt-thread/src/mem.o
                0x000022f4                rt_smem_init
 .text.rt_smem_alloc
                0x000023f8      0x268 ./rt-thread/src/mem.o
                0x000023f8                rt_smem_alloc
 .text.rt_smem_realloc
                0x00002660      0x1d4 ./rt-thread/src/mem.o
                0x00002660                rt_smem_realloc
 .text.rt_smem_free
                0x00002834      0x140 ./rt-thread/src/mem.o
                0x00002834                rt_smem_free
 .text.rt_list_insert_after
                0x00002974       0x32 ./rt-thread/src/object.o
 .text.rt_list_remove
                0x000029a6       0x36 ./rt-thread/src/object.o
 .text.rt_object_get_information
                0x000029dc       0x48 ./rt-thread/src/object.o
                0x000029dc                rt_object_get_information
 .text.rt_object_init
                0x00002a24       0xcc ./rt-thread/src/object.o
                0x00002a24                rt_object_init
 .text.rt_object_detach
                0x00002af0       0x5c ./rt-thread/src/object.o
                0x00002af0                rt_object_detach
 .text.rt_object_allocate
                0x00002b4c       0xd8 ./rt-thread/src/object.o
                0x00002b4c                rt_object_allocate
 .text.rt_object_delete
                0x00002c24       0x7c ./rt-thread/src/object.o
                0x00002c24                rt_object_delete
 .text.rt_object_is_systemobject
                0x00002ca0       0x3c ./rt-thread/src/object.o
                0x00002ca0                rt_object_is_systemobject
 .text.rt_object_get_type
                0x00002cdc       0x34 ./rt-thread/src/object.o
                0x00002cdc                rt_object_get_type
 .text.rt_object_find
                0x00002d10       0xb4 ./rt-thread/src/object.o
                0x00002d10                rt_object_find
 .text.rt_list_init
                0x00002dc4       0x22 ./rt-thread/src/scheduler.o
 .text.rt_list_insert_before
                0x00002de6       0x32 ./rt-thread/src/scheduler.o
 .text.rt_list_remove
                0x00002e18       0x36 ./rt-thread/src/scheduler.o
 .text.rt_list_isempty
                0x00002e4e       0x24 ./rt-thread/src/scheduler.o
 *fill*         0x00002e72        0x2 ff
 .text._rt_scheduler_stack_check
                0x00002e74       0x94 ./rt-thread/src/scheduler.o
 .text._scheduler_get_highest_priority_thread
                0x00002f08       0x38 ./rt-thread/src/scheduler.o
 .text.rt_system_scheduler_init
                0x00002f40       0x38 ./rt-thread/src/scheduler.o
                0x00002f40                rt_system_scheduler_init
 .text.rt_system_scheduler_start
                0x00002f78       0x38 ./rt-thread/src/scheduler.o
                0x00002f78                rt_system_scheduler_start
 .text.rt_schedule
                0x00002fb0      0x19c ./rt-thread/src/scheduler.o
                0x00002fb0                rt_schedule
 .text.rt_schedule_insert_thread
                0x0000314c       0xac ./rt-thread/src/scheduler.o
                0x0000314c                rt_schedule_insert_thread
 .text.rt_schedule_remove_thread
                0x000031f8       0x70 ./rt-thread/src/scheduler.o
                0x000031f8                rt_schedule_remove_thread
 .text.rt_enter_critical
                0x00003268       0x2c ./rt-thread/src/scheduler.o
                0x00003268                rt_enter_critical
 .text.rt_exit_critical
                0x00003294       0x54 ./rt-thread/src/scheduler.o
                0x00003294                rt_exit_critical
 .text.rt_critical_level
                0x000032e8       0x1c ./rt-thread/src/scheduler.o
                0x000032e8                rt_critical_level
 .text.rt_list_init
                0x00003304       0x22 ./rt-thread/src/thread.o
 .text.rt_list_remove
                0x00003326       0x36 ./rt-thread/src/thread.o
 .text._thread_exit
                0x0000335c       0x42 ./rt-thread/src/thread.o
 *fill*         0x0000339e        0x2 ff
 .text._thread_timeout
                0x000033a0       0x8c ./rt-thread/src/thread.o
 .text._thread_init
                0x0000342c       0xfc ./rt-thread/src/thread.o
 .text.rt_thread_init
                0x00003528       0x70 ./rt-thread/src/thread.o
                0x00003528                rt_thread_init
 .text.rt_thread_self
                0x00003598       0x18 ./rt-thread/src/thread.o
                0x00003598                rt_thread_self
 .text.rt_thread_startup
                0x000035b0       0x94 ./rt-thread/src/thread.o
                0x000035b0                rt_thread_startup
 .text.rt_thread_detach
                0x00003644       0xb0 ./rt-thread/src/thread.o
                0x00003644                rt_thread_detach
 .text.rt_thread_create
                0x000036f4       0x62 ./rt-thread/src/thread.o
                0x000036f4                rt_thread_create
 *fill*         0x00003756        0x2 ff
 .text.rt_thread_delete
                0x00003758       0xb0 ./rt-thread/src/thread.o
                0x00003758                rt_thread_delete
 .text.rt_thread_sleep
                0x00003808       0x94 ./rt-thread/src/thread.o
                0x00003808                rt_thread_sleep
 .text.rt_thread_delay
                0x0000389c       0x18 ./rt-thread/src/thread.o
                0x0000389c                rt_thread_delay
 .text.rt_thread_mdelay
                0x000038b4       0x20 ./rt-thread/src/thread.o
                0x000038b4                rt_thread_mdelay
 .text.rt_thread_control
                0x000038d4       0xfc ./rt-thread/src/thread.o
                0x000038d4                rt_thread_control
 .text.rt_thread_suspend
                0x000039d0       0xc8 ./rt-thread/src/thread.o
                0x000039d0                rt_thread_suspend
 .text.rt_thread_resume
                0x00003a98       0x98 ./rt-thread/src/thread.o
                0x00003a98                rt_thread_resume
 .text.rt_list_init
                0x00003b30       0x22 ./rt-thread/src/timer.o
 .text.rt_list_insert_after
                0x00003b52       0x32 ./rt-thread/src/timer.o
 .text.rt_list_remove
                0x00003b84       0x36 ./rt-thread/src/timer.o
 .text.rt_list_isempty
                0x00003bba       0x24 ./rt-thread/src/timer.o
 .text._timer_init
                0x00003bde       0x6a ./rt-thread/src/timer.o
 .text._timer_list_next_timeout
                0x00003c48       0x48 ./rt-thread/src/timer.o
 .text._timer_remove
                0x00003c90       0x36 ./rt-thread/src/timer.o
 *fill*         0x00003cc6        0x2 ff
 .text.rt_timer_init
                0x00003cc8       0x7c ./rt-thread/src/timer.o
                0x00003cc8                rt_timer_init
 .text.rt_timer_detach
                0x00003d44       0x90 ./rt-thread/src/timer.o
                0x00003d44                rt_timer_detach
 .text.rt_timer_start
                0x00003dd4      0x224 ./rt-thread/src/timer.o
                0x00003dd4                rt_timer_start
 .text.rt_timer_stop
                0x00003ff8       0x94 ./rt-thread/src/timer.o
                0x00003ff8                rt_timer_stop
 .text.rt_timer_control
                0x0000408c       0xf8 ./rt-thread/src/timer.o
                0x0000408c                rt_timer_control
 .text.rt_timer_check
                0x00004184      0x108 ./rt-thread/src/timer.o
                0x00004184                rt_timer_check
 .text.rt_soft_timer_check
                0x0000428c      0x11c ./rt-thread/src/timer.o
                0x0000428c                rt_soft_timer_check
 .text._timer_thread_entry
                0x000043a8       0x5c ./rt-thread/src/timer.o
 .text.rt_system_timer_init
                0x00004404       0x34 ./rt-thread/src/timer.o
                0x00004404                rt_system_timer_init
 .text.rt_system_timer_thread_init
                0x00004438       0x68 ./rt-thread/src/timer.o
                0x00004438                rt_system_timer_thread_init
 .text          0x000044a0      0x13c ./rt-thread/libcpu/arm/cortex-m4/context_gcc.o
                0x000044a0                rt_hw_interrupt_disable
                0x000044a8                rt_hw_interrupt_enable
                0x000044ae                rt_hw_context_switch_interrupt
                0x000044ae                rt_hw_context_switch
                0x000044ce                PendSV_Handler
                0x0000453a                rt_hw_context_switch_to
                0x00004580                rt_hw_interrupt_thread_switch
                0x00004584                HardFault_Handler
 .text.rt_hw_stack_init
                0x000045dc       0x90 ./rt-thread/libcpu/arm/cortex-m4/cpuport.o
                0x000045dc                rt_hw_stack_init
 .text.usage_fault_track
                0x0000466c       0xc4 ./rt-thread/libcpu/arm/cortex-m4/cpuport.o
 .text.bus_fault_track
                0x00004730       0xcc ./rt-thread/libcpu/arm/cortex-m4/cpuport.o
 .text.mem_manage_fault_track
                0x000047fc       0xb4 ./rt-thread/libcpu/arm/cortex-m4/cpuport.o
 .text.hard_fault_track
                0x000048b0       0x78 ./rt-thread/libcpu/arm/cortex-m4/cpuport.o
 .text.rt_hw_hard_fault_exception
                0x00004928      0x184 ./rt-thread/libcpu/arm/cortex-m4/cpuport.o
                0x00004928                rt_hw_hard_fault_exception
 .text.__rt_ffs
                0x00004aac       0x2a ./rt-thread/libcpu/arm/cortex-m4/cpuport.o
                0x00004aac                __rt_ffs
 .text.libc_system_init
                0x00004ad6       0x26 ./rt-thread/components/libc/posix/io/stdio/libc.o
                0x00004ad6                libc_system_init
 .text.libc_stdio_set_console
                0x00004afc      0x100 ./rt-thread/components/libc/posix/io/stdio/libc.o
                0x00004afc                libc_stdio_set_console
 .text.libc_stdio_get_console
                0x00004bfc       0x28 ./rt-thread/components/libc/posix/io/stdio/libc.o
                0x00004bfc                libc_stdio_get_console
 .text._malloc_r
                0x00004c24       0x28 ./rt-thread/components/libc/compilers/newlib/syscalls.o
                0x00004c24                _malloc_r
 .text._realloc_r
                0x00004c4c       0x2c ./rt-thread/components/libc/compilers/newlib/syscalls.o
                0x00004c4c                _realloc_r
 .text._calloc_r
                0x00004c78       0x2c ./rt-thread/components/libc/compilers/newlib/syscalls.o
                0x00004c78                _calloc_r
 .text._free_r  0x00004ca4       0x18 ./rt-thread/components/libc/compilers/newlib/syscalls.o
                0x00004ca4                _free_r
 .text.__errno  0x00004cbc        0xe ./rt-thread/components/libc/compilers/newlib/syscalls.o
                0x00004cbc                __errno
 .text._close_r
                0x00004cca       0x1a ./rt-thread/components/libc/compilers/newlib/syscalls.o
                0x00004cca                _close_r
 .text._fstat_r
                0x00004ce4       0x22 ./rt-thread/components/libc/compilers/newlib/syscalls.o
                0x00004ce4                _fstat_r
 .text._isatty_r
                0x00004d06       0x28 ./rt-thread/components/libc/compilers/newlib/syscalls.o
                0x00004d06                _isatty_r
 .text._lseek_r
                0x00004d2e       0x24 ./rt-thread/components/libc/compilers/newlib/syscalls.o
                0x00004d2e                _lseek_r
 .text._open_r  0x00004d52       0x24 ./rt-thread/components/libc/compilers/newlib/syscalls.o
                0x00004d52                _open_r
 *fill*         0x00004d76        0x2 ff
 .text._read_r  0x00004d78       0x70 ./rt-thread/components/libc/compilers/newlib/syscalls.o
                0x00004d78                _read_r
 .text._write_r
                0x00004de8       0x62 ./rt-thread/components/libc/compilers/newlib/syscalls.o
                0x00004de8                _write_r
 .text.rt_list_isempty
                0x00004e4a       0x24 ./rt-thread/components/finsh/cmd.o
 .text.rt_list_len
                0x00004e6e       0x36 ./rt-thread/components/finsh/cmd.o
 .text.clear    0x00004ea4       0x14 ./rt-thread/components/finsh/cmd.o
 .text.version  0x00004eb8        0xe ./rt-thread/components/finsh/cmd.o
                0x00004eb8                version
 *fill*         0x00004ec6        0x2 ff
 .text.object_split
                0x00004ec8       0x28 ./rt-thread/components/finsh/cmd.o
 .text.list_find_init
                0x00004ef0       0x46 ./rt-thread/components/finsh/cmd.o
 .text.list_get_next
                0x00004f36       0xc6 ./rt-thread/components/finsh/cmd.o
 .text.list_thread
                0x00004ffc      0x208 ./rt-thread/components/finsh/cmd.o
                0x00004ffc                list_thread
 .text.show_wait_queue
                0x00005204       0x54 ./rt-thread/components/finsh/cmd.o
 .text.list_sem
                0x00005258      0x12c ./rt-thread/components/finsh/cmd.o
                0x00005258                list_sem
 .text.list_event
                0x00005384      0x118 ./rt-thread/components/finsh/cmd.o
                0x00005384                list_event
 .text.list_mutex
                0x0000549c       0xe8 ./rt-thread/components/finsh/cmd.o
                0x0000549c                list_mutex
 .text.list_mailbox
                0x00005584      0x13c ./rt-thread/components/finsh/cmd.o
                0x00005584                list_mailbox
 .text.list_msgqueue
                0x000056c0      0x12c ./rt-thread/components/finsh/cmd.o
                0x000056c0                list_msgqueue
 .text.list_timer
                0x000057ec      0x128 ./rt-thread/components/finsh/cmd.o
                0x000057ec                list_timer
 .text.list_device
                0x00005914       0xf0 ./rt-thread/components/finsh/cmd.o
                0x00005914                list_device
 .text.msh_help
                0x00005a04       0x5c ./rt-thread/components/finsh/msh.o
                0x00005a04                msh_help
 .text.cmd_ps   0x00005a60       0x18 ./rt-thread/components/finsh/msh.o
                0x00005a60                cmd_ps
 .text.cmd_free
                0x00005a78       0x5c ./rt-thread/components/finsh/msh.o
                0x00005a78                cmd_free
 .text.msh_split
                0x00005ad4      0x170 ./rt-thread/components/finsh/msh.o
 .text.msh_get_cmd
                0x00005c44       0x64 ./rt-thread/components/finsh/msh.o
 .text._msh_exec_cmd
                0x00005ca8       0xd4 ./rt-thread/components/finsh/msh.o
 .text.msh_exec
                0x00005d7c       0xa0 ./rt-thread/components/finsh/msh.o
                0x00005d7c                msh_exec
 .text.str_common
                0x00005e1c       0x4a ./rt-thread/components/finsh/msh.o
 *fill*         0x00005e66        0x2 ff
 .text.msh_auto_complete_path
                0x00005e68      0x228 ./rt-thread/components/finsh/msh.o
                0x00005e68                msh_auto_complete_path
 .text.msh_auto_complete
                0x00006090       0xe4 ./rt-thread/components/finsh/msh.o
                0x00006090                msh_auto_complete
 .text.msh_readline
                0x00006174       0xa2 ./rt-thread/components/finsh/msh_file.o
 *fill*         0x00006216        0x2 ff
 .text.msh_exec_script
                0x00006218      0x17c ./rt-thread/components/finsh/msh_file.o
                0x00006218                msh_exec_script
 .text.cmd_ls   0x00006394       0x34 ./rt-thread/components/finsh/msh_file.o
 .text.cmd_cp   0x000063c8       0x44 ./rt-thread/components/finsh/msh_file.o
 .text.cmd_mv   0x0000640c      0x138 ./rt-thread/components/finsh/msh_file.o
 .text.cmd_cat  0x00006544       0x58 ./rt-thread/components/finsh/msh_file.o
 .text.directory_delete_for_msh
                0x0000659c      0x13c ./rt-thread/components/finsh/msh_file.o
 .text.cmd_rm   0x000066d8      0x1c4 ./rt-thread/components/finsh/msh_file.o
 .text.cmd_cd   0x0000689c       0x58 ./rt-thread/components/finsh/msh_file.o
 .text.cmd_pwd  0x000068f4       0x24 ./rt-thread/components/finsh/msh_file.o
 .text.cmd_mkdir
                0x00006918       0x40 ./rt-thread/components/finsh/msh_file.o
 .text.cmd_mkfs
                0x00006958       0x90 ./rt-thread/components/finsh/msh_file.o
 .text.cmd_mount
                0x000069e8       0xe0 ./rt-thread/components/finsh/msh_file.o
 .text.cmd_umount
                0x00006ac8       0x64 ./rt-thread/components/finsh/msh_file.o
 .text.cmd_df   0x00006b2c       0x70 ./rt-thread/components/finsh/msh_file.o
 .text.cmd_echo
                0x00006b9c       0x94 ./rt-thread/components/finsh/msh_file.o
 .text.cmd_tail
                0x00006c30      0x1bc ./rt-thread/components/finsh/msh_file.o
 .text.finsh_get_prompt
                0x00006dec       0x9c ./rt-thread/components/finsh/shell.o
                0x00006dec                finsh_get_prompt
 .text.finsh_set_prompt_mode
                0x00006e88       0x48 ./rt-thread/components/finsh/shell.o
                0x00006e88                finsh_set_prompt_mode
 .text.shell_auto_complete
                0x00006ed0       0x34 ./rt-thread/components/finsh/shell.o
 .text.shell_handle_history
                0x00006f04       0x34 ./rt-thread/components/finsh/shell.o
 .text.shell_push_history
                0x00006f38      0x15e ./rt-thread/components/finsh/shell.o
 *fill*         0x00007096        0x2 ff
 .text.finsh_thread_entry
                0x00007098      0x5b0 ./rt-thread/components/finsh/shell.o
                0x00007098                finsh_thread_entry
 .text.finsh_system_function_init
                0x00007648       0x2c ./rt-thread/components/finsh/shell.o
                0x00007648                finsh_system_function_init
 .text.finsh_system_init
                0x00007674       0x9c ./rt-thread/components/finsh/shell.o
                0x00007674                finsh_system_init
 .text.rt_poll_add
                0x00007710       0x30 ./rt-thread/components/drivers/serial/serial_v2.o
 .text.serial_fops_rx_ind
                0x00007740       0x20 ./rt-thread/components/drivers/serial/serial_v2.o
 .text.serial_fops_open
                0x00007760       0xbc ./rt-thread/components/drivers/serial/serial_v2.o
 .text.serial_fops_close
                0x0000781c       0x26 ./rt-thread/components/drivers/serial/serial_v2.o
 *fill*         0x00007842        0x2 ff
 .text.serial_fops_ioctl
                0x00007844       0x40 ./rt-thread/components/drivers/serial/serial_v2.o
 .text.serial_fops_read
                0x00007884       0x62 ./rt-thread/components/drivers/serial/serial_v2.o
 .text.serial_fops_write
                0x000078e6       0x2a ./rt-thread/components/drivers/serial/serial_v2.o
 .text.serial_fops_poll
                0x00007910       0x88 ./rt-thread/components/drivers/serial/serial_v2.o
 .text.rt_serial_get_linear_buffer
                0x00007998       0x8c ./rt-thread/components/drivers/serial/serial_v2.o
 .text.rt_serial_update_read_index
                0x00007a24       0xcc ./rt-thread/components/drivers/serial/serial_v2.o
 .text.rt_serial_update_write_index
                0x00007af0       0xe8 ./rt-thread/components/drivers/serial/serial_v2.o
 .text._serial_poll_rx
                0x00007bd8       0xa4 ./rt-thread/components/drivers/serial/serial_v2.o
                0x00007bd8                _serial_poll_rx
 .text._serial_poll_tx
                0x00007c7c       0x9c ./rt-thread/components/drivers/serial/serial_v2.o
                0x00007c7c                _serial_poll_tx
 .text._serial_fifo_rx
                0x00007d18       0xf4 ./rt-thread/components/drivers/serial/serial_v2.o
 .text._serial_fifo_tx_blocking_nbuf
                0x00007e0c       0xb0 ./rt-thread/components/drivers/serial/serial_v2.o
 .text._serial_fifo_tx_blocking_buf
                0x00007ebc      0x118 ./rt-thread/components/drivers/serial/serial_v2.o
 .text._serial_fifo_tx_nonblocking
                0x00007fd4       0xd4 ./rt-thread/components/drivers/serial/serial_v2.o
 .text.rt_serial_tx_enable
                0x000080a8      0x1d4 ./rt-thread/components/drivers/serial/serial_v2.o
 .text.rt_serial_rx_enable
                0x0000827c      0x15c ./rt-thread/components/drivers/serial/serial_v2.o
 .text.rt_serial_rx_disable
                0x000083d8       0xb4 ./rt-thread/components/drivers/serial/serial_v2.o
 .text.rt_serial_tx_disable
                0x0000848c       0xc0 ./rt-thread/components/drivers/serial/serial_v2.o
 .text.rt_serial_init
                0x0000854c       0x5c ./rt-thread/components/drivers/serial/serial_v2.o
 .text.rt_serial_open
                0x000085a8       0xf4 ./rt-thread/components/drivers/serial/serial_v2.o
 .text.rt_serial_close
                0x0000869c       0x90 ./rt-thread/components/drivers/serial/serial_v2.o
 .text.rt_serial_control
                0x0000872c       0xb8 ./rt-thread/components/drivers/serial/serial_v2.o
 .text.rt_hw_serial_register
                0x000087e4       0x9c ./rt-thread/components/drivers/serial/serial_v2.o
                0x000087e4                rt_hw_serial_register
 .text.rt_hw_serial_isr
                0x00008880      0x210 ./rt-thread/components/drivers/serial/serial_v2.o
                0x00008880                rt_hw_serial_isr
 .text._pin_read
                0x00008a90       0x60 ./rt-thread/components/drivers/misc/pin.o
 .text._pin_write
                0x00008af0       0x5c ./rt-thread/components/drivers/misc/pin.o
 .text._pin_control
                0x00008b4c       0x58 ./rt-thread/components/drivers/misc/pin.o
 .text.rt_device_pin_register
                0x00008ba4       0x74 ./rt-thread/components/drivers/misc/pin.o
                0x00008ba4                rt_device_pin_register
 .text.rt_pin_attach_irq
                0x00008c18       0x5c ./rt-thread/components/drivers/misc/pin.o
                0x00008c18                rt_pin_attach_irq
 .text.rt_pin_irq_enable
                0x00008c74       0x50 ./rt-thread/components/drivers/misc/pin.o
                0x00008c74                rt_pin_irq_enable
 .text.rt_pin_write
                0x00008cc4       0x40 ./rt-thread/components/drivers/misc/pin.o
                0x00008cc4                rt_pin_write
 .text.rt_pin_get
                0x00008d04       0x60 ./rt-thread/components/drivers/misc/pin.o
                0x00008d04                rt_pin_get
 .text.rt_list_init
                0x00008d64       0x22 ./rt-thread/components/drivers/ipc/completion.o
 .text.rt_list_insert_before
                0x00008d86       0x32 ./rt-thread/components/drivers/ipc/completion.o
 .text.rt_list_isempty
                0x00008db8       0x24 ./rt-thread/components/drivers/ipc/completion.o
 .text.rt_completion_init
                0x00008ddc       0x44 ./rt-thread/components/drivers/ipc/completion.o
                0x00008ddc                rt_completion_init
 .text.rt_completion_wait
                0x00008e20      0x15c ./rt-thread/components/drivers/ipc/completion.o
                0x00008e20                rt_completion_wait
 .text.rt_completion_done
                0x00008f7c       0x70 ./rt-thread/components/drivers/ipc/completion.o
                0x00008f7c                rt_completion_done
 .text.rt_ringbuffer_status
                0x00008fec       0x4e ./rt-thread/components/drivers/ipc/ringbuffer.o
 *fill*         0x0000903a        0x2 ff
 .text.rt_ringbuffer_init
                0x0000903c       0xa0 ./rt-thread/components/drivers/ipc/ringbuffer.o
                0x0000903c                rt_ringbuffer_init
 .text.rt_ringbuffer_put
                0x000090dc      0x16c ./rt-thread/components/drivers/ipc/ringbuffer.o
                0x000090dc                rt_ringbuffer_put
 .text.rt_ringbuffer_get
                0x00009248      0x15c ./rt-thread/components/drivers/ipc/ringbuffer.o
                0x00009248                rt_ringbuffer_get
 .text.rt_ringbuffer_putchar
                0x000093a4       0xbc ./rt-thread/components/drivers/ipc/ringbuffer.o
                0x000093a4                rt_ringbuffer_putchar
 .text.rt_ringbuffer_data_len
                0x00009460       0x66 ./rt-thread/components/drivers/ipc/ringbuffer.o
                0x00009460                rt_ringbuffer_data_len
 .text.rt_list_init
                0x000094c6       0x22 ./rt-thread/components/drivers/ipc/waitqueue.o
 .text.rt_list_insert_before
                0x000094e8       0x32 ./rt-thread/components/drivers/ipc/waitqueue.o
 .text.rt_list_remove
                0x0000951a       0x36 ./rt-thread/components/drivers/ipc/waitqueue.o
 .text.rt_list_isempty
                0x00009550       0x24 ./rt-thread/components/drivers/ipc/waitqueue.o
 .text.rt_wqueue_add
                0x00009574       0x2e ./rt-thread/components/drivers/ipc/waitqueue.o
                0x00009574                rt_wqueue_add
 .text.rt_wqueue_remove
                0x000095a2       0x26 ./rt-thread/components/drivers/ipc/waitqueue.o
                0x000095a2                rt_wqueue_remove
 .text.__wqueue_default_wake
                0x000095c8       0x18 ./rt-thread/components/drivers/ipc/waitqueue.o
                0x000095c8                __wqueue_default_wake
 .text.rt_wqueue_wakeup
                0x000095e0       0x80 ./rt-thread/components/drivers/ipc/waitqueue.o
                0x000095e0                rt_wqueue_wakeup
 .text.rt_wqueue_wait
                0x00009660      0x158 ./rt-thread/components/drivers/ipc/waitqueue.o
                0x00009660                rt_wqueue_wait
 .text.dfs_init
                0x000097b8       0x9c ./rt-thread/components/dfs/src/dfs.o
                0x000097b8                dfs_init
 .text.dfs_lock
                0x00009854       0x48 ./rt-thread/components/dfs/src/dfs.o
                0x00009854                dfs_lock
 .text.dfs_unlock
                0x0000989c       0x14 ./rt-thread/components/dfs/src/dfs.o
                0x0000989c                dfs_unlock
 .text.fd_alloc
                0x000098b0      0x110 ./rt-thread/components/dfs/src/dfs.o
 .text.fd_new   0x000099c0       0x78 ./rt-thread/components/dfs/src/dfs.o
                0x000099c0                fd_new
 .text.fd_get   0x00009a38       0x80 ./rt-thread/components/dfs/src/dfs.o
                0x00009a38                fd_get
 .text.fd_put   0x00009ab8       0x88 ./rt-thread/components/dfs/src/dfs.o
                0x00009ab8                fd_put
 .text.fd_is_open
                0x00009b40       0xe6 ./rt-thread/components/dfs/src/dfs.o
                0x00009b40                fd_is_open
 .text.dfs_subdir
                0x00009c26       0x50 ./rt-thread/components/dfs/src/dfs.o
                0x00009c26                dfs_subdir
 *fill*         0x00009c76        0x2 ff
 .text.dfs_normalize_path
                0x00009c78      0x208 ./rt-thread/components/dfs/src/dfs.o
                0x00009c78                dfs_normalize_path
 .text.dfs_fdtable_get
                0x00009e80       0x1c ./rt-thread/components/dfs/src/dfs.o
                0x00009e80                dfs_fdtable_get
 .text.list_fd  0x00009e9c      0x180 ./rt-thread/components/dfs/src/dfs.o
                0x00009e9c                list_fd
 .text.dfs_file_open
                0x0000a01c      0x148 ./rt-thread/components/dfs/src/dfs_file.o
                0x0000a01c                dfs_file_open
 .text.dfs_file_close
                0x0000a164       0x52 ./rt-thread/components/dfs/src/dfs_file.o
                0x0000a164                dfs_file_close
 .text.dfs_file_read
                0x0000a1b6       0x58 ./rt-thread/components/dfs/src/dfs_file.o
                0x0000a1b6                dfs_file_read
 .text.dfs_file_getdents
                0x0000a20e       0x48 ./rt-thread/components/dfs/src/dfs_file.o
                0x0000a20e                dfs_file_getdents
 *fill*         0x0000a256        0x2 ff
 .text.dfs_file_unlink
                0x0000a258       0xcc ./rt-thread/components/dfs/src/dfs_file.o
                0x0000a258                dfs_file_unlink
 .text.dfs_file_write
                0x0000a324       0x40 ./rt-thread/components/dfs/src/dfs_file.o
                0x0000a324                dfs_file_write
 .text.dfs_file_lseek
                0x0000a364       0x4a ./rt-thread/components/dfs/src/dfs_file.o
                0x0000a364                dfs_file_lseek
 *fill*         0x0000a3ae        0x2 ff
 .text.dfs_file_stat
                0x0000a3b0      0x134 ./rt-thread/components/dfs/src/dfs_file.o
                0x0000a3b0                dfs_file_stat
 .text.dfs_file_rename
                0x0000a4e4       0xda ./rt-thread/components/dfs/src/dfs_file.o
                0x0000a4e4                dfs_file_rename
 *fill*         0x0000a5be        0x2 ff
 .text.ls       0x0000a5c0      0x120 ./rt-thread/components/dfs/src/dfs_file.o
                0x0000a5c0                ls
 .text.cat      0x0000a6e0       0x7c ./rt-thread/components/dfs/src/dfs_file.o
                0x0000a6e0                cat
 .text.copyfile
                0x0000a75c       0xe0 ./rt-thread/components/dfs/src/dfs_file.o
 .text.copydir  0x0000a83c      0x1b8 ./rt-thread/components/dfs/src/dfs_file.o
 .text._get_path_lastname
                0x0000a9f4       0x2c ./rt-thread/components/dfs/src/dfs_file.o
 .text.copy     0x0000aa20      0x15c ./rt-thread/components/dfs/src/dfs_file.o
                0x0000aa20                copy
 .text.dfs_register
                0x0000ab7c       0xc0 ./rt-thread/components/dfs/src/dfs_fs.o
                0x0000ab7c                dfs_register
 .text.dfs_filesystem_lookup
                0x0000ac3c       0xc4 ./rt-thread/components/dfs/src/dfs_fs.o
                0x0000ac3c                dfs_filesystem_lookup
 .text.dfs_mount
                0x0000ad00      0x244 ./rt-thread/components/dfs/src/dfs_fs.o
                0x0000ad00                dfs_mount
 .text.dfs_unmount
                0x0000af44       0xe0 ./rt-thread/components/dfs/src/dfs_fs.o
                0x0000af44                dfs_unmount
 .text.dfs_mkfs
                0x0000b024      0x104 ./rt-thread/components/dfs/src/dfs_fs.o
                0x0000b024                dfs_mkfs
 .text.dfs_statfs
                0x0000b128       0x3e ./rt-thread/components/dfs/src/dfs_fs.o
                0x0000b128                dfs_statfs
 *fill*         0x0000b166        0x2 ff
 .text.df       0x0000b168      0x1d0 ./rt-thread/components/dfs/src/dfs_fs.o
                0x0000b168                df
 .text.open     0x0000b338       0x6c ./rt-thread/components/dfs/src/dfs_posix.o
                0x0000b338                open
 .text.close    0x0000b3a4       0x54 ./rt-thread/components/dfs/src/dfs_posix.o
                0x0000b3a4                close
 .text.read     0x0000b3f8       0x5c ./rt-thread/components/dfs/src/dfs_posix.o
                0x0000b3f8                read
 .text.write    0x0000b454       0x5c ./rt-thread/components/dfs/src/dfs_posix.o
                0x0000b454                write
 .text.lseek    0x0000b4b0       0xba ./rt-thread/components/dfs/src/dfs_posix.o
                0x0000b4b0                lseek
 .text.rename   0x0000b56a       0x30 ./rt-thread/components/dfs/src/dfs_posix.o
                0x0000b56a                rename
 .text.unlink   0x0000b59a       0x2c ./rt-thread/components/dfs/src/dfs_posix.o
                0x0000b59a                unlink
 .text.stat     0x0000b5c6       0x30 ./rt-thread/components/dfs/src/dfs_posix.o
                0x0000b5c6                stat
 *fill*         0x0000b5f6        0x2 ff
 .text.mkdir    0x0000b5f8       0x78 ./rt-thread/components/dfs/src/dfs_posix.o
                0x0000b5f8                mkdir
 .text.opendir  0x0000b670       0x98 ./rt-thread/components/dfs/src/dfs_posix.o
                0x0000b670                opendir
 .text.readdir  0x0000b708       0xbc ./rt-thread/components/dfs/src/dfs_posix.o
                0x0000b708                readdir
 .text.rewinddir
                0x0000b7c4       0x52 ./rt-thread/components/dfs/src/dfs_posix.o
                0x0000b7c4                rewinddir
 .text.closedir
                0x0000b816       0x5e ./rt-thread/components/dfs/src/dfs_posix.o
                0x0000b816                closedir
 .text.chdir    0x0000b874       0xac ./rt-thread/components/dfs/src/dfs_posix.o
                0x0000b874                chdir
 .text.getcwd   0x0000b920       0x2c ./rt-thread/components/dfs/src/dfs_posix.o
                0x0000b920                getcwd
 .text.dfs_device_fs_mount
                0x0000b94c       0x1a ./rt-thread/components/dfs/filesystems/devfs/devfs.o
                0x0000b94c                dfs_device_fs_mount
 *fill*         0x0000b966        0x2 ff
 .text.dfs_device_fs_ioctl
                0x0000b968       0x60 ./rt-thread/components/dfs/filesystems/devfs/devfs.o
                0x0000b968                dfs_device_fs_ioctl
 .text.dfs_device_fs_read
                0x0000b9c8       0x68 ./rt-thread/components/dfs/filesystems/devfs/devfs.o
                0x0000b9c8                dfs_device_fs_read
 .text.dfs_device_fs_write
                0x0000ba30       0x68 ./rt-thread/components/dfs/filesystems/devfs/devfs.o
                0x0000ba30                dfs_device_fs_write
 .text.dfs_device_fs_close
                0x0000ba98       0x8c ./rt-thread/components/dfs/filesystems/devfs/devfs.o
                0x0000ba98                dfs_device_fs_close
 .text.dfs_device_fs_open
                0x0000bb24      0x198 ./rt-thread/components/dfs/filesystems/devfs/devfs.o
                0x0000bb24                dfs_device_fs_open
 .text.dfs_device_fs_stat
                0x0000bcbc       0xf2 ./rt-thread/components/dfs/filesystems/devfs/devfs.o
                0x0000bcbc                dfs_device_fs_stat
 *fill*         0x0000bdae        0x2 ff
 .text.dfs_device_fs_getdents
                0x0000bdb0       0xdc ./rt-thread/components/dfs/filesystems/devfs/devfs.o
                0x0000bdb0                dfs_device_fs_getdents
 .text.dfs_device_fs_poll
                0x0000be8c       0x1c ./rt-thread/components/dfs/filesystems/devfs/devfs.o
 .text.devfs_init
                0x0000bea8       0x14 ./rt-thread/components/dfs/filesystems/devfs/devfs.o
                0x0000bea8                devfs_init
 .text.main     0x0000bebc        0xe ./ra_gen/main.o
                0x0000bebc                main
 .text.R_FSP_CurrentIrqGet
                0x0000beca       0x2c ./ra/fsp/src/r_sci_uart/r_sci_uart.o
 *fill*         0x0000bef6        0x2 ff
 .text.R_FSP_IsrContextSet
                0x0000bef8       0x28 ./ra/fsp/src/r_sci_uart/r_sci_uart.o
 .text.R_BSP_IrqStatusClear
                0x0000bf20       0x30 ./ra/fsp/src/r_sci_uart/r_sci_uart.o
 .text.R_BSP_IrqClearPending
                0x0000bf50       0x40 ./ra/fsp/src/r_sci_uart/r_sci_uart.o
 .text.R_BSP_IrqCfg
                0x0000bf90       0x3c ./ra/fsp/src/r_sci_uart/r_sci_uart.o
 .text.R_BSP_IrqEnableNoClear
                0x0000bfcc       0x38 ./ra/fsp/src/r_sci_uart/r_sci_uart.o
 .text.R_BSP_IrqEnable
                0x0000c004       0x26 ./ra/fsp/src/r_sci_uart/r_sci_uart.o
 *fill*         0x0000c02a        0x2 ff
 .text.R_BSP_IrqDisable
                0x0000c02c       0x48 ./ra/fsp/src/r_sci_uart/r_sci_uart.o
 .text.R_FSP_IsrContextGet
                0x0000c074       0x24 ./ra/fsp/src/r_sci_uart/r_sci_uart.o
 .text.R_SCI_UART_Open
                0x0000c098      0x1ac ./ra/fsp/src/r_sci_uart/r_sci_uart.o
                0x0000c098                R_SCI_UART_Open
 .text.r_sci_uart_config_set
                0x0000c244      0x120 ./ra/fsp/src/r_sci_uart/r_sci_uart.o
 .text.r_sci_irq_cfg
                0x0000c364       0x3a ./ra/fsp/src/r_sci_uart/r_sci_uart.o
 .text.r_sci_irqs_cfg
                0x0000c39e       0x5a ./ra/fsp/src/r_sci_uart/r_sci_uart.o
 .text.r_sci_uart_baud_set
                0x0000c3f8       0x58 ./ra/fsp/src/r_sci_uart/r_sci_uart.o
 .text.r_sci_uart_call_callback
                0x0000c450       0x76 ./ra/fsp/src/r_sci_uart/r_sci_uart.o
 .text.sci_uart_txi_isr
                0x0000c4c6       0xd0 ./ra/fsp/src/r_sci_uart/r_sci_uart.o
                0x0000c4c6                sci_uart_txi_isr
 .text.sci_uart_rxi_isr
                0x0000c596       0xbc ./ra/fsp/src/r_sci_uart/r_sci_uart.o
                0x0000c596                sci_uart_rxi_isr
 .text.sci_uart_tei_isr
                0x0000c652       0x4a ./ra/fsp/src/r_sci_uart/r_sci_uart.o
                0x0000c652                sci_uart_tei_isr
 .text.sci_uart_eri_isr
                0x0000c69c       0xa8 ./ra/fsp/src/r_sci_uart/r_sci_uart.o
                0x0000c69c                sci_uart_eri_isr
 .text.R_BSP_PinRead
                0x0000c744       0x38 ./ra/fsp/src/r_ioport/r_ioport.o
 .text.R_BSP_PinAccessEnable
                0x0000c77c       0x60 ./ra/fsp/src/r_ioport/r_ioport.o
 .text.R_BSP_PinAccessDisable
                0x0000c7dc       0x68 ./ra/fsp/src/r_ioport/r_ioport.o
 .text.R_IOPORT_Open
                0x0000c844       0x28 ./ra/fsp/src/r_ioport/r_ioport.o
                0x0000c844                R_IOPORT_Open
 .text.R_IOPORT_Close
                0x0000c86c       0x20 ./ra/fsp/src/r_ioport/r_ioport.o
                0x0000c86c                R_IOPORT_Close
 .text.R_IOPORT_PinsCfg
                0x0000c88c       0x1a ./ra/fsp/src/r_ioport/r_ioport.o
                0x0000c88c                R_IOPORT_PinsCfg
 .text.R_IOPORT_PinCfg
                0x0000c8a6       0x46 ./ra/fsp/src/r_ioport/r_ioport.o
                0x0000c8a6                R_IOPORT_PinCfg
 .text.R_IOPORT_PinRead
                0x0000c8ec       0x28 ./ra/fsp/src/r_ioport/r_ioport.o
                0x0000c8ec                R_IOPORT_PinRead
 .text.R_IOPORT_PortRead
                0x0000c914       0x3a ./ra/fsp/src/r_ioport/r_ioport.o
                0x0000c914                R_IOPORT_PortRead
 .text.R_IOPORT_PortWrite
                0x0000c94e       0x62 ./ra/fsp/src/r_ioport/r_ioport.o
                0x0000c94e                R_IOPORT_PortWrite
 .text.R_IOPORT_PinWrite
                0x0000c9b0       0x6e ./ra/fsp/src/r_ioport/r_ioport.o
                0x0000c9b0                R_IOPORT_PinWrite
 .text.R_IOPORT_PortDirectionSet
                0x0000ca1e       0x72 ./ra/fsp/src/r_ioport/r_ioport.o
                0x0000ca1e                R_IOPORT_PortDirectionSet
 .text.R_IOPORT_PortEventInputRead
                0x0000ca90       0x3e ./ra/fsp/src/r_ioport/r_ioport.o
                0x0000ca90                R_IOPORT_PortEventInputRead
 .text.R_IOPORT_PinEventInputRead
                0x0000cace       0x62 ./ra/fsp/src/r_ioport/r_ioport.o
                0x0000cace                R_IOPORT_PinEventInputRead
 .text.R_IOPORT_PortEventOutputWrite
                0x0000cb30       0x62 ./ra/fsp/src/r_ioport/r_ioport.o
                0x0000cb30                R_IOPORT_PortEventOutputWrite
 .text.R_IOPORT_PinEventOutputWrite
                0x0000cb92       0x5e ./ra/fsp/src/r_ioport/r_ioport.o
                0x0000cb92                R_IOPORT_PinEventOutputWrite
 .text.R_IOPORT_EthernetModeCfg
                0x0000cbf0       0x28 ./ra/fsp/src/r_ioport/r_ioport.o
                0x0000cbf0                R_IOPORT_EthernetModeCfg
 .text.r_ioport_pins_config
                0x0000cc18       0x56 ./ra/fsp/src/r_ioport/r_ioport.o
 .text.r_ioport_hw_pin_event_output_data_write
                0x0000cc6e       0x88 ./ra/fsp/src/r_ioport/r_ioport.o
 *fill*         0x0000ccf6        0x2 ff
 .text.r_ioport_pfs_write
                0x0000ccf8       0x78 ./ra/fsp/src/r_ioport/r_ioport.o
 .text.bsp_vbatt_init
                0x0000cd70       0xd8 ./ra/fsp/src/r_ioport/r_ioport.o
 .text.R_FSP_CurrentIrqGet
                0x0000ce48       0x2c ./ra/fsp/src/r_icu/r_icu.o
 .text.R_FSP_IsrContextSet
                0x0000ce74       0x28 ./ra/fsp/src/r_icu/r_icu.o
 .text.R_BSP_IrqStatusClear
                0x0000ce9c       0x30 ./ra/fsp/src/r_icu/r_icu.o
 .text.R_BSP_IrqClearPending
                0x0000cecc       0x40 ./ra/fsp/src/r_icu/r_icu.o
 .text.R_BSP_IrqCfg
                0x0000cf0c       0x3c ./ra/fsp/src/r_icu/r_icu.o
 .text.R_BSP_IrqEnableNoClear
                0x0000cf48       0x38 ./ra/fsp/src/r_icu/r_icu.o
 .text.R_BSP_IrqEnable
                0x0000cf80       0x26 ./ra/fsp/src/r_icu/r_icu.o
 *fill*         0x0000cfa6        0x2 ff
 .text.R_BSP_IrqDisable
                0x0000cfa8       0x48 ./ra/fsp/src/r_icu/r_icu.o
 .text.R_FSP_IsrContextGet
                0x0000cff0       0x24 ./ra/fsp/src/r_icu/r_icu.o
 .text.R_ICU_ExternalIrqOpen
                0x0000d014       0xcc ./ra/fsp/src/r_icu/r_icu.o
                0x0000d014                R_ICU_ExternalIrqOpen
 .text.R_ICU_ExternalIrqEnable
                0x0000d0e0       0x22 ./ra/fsp/src/r_icu/r_icu.o
                0x0000d0e0                R_ICU_ExternalIrqEnable
 .text.R_ICU_ExternalIrqDisable
                0x0000d102       0x22 ./ra/fsp/src/r_icu/r_icu.o
                0x0000d102                R_ICU_ExternalIrqDisable
 .text.R_ICU_ExternalIrqClose
                0x0000d124       0x40 ./ra/fsp/src/r_icu/r_icu.o
                0x0000d124                R_ICU_ExternalIrqClose
 .text.r_icu_isr
                0x0000d164       0x80 ./ra/fsp/src/r_icu/r_icu.o
                0x0000d164                r_icu_isr
 .text.R_BSP_FlashCacheEnable
                0x0000d1e4       0x40 ./ra/fsp/src/bsp/mcu/all/bsp_clocks.o
 .text.SystemCoreClockUpdate
                0x0000d224       0x40 ./ra/fsp/src/bsp/mcu/all/bsp_clocks.o
                0x0000d224                SystemCoreClockUpdate
 .text.bsp_prv_clock_set_hard_reset
                0x0000d264       0x30 ./ra/fsp/src/bsp/mcu/all/bsp_clocks.o
 .text.bsp_clock_freq_var_init
                0x0000d294       0x48 ./ra/fsp/src/bsp/mcu/all/bsp_clocks.o
 .text.bsp_clock_init
                0x0000d2dc       0xa4 ./ra/fsp/src/bsp/mcu/all/bsp_clocks.o
                0x0000d2dc                bsp_clock_init
 .text.bsp_init_internal
                0x0000d380       0x14 ./ra/fsp/src/bsp/mcu/all/bsp_common.o
                0x0000d380                bsp_init_internal
                0x0000d380                bsp_init
 .text.__assert_func
                0x0000d394       0x12 ./ra/fsp/src/bsp/mcu/all/bsp_common.o
                0x0000d394                __assert_func
 *fill*         0x0000d3a6        0x2 ff
 .text.bsp_group_irq_call
                0x0000d3a8       0x30 ./ra/fsp/src/bsp/mcu/all/bsp_group_irq.o
 .text.NMI_Handler
                0x0000d3d8       0x4c ./ra/fsp/src/bsp/mcu/all/bsp_group_irq.o
                0x0000d3d8                NMI_Handler
 .text.bsp_irq_cfg
                0x0000d424      0x104 ./ra/fsp/src/bsp/mcu/all/bsp_irq.o
                0x0000d424                bsp_irq_cfg
 .text.R_BSP_RegisterProtectEnable
                0x0000d528       0xa0 ./ra/fsp/src/bsp/mcu/all/bsp_register_protection.o
                0x0000d528                R_BSP_RegisterProtectEnable
 .text.R_BSP_RegisterProtectDisable
                0x0000d5c8       0x90 ./ra/fsp/src/bsp/mcu/all/bsp_register_protection.o
                0x0000d5c8                R_BSP_RegisterProtectDisable
 .text.Reset_Handler
                0x0000d658        0xe ./ra/fsp/src/bsp/cmsis/Device/RENESAS/Source/startup.o
                0x0000d658                Reset_Handler
 .text.Default_Handler
                0x0000d666       0x10 ./ra/fsp/src/bsp/cmsis/Device/RENESAS/Source/startup.o
                0x0000d666                UsageFault_Handler
                0x0000d666                SecureFault_Handler
                0x0000d666                Default_Handler
                0x0000d666                MemManage_Handler
                0x0000d666                SVC_Handler
                0x0000d666                BusFault_Handler
                0x0000d666                DebugMon_Handler
 *fill*         0x0000d676        0x2 ff
 .text.SystemInit
                0x0000d678       0xf0 ./ra/fsp/src/bsp/cmsis/Device/RENESAS/Source/system.o
                0x0000d678                SystemInit
 .text._rtt_cfg
                0x0000d768       0x18 ./packages/SEGGER_RTT-latest/adapter/drv_rtt.o
 .text._rtt_ctrl
                0x0000d780       0x1a ./packages/SEGGER_RTT-latest/adapter/drv_rtt.o
 .text._rtt_putc
                0x0000d79a       0x20 ./packages/SEGGER_RTT-latest/adapter/drv_rtt.o
 .text._rtt_getc
                0x0000d7ba       0x16 ./packages/SEGGER_RTT-latest/adapter/drv_rtt.o
 .text.segger_rtt_check
                0x0000d7d0       0x20 ./packages/SEGGER_RTT-latest/adapter/drv_rtt.o
 .text.rt_hw_jlink_rtt_init
                0x0000d7f0       0xa4 ./packages/SEGGER_RTT-latest/adapter/drv_rtt.o
                0x0000d7f0                rt_hw_jlink_rtt_init
 .text._DoInit  0x0000d894       0xb0 ./packages/SEGGER_RTT-latest/RTT/SEGGER_RTT.o
 .text._WriteBlocking
                0x0000d944       0xba ./packages/SEGGER_RTT-latest/RTT/SEGGER_RTT.o
 .text._WriteNoCheck
                0x0000d9fe       0x90 ./packages/SEGGER_RTT-latest/RTT/SEGGER_RTT.o
 .text._GetAvailWriteSpace
                0x0000da8e       0x46 ./packages/SEGGER_RTT-latest/RTT/SEGGER_RTT.o
 .text.SEGGER_RTT_ReadNoLock
                0x0000dad4      0x10c ./packages/SEGGER_RTT-latest/RTT/SEGGER_RTT.o
                0x0000dad4                SEGGER_RTT_ReadNoLock
 .text.SEGGER_RTT_Read
                0x0000dbe0       0x36 ./packages/SEGGER_RTT-latest/RTT/SEGGER_RTT.o
                0x0000dbe0                SEGGER_RTT_Read
 *fill*         0x0000dc16        0x2 ff
 .text.SEGGER_RTT_WriteNoLock
                0x0000dc18       0xa0 ./packages/SEGGER_RTT-latest/RTT/SEGGER_RTT.o
                0x0000dc18                SEGGER_RTT_WriteNoLock
 .text.SEGGER_RTT_Write
                0x0000dcb8       0x4c ./packages/SEGGER_RTT-latest/RTT/SEGGER_RTT.o
                0x0000dcb8                SEGGER_RTT_Write
 .text.SEGGER_RTT_PutChar
                0x0000dd04       0xac ./packages/SEGGER_RTT-latest/RTT/SEGGER_RTT.o
                0x0000dd04                SEGGER_RTT_PutChar
 .text.SEGGER_RTT_GetKey
                0x0000ddb0       0x32 ./packages/SEGGER_RTT-latest/RTT/SEGGER_RTT.o
                0x0000ddb0                SEGGER_RTT_GetKey
 *fill*         0x0000dde2        0x2 ff
 .text.SEGGER_RTT_HasKey
                0x0000dde4       0x48 ./packages/SEGGER_RTT-latest/RTT/SEGGER_RTT.o
                0x0000dde4                SEGGER_RTT_HasKey
 .text.SEGGER_RTT_ConfigUpBuffer
                0x0000de2c       0x94 ./packages/SEGGER_RTT-latest/RTT/SEGGER_RTT.o
                0x0000de2c                SEGGER_RTT_ConfigUpBuffer
 .text.SEGGER_RTT_ConfigDownBuffer
                0x0000dec0       0x98 ./packages/SEGGER_RTT-latest/RTT/SEGGER_RTT.o
                0x0000dec0                SEGGER_RTT_ConfigDownBuffer
 .text.SEGGER_RTT_Init
                0x0000df58        0xc ./packages/SEGGER_RTT-latest/RTT/SEGGER_RTT.o
                0x0000df58                SEGGER_RTT_Init
 .text.SEGGER_RTT_SetTerminal
                0x0000df64       0xb8 ./packages/SEGGER_RTT-latest/RTT/SEGGER_RTT.o
                0x0000df64                SEGGER_RTT_SetTerminal
 .text._StoreChar
                0x0000e01c       0x7c ./packages/SEGGER_RTT-latest/RTT/SEGGER_RTT_printf.o
 .text._PrintUnsigned
                0x0000e098      0x158 ./packages/SEGGER_RTT-latest/RTT/SEGGER_RTT_printf.o
 .text._PrintInt
                0x0000e1f0      0x14e ./packages/SEGGER_RTT-latest/RTT/SEGGER_RTT_printf.o
 *fill*         0x0000e33e        0x2 ff
 .text.SEGGER_RTT_vprintf
                0x0000e340      0x3a8 ./packages/SEGGER_RTT-latest/RTT/SEGGER_RTT_printf.o
                0x0000e340                SEGGER_RTT_vprintf
 .text.SEGGER_RTT_printf
                0x0000e6e8       0x30 ./packages/SEGGER_RTT-latest/RTT/SEGGER_RTT_printf.o
                0x0000e6e8                SEGGER_RTT_printf
 .text.__NVIC_SetPriority
                0x0000e718       0x54 ./libraries/HAL_Drivers/drv_common.o
 .text.__NVIC_SystemReset
                0x0000e76c       0x2c ./libraries/HAL_Drivers/drv_common.o
 .text.SysTick_Config
                0x0000e798       0x44 ./libraries/HAL_Drivers/drv_common.o
 .text.reboot   0x0000e7dc       0x10 ./libraries/HAL_Drivers/drv_common.o
 .text.rt_hw_systick_init
                0x0000e7ec       0x2c ./libraries/HAL_Drivers/drv_common.o
                0x0000e7ec                rt_hw_systick_init
 .text.SysTick_Handler
                0x0000e818       0x14 ./libraries/HAL_Drivers/drv_common.o
                0x0000e818                SysTick_Handler
 .text.rt_hw_board_init
                0x0000e82c       0x34 ./libraries/HAL_Drivers/drv_common.o
                0x0000e82c                rt_hw_board_init
 .text.R_BSP_WarmStart
                0x0000e860       0x2c ./libraries/HAL_Drivers/drv_common.o
                0x0000e860                R_BSP_WarmStart
 .text.R_BSP_PinRead
                0x0000e88c       0x38 ./libraries/HAL_Drivers/drv_gpio.o
 .text.R_BSP_PinWrite
                0x0000e8c4       0x68 ./libraries/HAL_Drivers/drv_gpio.o
 .text.R_BSP_PinAccessEnable
                0x0000e92c       0x60 ./libraries/HAL_Drivers/drv_gpio.o
 .text.R_BSP_PinAccessDisable
                0x0000e98c       0x68 ./libraries/HAL_Drivers/drv_gpio.o
 .text.ra_pin_get_irqx
                0x0000e9f4      0x280 ./libraries/HAL_Drivers/drv_gpio.o
 .text.ra_irq_tab_init
                0x0000ec74       0x7c ./libraries/HAL_Drivers/drv_gpio.o
 .text.ra_pin_map_init
                0x0000ecf0       0x28 ./libraries/HAL_Drivers/drv_gpio.o
 .text.ra_pin_mode
                0x0000ed18       0xf8 ./libraries/HAL_Drivers/drv_gpio.o
 .text.ra_pin_write
                0x0000ee10       0x3a ./libraries/HAL_Drivers/drv_gpio.o
 *fill*         0x0000ee4a        0x2 ff
 .text.ra_pin_read
                0x0000ee4c       0x50 ./libraries/HAL_Drivers/drv_gpio.o
 .text.ra_pin_irq_enable
                0x0000ee9c      0x120 ./libraries/HAL_Drivers/drv_gpio.o
 .text.ra_pin_attach_irq
                0x0000efbc      0x12c ./libraries/HAL_Drivers/drv_gpio.o
 .text.ra_pin_dettach_irq
                0x0000f0e8       0xb4 ./libraries/HAL_Drivers/drv_gpio.o
 .text.ra_pin_get
                0x0000f19c       0xce ./libraries/HAL_Drivers/drv_gpio.o
 *fill*         0x0000f26a        0x2 ff
 .text.rt_hw_pin_init
                0x0000f26c       0x24 ./libraries/HAL_Drivers/drv_gpio.o
                0x0000f26c                rt_hw_pin_init
 .text.irq0_callback
                0x0000f290       0x34 ./libraries/HAL_Drivers/drv_gpio.o
                0x0000f290                irq0_callback
 .text.ra_uart_get_config
                0x0000f2c4       0x50 ./libraries/HAL_Drivers/drv_usart_v2.o
 .text.ra_uart_configure
                0x0000f314       0x7c ./libraries/HAL_Drivers/drv_usart_v2.o
 .text.ra_uart_control
                0x0000f390       0x1a ./libraries/HAL_Drivers/drv_usart_v2.o
 *fill*         0x0000f3aa        0x2 ff
 .text.ra_uart_putc
                0x0000f3ac       0x68 ./libraries/HAL_Drivers/drv_usart_v2.o
 .text.ra_uart_getc
                0x0000f414       0x16 ./libraries/HAL_Drivers/drv_usart_v2.o
 *fill*         0x0000f42a        0x2 ff
 .text.user_uart7_callback
                0x0000f42c       0x78 ./libraries/HAL_Drivers/drv_usart_v2.o
                0x0000f42c                user_uart7_callback
 .text.rt_hw_usart_init
                0x0000f4a4       0xb8 ./libraries/HAL_Drivers/drv_usart_v2.o
                0x0000f4a4                rt_hw_usart_init
 .text.atoi     0x0000f55c        0x8 d:/rt-thread/rt-threadstudio/repo/extract/toolchain_support_packages/arm/gnu_tools_for_arm_embedded_processors/10.2.1/bin/../lib/gcc/arm-none-eabi/10.2.1/../../../../arm-none-eabi/lib/thumb/v8-m.main+fp/hard\libc.a(lib_a-atoi.o)
                0x0000f55c                atoi
 .text._fclose_r
                0x0000f564       0xcc d:/rt-thread/rt-threadstudio/repo/extract/toolchain_support_packages/arm/gnu_tools_for_arm_embedded_processors/10.2.1/bin/../lib/gcc/arm-none-eabi/10.2.1/../../../../arm-none-eabi/lib/thumb/v8-m.main+fp/hard\libc.a(lib_a-fclose.o)
                0x0000f564                _fclose_r
 .text.fclose   0x0000f630       0x10 d:/rt-thread/rt-threadstudio/repo/extract/toolchain_support_packages/arm/gnu_tools_for_arm_embedded_processors/10.2.1/bin/../lib/gcc/arm-none-eabi/10.2.1/../../../../arm-none-eabi/lib/thumb/v8-m.main+fp/hard\libc.a(lib_a-fclose.o)
                0x0000f630                fclose
 .text.__sflush_r
                0x0000f640      0x148 d:/rt-thread/rt-threadstudio/repo/extract/toolchain_support_packages/arm/gnu_tools_for_arm_embedded_processors/10.2.1/bin/../lib/gcc/arm-none-eabi/10.2.1/../../../../arm-none-eabi/lib/thumb/v8-m.main+fp/hard\libc.a(lib_a-fflush.o)
                0x0000f640                __sflush_r
 .text._fflush_r
                0x0000f788       0x5c d:/rt-thread/rt-threadstudio/repo/extract/toolchain_support_packages/arm/gnu_tools_for_arm_embedded_processors/10.2.1/bin/../lib/gcc/arm-none-eabi/10.2.1/../../../../arm-none-eabi/lib/thumb/v8-m.main+fp/hard\libc.a(lib_a-fflush.o)
                0x0000f788                _fflush_r
 .text.fflush   0x0000f7e4       0x74 d:/rt-thread/rt-threadstudio/repo/extract/toolchain_support_packages/arm/gnu_tools_for_arm_embedded_processors/10.2.1/bin/../lib/gcc/arm-none-eabi/10.2.1/../../../../arm-none-eabi/lib/thumb/v8-m.main+fp/hard\libc.a(lib_a-fflush.o)
                0x0000f7e4                fflush
 .text.fileno   0x0000f858       0x80 d:/rt-thread/rt-threadstudio/repo/extract/toolchain_support_packages/arm/gnu_tools_for_arm_embedded_processors/10.2.1/bin/../lib/gcc/arm-none-eabi/10.2.1/../../../../arm-none-eabi/lib/thumb/v8-m.main+fp/hard\libc.a(lib_a-fileno.o)
                0x0000f858                fileno
 .text._cleanup_r
                0x0000f8d8        0xc d:/rt-thread/rt-threadstudio/repo/extract/toolchain_support_packages/arm/gnu_tools_for_arm_embedded_processors/10.2.1/bin/../lib/gcc/arm-none-eabi/10.2.1/../../../../arm-none-eabi/lib/thumb/v8-m.main+fp/hard\libc.a(lib_a-findfp.o)
                0x0000f8d8                _cleanup_r
 .text.__sinit  0x0000f8e4      0x110 d:/rt-thread/rt-threadstudio/repo/extract/toolchain_support_packages/arm/gnu_tools_for_arm_embedded_processors/10.2.1/bin/../lib/gcc/arm-none-eabi/10.2.1/../../../../arm-none-eabi/lib/thumb/v8-m.main+fp/hard\libc.a(lib_a-findfp.o)
                0x0000f8e4                __sinit
 .text.__sfp    0x0000f9f4       0xc8 d:/rt-thread/rt-threadstudio/repo/extract/toolchain_support_packages/arm/gnu_tools_for_arm_embedded_processors/10.2.1/bin/../lib/gcc/arm-none-eabi/10.2.1/../../../../arm-none-eabi/lib/thumb/v8-m.main+fp/hard\libc.a(lib_a-findfp.o)
                0x0000f9f4                __sfp
 .text.__sfp_lock_acquire
                0x0000fabc        0xc d:/rt-thread/rt-threadstudio/repo/extract/toolchain_support_packages/arm/gnu_tools_for_arm_embedded_processors/10.2.1/bin/../lib/gcc/arm-none-eabi/10.2.1/../../../../arm-none-eabi/lib/thumb/v8-m.main+fp/hard\libc.a(lib_a-findfp.o)
                0x0000fabc                __sfp_lock_acquire
 .text.__sfp_lock_release
                0x0000fac8        0xc d:/rt-thread/rt-threadstudio/repo/extract/toolchain_support_packages/arm/gnu_tools_for_arm_embedded_processors/10.2.1/bin/../lib/gcc/arm-none-eabi/10.2.1/../../../../arm-none-eabi/lib/thumb/v8-m.main+fp/hard\libc.a(lib_a-findfp.o)
                0x0000fac8                __sfp_lock_release
 .text._fopen_r
                0x0000fad4       0xbc d:/rt-thread/rt-threadstudio/repo/extract/toolchain_support_packages/arm/gnu_tools_for_arm_embedded_processors/10.2.1/bin/../lib/gcc/arm-none-eabi/10.2.1/../../../../arm-none-eabi/lib/thumb/v8-m.main+fp/hard\libc.a(lib_a-fopen.o)
                0x0000fad4                _fopen_r
 .text.fopen    0x0000fb90       0x10 d:/rt-thread/rt-threadstudio/repo/extract/toolchain_support_packages/arm/gnu_tools_for_arm_embedded_processors/10.2.1/bin/../lib/gcc/arm-none-eabi/10.2.1/../../../../arm-none-eabi/lib/thumb/v8-m.main+fp/hard\libc.a(lib_a-fopen.o)
                0x0000fb90                fopen
 .text._fseek_r
                0x0000fba0        0x4 d:/rt-thread/rt-threadstudio/repo/extract/toolchain_support_packages/arm/gnu_tools_for_arm_embedded_processors/10.2.1/bin/../lib/gcc/arm-none-eabi/10.2.1/../../../../arm-none-eabi/lib/thumb/v8-m.main+fp/hard\libc.a(lib_a-fseek.o)
                0x0000fba0                _fseek_r
 .text._fseeko_r
                0x0000fba4      0x2f0 d:/rt-thread/rt-threadstudio/repo/extract/toolchain_support_packages/arm/gnu_tools_for_arm_embedded_processors/10.2.1/bin/../lib/gcc/arm-none-eabi/10.2.1/../../../../arm-none-eabi/lib/thumb/v8-m.main+fp/hard\libc.a(lib_a-fseeko.o)
                0x0000fba4                _fseeko_r
 .text._ftello_r
                0x0000fe94       0xd4 d:/rt-thread/rt-threadstudio/repo/extract/toolchain_support_packages/arm/gnu_tools_for_arm_embedded_processors/10.2.1/bin/../lib/gcc/arm-none-eabi/10.2.1/../../../../arm-none-eabi/lib/thumb/v8-m.main+fp/hard\libc.a(lib_a-ftello.o)
                0x0000fe94                _ftello_r
 .text._fwalk   0x0000ff68       0x40 d:/rt-thread/rt-threadstudio/repo/extract/toolchain_support_packages/arm/gnu_tools_for_arm_embedded_processors/10.2.1/bin/../lib/gcc/arm-none-eabi/10.2.1/../../../../arm-none-eabi/lib/thumb/v8-m.main+fp/hard\libc.a(lib_a-fwalk.o)
                0x0000ff68                _fwalk
 .text._fwalk_reent
                0x0000ffa8       0x44 d:/rt-thread/rt-threadstudio/repo/extract/toolchain_support_packages/arm/gnu_tools_for_arm_embedded_processors/10.2.1/bin/../lib/gcc/arm-none-eabi/10.2.1/../../../../arm-none-eabi/lib/thumb/v8-m.main+fp/hard\libc.a(lib_a-fwalk.o)
                0x0000ffa8                _fwalk_reent
 .text.__retarget_lock_init_recursive
                0x0000ffec        0x4 d:/rt-thread/rt-threadstudio/repo/extract/toolchain_support_packages/arm/gnu_tools_for_arm_embedded_processors/10.2.1/bin/../lib/gcc/arm-none-eabi/10.2.1/../../../../arm-none-eabi/lib/thumb/v8-m.main+fp/hard\libc.a(lib_a-lock.o)
                0x0000ffec                __retarget_lock_init_recursive
 .text.__retarget_lock_close_recursive
                0x0000fff0        0x4 d:/rt-thread/rt-threadstudio/repo/extract/toolchain_support_packages/arm/gnu_tools_for_arm_embedded_processors/10.2.1/bin/../lib/gcc/arm-none-eabi/10.2.1/../../../../arm-none-eabi/lib/thumb/v8-m.main+fp/hard\libc.a(lib_a-lock.o)
                0x0000fff0                __retarget_lock_close_recursive
 .text.__retarget_lock_acquire_recursive
                0x0000fff4        0x4 d:/rt-thread/rt-threadstudio/repo/extract/toolchain_support_packages/arm/gnu_tools_for_arm_embedded_processors/10.2.1/bin/../lib/gcc/arm-none-eabi/10.2.1/../../../../arm-none-eabi/lib/thumb/v8-m.main+fp/hard\libc.a(lib_a-lock.o)
                0x0000fff4                __retarget_lock_acquire_recursive
 .text.__retarget_lock_release_recursive
                0x0000fff8        0x4 d:/rt-thread/rt-threadstudio/repo/extract/toolchain_support_packages/arm/gnu_tools_for_arm_embedded_processors/10.2.1/bin/../lib/gcc/arm-none-eabi/10.2.1/../../../../arm-none-eabi/lib/thumb/v8-m.main+fp/hard\libc.a(lib_a-lock.o)
                0x0000fff8                __retarget_lock_release_recursive
 .text.__smakebuf_r
                0x0000fffc       0xe0 d:/rt-thread/rt-threadstudio/repo/extract/toolchain_support_packages/arm/gnu_tools_for_arm_embedded_processors/10.2.1/bin/../lib/gcc/arm-none-eabi/10.2.1/../../../../arm-none-eabi/lib/thumb/v8-m.main+fp/hard\libc.a(lib_a-makebuf.o)
                0x0000fffc                __smakebuf_r
 .text.__swhatbuf_r
                0x000100dc       0x60 d:/rt-thread/rt-threadstudio/repo/extract/toolchain_support_packages/arm/gnu_tools_for_arm_embedded_processors/10.2.1/bin/../lib/gcc/arm-none-eabi/10.2.1/../../../../arm-none-eabi/lib/thumb/v8-m.main+fp/hard\libc.a(lib_a-makebuf.o)
                0x000100dc                __swhatbuf_r
 .text.memcmp   0x0001013c       0x60 d:/rt-thread/rt-threadstudio/repo/extract/toolchain_support_packages/arm/gnu_tools_for_arm_embedded_processors/10.2.1/bin/../lib/gcc/arm-none-eabi/10.2.1/../../../../arm-none-eabi/lib/thumb/v8-m.main+fp/hard\libc.a(lib_a-memcmp.o)
                0x0001013c                memcmp
 .text          0x0001019c       0xec d:/rt-thread/rt-threadstudio/repo/extract/toolchain_support_packages/arm/gnu_tools_for_arm_embedded_processors/10.2.1/bin/../lib/gcc/arm-none-eabi/10.2.1/../../../../arm-none-eabi/lib/thumb/v8-m.main+fp/hard\libc.a(lib_a-memcpy.o)
                0x0001019c                memcpy
 .text.memset   0x00010288       0xa4 d:/rt-thread/rt-threadstudio/repo/extract/toolchain_support_packages/arm/gnu_tools_for_arm_embedded_processors/10.2.1/bin/../lib/gcc/arm-none-eabi/10.2.1/../../../../arm-none-eabi/lib/thumb/v8-m.main+fp/hard\libc.a(lib_a-memset.o)
                0x00010288                memset
 .text.lflush   0x0001032c       0x14 d:/rt-thread/rt-threadstudio/repo/extract/toolchain_support_packages/arm/gnu_tools_for_arm_embedded_processors/10.2.1/bin/../lib/gcc/arm-none-eabi/10.2.1/../../../../arm-none-eabi/lib/thumb/v8-m.main+fp/hard\libc.a(lib_a-refill.o)
 .text.__srefill_r
                0x00010340      0x118 d:/rt-thread/rt-threadstudio/repo/extract/toolchain_support_packages/arm/gnu_tools_for_arm_embedded_processors/10.2.1/bin/../lib/gcc/arm-none-eabi/10.2.1/../../../../arm-none-eabi/lib/thumb/v8-m.main+fp/hard\libc.a(lib_a-refill.o)
                0x00010340                __srefill_r
 .text.setvbuf  0x00010458      0x1a0 d:/rt-thread/rt-threadstudio/repo/extract/toolchain_support_packages/arm/gnu_tools_for_arm_embedded_processors/10.2.1/bin/../lib/gcc/arm-none-eabi/10.2.1/../../../../arm-none-eabi/lib/thumb/v8-m.main+fp/hard\libc.a(lib_a-setvbuf.o)
                0x00010458                setvbuf
 .text.snprintf
                0x000105f8       0x88 d:/rt-thread/rt-threadstudio/repo/extract/toolchain_support_packages/arm/gnu_tools_for_arm_embedded_processors/10.2.1/bin/../lib/gcc/arm-none-eabi/10.2.1/../../../../arm-none-eabi/lib/thumb/v8-m.main+fp/hard\libc.a(lib_a-snprintf.o)
                0x000105f8                snprintf
 .text.__sread  0x00010680       0x24 d:/rt-thread/rt-threadstudio/repo/extract/toolchain_support_packages/arm/gnu_tools_for_arm_embedded_processors/10.2.1/bin/../lib/gcc/arm-none-eabi/10.2.1/../../../../arm-none-eabi/lib/thumb/v8-m.main+fp/hard\libc.a(lib_a-stdio.o)
                0x00010680                __sread
 .text.__swrite
                0x000106a4       0x40 d:/rt-thread/rt-threadstudio/repo/extract/toolchain_support_packages/arm/gnu_tools_for_arm_embedded_processors/10.2.1/bin/../lib/gcc/arm-none-eabi/10.2.1/../../../../arm-none-eabi/lib/thumb/v8-m.main+fp/hard\libc.a(lib_a-stdio.o)
                0x000106a4                __swrite
 .text.__sseek  0x000106e4       0x24 d:/rt-thread/rt-threadstudio/repo/extract/toolchain_support_packages/arm/gnu_tools_for_arm_embedded_processors/10.2.1/bin/../lib/gcc/arm-none-eabi/10.2.1/../../../../arm-none-eabi/lib/thumb/v8-m.main+fp/hard\libc.a(lib_a-stdio.o)
                0x000106e4                __sseek
 .text.__sclose
                0x00010708        0x8 d:/rt-thread/rt-threadstudio/repo/extract/toolchain_support_packages/arm/gnu_tools_for_arm_embedded_processors/10.2.1/bin/../lib/gcc/arm-none-eabi/10.2.1/../../../../arm-none-eabi/lib/thumb/v8-m.main+fp/hard\libc.a(lib_a-stdio.o)
                0x00010708                __sclose
 .text          0x00010710      0x1bc d:/rt-thread/rt-threadstudio/repo/extract/toolchain_support_packages/arm/gnu_tools_for_arm_embedded_processors/10.2.1/bin/../lib/gcc/arm-none-eabi/10.2.1/../../../../arm-none-eabi/lib/thumb/v8-m.main+fp/hard\libc.a(lib_a-strcmp.o)
                0x00010710                strcmp
 .text.strcpy   0x000108cc       0xbc d:/rt-thread/rt-threadstudio/repo/extract/toolchain_support_packages/arm/gnu_tools_for_arm_embedded_processors/10.2.1/bin/../lib/gcc/arm-none-eabi/10.2.1/../../../../arm-none-eabi/lib/thumb/v8-m.main+fp/hard\libc.a(lib_a-strcpy.o)
                0x000108cc                strcpy
 .text.strlen   0x00010988       0x5c d:/rt-thread/rt-threadstudio/repo/extract/toolchain_support_packages/arm/gnu_tools_for_arm_embedded_processors/10.2.1/bin/../lib/gcc/arm-none-eabi/10.2.1/../../../../arm-none-eabi/lib/thumb/v8-m.main+fp/hard\libc.a(lib_a-strlen-stub.o)
                0x00010988                strlen
 .text.strncmp  0x000109e4       0x78 d:/rt-thread/rt-threadstudio/repo/extract/toolchain_support_packages/arm/gnu_tools_for_arm_embedded_processors/10.2.1/bin/../lib/gcc/arm-none-eabi/10.2.1/../../../../arm-none-eabi/lib/thumb/v8-m.main+fp/hard\libc.a(lib_a-strncmp.o)
                0x000109e4                strncmp
 .text.strncpy  0x00010a5c       0x64 d:/rt-thread/rt-threadstudio/repo/extract/toolchain_support_packages/arm/gnu_tools_for_arm_embedded_processors/10.2.1/bin/../lib/gcc/arm-none-eabi/10.2.1/../../../../arm-none-eabi/lib/thumb/v8-m.main+fp/hard\libc.a(lib_a-strncpy.o)
                0x00010a5c                strncpy
 .text.strrchr  0x00010ac0       0x24 d:/rt-thread/rt-threadstudio/repo/extract/toolchain_support_packages/arm/gnu_tools_for_arm_embedded_processors/10.2.1/bin/../lib/gcc/arm-none-eabi/10.2.1/../../../../arm-none-eabi/lib/thumb/v8-m.main+fp/hard\libc.a(lib_a-strrchr.o)
                0x00010ac0                strrchr
 .text.two_way_long_needle
                0x00010ae4      0x2c0 d:/rt-thread/rt-threadstudio/repo/extract/toolchain_support_packages/arm/gnu_tools_for_arm_embedded_processors/10.2.1/bin/../lib/gcc/arm-none-eabi/10.2.1/../../../../arm-none-eabi/lib/thumb/v8-m.main+fp/hard\libc.a(lib_a-strstr.o)
 .text.strstr   0x00010da4      0x174 d:/rt-thread/rt-threadstudio/repo/extract/toolchain_support_packages/arm/gnu_tools_for_arm_embedded_processors/10.2.1/bin/../lib/gcc/arm-none-eabi/10.2.1/../../../../arm-none-eabi/lib/thumb/v8-m.main+fp/hard\libc.a(lib_a-strstr.o)
                0x00010da4                strstr
 .text._strtol_l.part.0
                0x00010f18      0x104 d:/rt-thread/rt-threadstudio/repo/extract/toolchain_support_packages/arm/gnu_tools_for_arm_embedded_processors/10.2.1/bin/../lib/gcc/arm-none-eabi/10.2.1/../../../../arm-none-eabi/lib/thumb/v8-m.main+fp/hard\libc.a(lib_a-strtol.o)
 .text.strtol   0x0001101c       0x2c d:/rt-thread/rt-threadstudio/repo/extract/toolchain_support_packages/arm/gnu_tools_for_arm_embedded_processors/10.2.1/bin/../lib/gcc/arm-none-eabi/10.2.1/../../../../arm-none-eabi/lib/thumb/v8-m.main+fp/hard\libc.a(lib_a-strtol.o)
                0x0001101c                strtol
 .text._svfprintf_r
                0x00011048     0x1a8c d:/rt-thread/rt-threadstudio/repo/extract/toolchain_support_packages/arm/gnu_tools_for_arm_embedded_processors/10.2.1/bin/../lib/gcc/arm-none-eabi/10.2.1/../../../../arm-none-eabi/lib/thumb/v8-m.main+fp/hard\libc.a(lib_a-svfprintf.o)
                0x00011048                _svfprintf_r
 .text.startup.register_fini
                0x00012ad4       0x14 d:/rt-thread/rt-threadstudio/repo/extract/toolchain_support_packages/arm/gnu_tools_for_arm_embedded_processors/10.2.1/bin/../lib/gcc/arm-none-eabi/10.2.1/../../../../arm-none-eabi/lib/thumb/v8-m.main+fp/hard\libc.a(lib_a-__call_atexit.o)
 .text.atexit   0x00012ae8        0xc d:/rt-thread/rt-threadstudio/repo/extract/toolchain_support_packages/arm/gnu_tools_for_arm_embedded_processors/10.2.1/bin/../lib/gcc/arm-none-eabi/10.2.1/../../../../arm-none-eabi/lib/thumb/v8-m.main+fp/hard\libc.a(lib_a-atexit.o)
                0x00012ae8                atexit
 .text.quorem   0x00012af4      0x134 d:/rt-thread/rt-threadstudio/repo/extract/toolchain_support_packages/arm/gnu_tools_for_arm_embedded_processors/10.2.1/bin/../lib/gcc/arm-none-eabi/10.2.1/../../../../arm-none-eabi/lib/thumb/v8-m.main+fp/hard\libc.a(lib_a-dtoa.o)
 .text._dtoa_r  0x00012c28      0xf54 d:/rt-thread/rt-threadstudio/repo/extract/toolchain_support_packages/arm/gnu_tools_for_arm_embedded_processors/10.2.1/bin/../lib/gcc/arm-none-eabi/10.2.1/../../../../arm-none-eabi/lib/thumb/v8-m.main+fp/hard\libc.a(lib_a-dtoa.o)
                0x00012c28                _dtoa_r
 .text.__libc_fini_array
                0x00013b7c       0x2c d:/rt-thread/rt-threadstudio/repo/extract/toolchain_support_packages/arm/gnu_tools_for_arm_embedded_processors/10.2.1/bin/../lib/gcc/arm-none-eabi/10.2.1/../../../../arm-none-eabi/lib/thumb/v8-m.main+fp/hard\libc.a(lib_a-fini.o)
                0x00013b7c                __libc_fini_array
 .text.__sflags
                0x00013ba8       0x88 d:/rt-thread/rt-threadstudio/repo/extract/toolchain_support_packages/arm/gnu_tools_for_arm_embedded_processors/10.2.1/bin/../lib/gcc/arm-none-eabi/10.2.1/../../../../arm-none-eabi/lib/thumb/v8-m.main+fp/hard\libc.a(lib_a-flags.o)
                0x00013ba8                __sflags
 .text._localeconv_r
                0x00013c30        0x8 d:/rt-thread/rt-threadstudio/repo/extract/toolchain_support_packages/arm/gnu_tools_for_arm_embedded_processors/10.2.1/bin/../lib/gcc/arm-none-eabi/10.2.1/../../../../arm-none-eabi/lib/thumb/v8-m.main+fp/hard\libc.a(lib_a-localeconv.o)
                0x00013c30                _localeconv_r
 .text.malloc   0x00013c38       0x10 d:/rt-thread/rt-threadstudio/repo/extract/toolchain_support_packages/arm/gnu_tools_for_arm_embedded_processors/10.2.1/bin/../lib/gcc/arm-none-eabi/10.2.1/../../../../arm-none-eabi/lib/thumb/v8-m.main+fp/hard\libc.a(lib_a-malloc.o)
                0x00013c38                malloc
 .text.memchr   0x00013c48       0x80 d:/rt-thread/rt-threadstudio/repo/extract/toolchain_support_packages/arm/gnu_tools_for_arm_embedded_processors/10.2.1/bin/../lib/gcc/arm-none-eabi/10.2.1/../../../../arm-none-eabi/lib/thumb/v8-m.main+fp/hard\libc.a(lib_a-memchr-stub.o)
                0x00013c48                memchr
 .text._Balloc  0x00013cc8       0x4c d:/rt-thread/rt-threadstudio/repo/extract/toolchain_support_packages/arm/gnu_tools_for_arm_embedded_processors/10.2.1/bin/../lib/gcc/arm-none-eabi/10.2.1/../../../../arm-none-eabi/lib/thumb/v8-m.main+fp/hard\libc.a(lib_a-mprec.o)
                0x00013cc8                _Balloc
 .text._Bfree   0x00013d14       0x14 d:/rt-thread/rt-threadstudio/repo/extract/toolchain_support_packages/arm/gnu_tools_for_arm_embedded_processors/10.2.1/bin/../lib/gcc/arm-none-eabi/10.2.1/../../../../arm-none-eabi/lib/thumb/v8-m.main+fp/hard\libc.a(lib_a-mprec.o)
                0x00013d14                _Bfree
 .text.__multadd
                0x00013d28       0xa8 d:/rt-thread/rt-threadstudio/repo/extract/toolchain_support_packages/arm/gnu_tools_for_arm_embedded_processors/10.2.1/bin/../lib/gcc/arm-none-eabi/10.2.1/../../../../arm-none-eabi/lib/thumb/v8-m.main+fp/hard\libc.a(lib_a-mprec.o)
                0x00013d28                __multadd
 .text.__hi0bits
                0x00013dd0       0x44 d:/rt-thread/rt-threadstudio/repo/extract/toolchain_support_packages/arm/gnu_tools_for_arm_embedded_processors/10.2.1/bin/../lib/gcc/arm-none-eabi/10.2.1/../../../../arm-none-eabi/lib/thumb/v8-m.main+fp/hard\libc.a(lib_a-mprec.o)
                0x00013dd0                __hi0bits
 .text.__lo0bits